	github.com/prefeitura-rio/app-go-api/cmd/server		coverage: 0.0% of statements
=== RUN   TestModalidadeCurso
--- PASS: TestModalidadeCurso (0.00s)
=== RUN   TestStatusCurso
--- PASS: TestStatusCurso (0.00s)
=== RUN   TestFormatoAula
--- PASS: TestFormatoAula (0.00s)
=== RUN   TestTipoContratacao
--- PASS: TestTipoContratacao (0.00s)
=== RUN   TestStatusEmprego
--- PASS: TestStatusEmprego (0.00s)
=== RUN   TestJornadaTrabalho
--- PASS: TestJornadaTrabalho (0.00s)
=== RUN   TestTurno
--- PASS: TestTurno (0.00s)
=== RUN   TestStatusInscricao
--- PASS: TestStatusInscricao (0.00s)
PASS
coverage: [no statements]
ok  	github.com/prefeitura-rio/app-go-api/cmd/tests	0.378s	coverage: [no statements]
	github.com/prefeitura-rio/app-go-api/cmd/tools/import_courses		coverage: 0.0% of statements
	github.com/prefeitura-rio/app-go-api/docs		coverage: 0.0% of statements
=== RUN   TestNewServiceAccountTokenManager
--- PASS: TestNewServiceAccountTokenManager (0.00s)
=== RUN   TestGetToken_Success
2026/03/27 14:25:05 [SERVICE_ACCOUNT_TOKEN] Token cached for 54m0s (expires in 1h0m0s, refreshing at 90%)
--- PASS: TestGetToken_Success (0.00s)
=== RUN   TestGetToken_Expiration
2026/03/27 14:25:05 [SERVICE_ACCOUNT_TOKEN] Token cached for 900ms (expires in 1s, refreshing at 90%)
2026/03/27 14:25:06 [SERVICE_ACCOUNT_TOKEN] Token cached for 900ms (expires in 1s, refreshing at 90%)
--- PASS: TestGetToken_Expiration (1.00s)
=== RUN   TestGetToken_ConcurrentAccess
2026/03/27 14:25:06 [SERVICE_ACCOUNT_TOKEN] Token cached for 54m0s (expires in 1h0m0s, refreshing at 90%)
--- PASS: TestGetToken_ConcurrentAccess (0.10s)
=== RUN   TestGetToken_HTTPError
--- PASS: TestGetToken_HTTPError (0.00s)
=== RUN   TestGetToken_InvalidJSON
--- PASS: TestGetToken_InvalidJSON (0.00s)
=== RUN   TestGetToken_ContextCancellation
--- PASS: TestGetToken_ContextCancellation (5.00s)
=== RUN   TestFetchNewToken_TokenCaching
2026/03/27 14:25:11 [SERVICE_ACCOUNT_TOKEN] Token cached for 15m0s (expires in 16m40s, refreshing at 90%)
--- PASS: TestFetchNewToken_TokenCaching (0.00s)
PASS
coverage: 94.6% of statements
ok  	github.com/prefeitura-rio/app-go-api/internal/auth	6.782s	coverage: 94.6% of statements
=== RUN   TestRequireOwnershipOrAnyPermission_OwnerAccess
--- PASS: TestRequireOwnershipOrAnyPermission_OwnerAccess (0.00s)
=== RUN   TestRequireOwnershipOrAnyPermission_NoUserCPF
--- PASS: TestRequireOwnershipOrAnyPermission_NoUserCPF (0.00s)
=== RUN   TestRequireOwnershipOrAnyPermission_NotOwnerNilChecker
--- PASS: TestRequireOwnershipOrAnyPermission_NotOwnerNilChecker (0.00s)
=== RUN   TestRequireOwnershipOrAnyPermission_NotOwnerWithPermission
--- PASS: TestRequireOwnershipOrAnyPermission_NotOwnerWithPermission (0.00s)
=== RUN   TestRequireOwnershipOrAnyPermission_NotOwnerWithoutPermission
--- PASS: TestRequireOwnershipOrAnyPermission_NotOwnerWithoutPermission (0.00s)
=== RUN   TestRequireCNPJOwnershipOrAnyPermission_NoUserCPF
--- PASS: TestRequireCNPJOwnershipOrAnyPermission_NoUserCPF (0.00s)
=== RUN   TestRequireCNPJOwnershipOrAnyPermission_NoAuthToken
--- PASS: TestRequireCNPJOwnershipOrAnyPermission_NoAuthToken (0.00s)
=== RUN   TestRequireCNPJOwnershipOrAnyPermission_IsOwner
--- PASS: TestRequireCNPJOwnershipOrAnyPermission_IsOwner (0.00s)
=== RUN   TestRequireCNPJOwnershipOrAnyPermission_NotOwnerNilChecker
--- PASS: TestRequireCNPJOwnershipOrAnyPermission_NotOwnerNilChecker (0.00s)
=== RUN   TestRequireCNPJOwnershipOrAnyPermission_OwnershipCheckError
--- PASS: TestRequireCNPJOwnershipOrAnyPermission_OwnershipCheckError (0.00s)
=== RUN   TestRequireCNPJOwnershipOrAnyPermission_XAuthRequestToken
--- PASS: TestRequireCNPJOwnershipOrAnyPermission_XAuthRequestToken (0.00s)
=== RUN   TestRequireAnyPermission_NilChecker
--- PASS: TestRequireAnyPermission_NilChecker (0.00s)
=== RUN   TestRequireAnyPermission_NoUserCPF
--- PASS: TestRequireAnyPermission_NoUserCPF (0.00s)
=== RUN   TestRequirePermission_SingleAction
--- PASS: TestRequirePermission_SingleAction (0.00s)
=== RUN   TestRequirePermission_WrapsRequireAnyPermission
--- PASS: TestRequirePermission_WrapsRequireAnyPermission (0.00s)
=== RUN   TestRequireOwnershipOrAnyPermission_EmptyRole
--- PASS: TestRequireOwnershipOrAnyPermission_EmptyRole (0.00s)
=== RUN   TestRequireAnyPermission_EmptyActions
--- PASS: TestRequireAnyPermission_EmptyActions (0.00s)
=== RUN   TestCheckResourcesResponse_IsAllowed
=== RUN   TestCheckResourcesResponse_IsAllowed/action_allowed
=== RUN   TestCheckResourcesResponse_IsAllowed/action_denied
=== RUN   TestCheckResourcesResponse_IsAllowed/action_not_in_response
=== RUN   TestCheckResourcesResponse_IsAllowed/empty_results
=== RUN   TestCheckResourcesResponse_IsAllowed/nil_results
--- PASS: TestCheckResourcesResponse_IsAllowed (0.00s)
    --- PASS: TestCheckResourcesResponse_IsAllowed/action_allowed (0.00s)
    --- PASS: TestCheckResourcesResponse_IsAllowed/action_denied (0.00s)
    --- PASS: TestCheckResourcesResponse_IsAllowed/action_not_in_response (0.00s)
    --- PASS: TestCheckResourcesResponse_IsAllowed/empty_results (0.00s)
    --- PASS: TestCheckResourcesResponse_IsAllowed/nil_results (0.00s)
=== RUN   TestCheckResourcesResponse_IsAnyAllowed
=== RUN   TestCheckResourcesResponse_IsAnyAllowed/one_action_allowed
=== RUN   TestCheckResourcesResponse_IsAnyAllowed/all_actions_denied
=== RUN   TestCheckResourcesResponse_IsAnyAllowed/no_actions_in_response
=== RUN   TestCheckResourcesResponse_IsAnyAllowed/empty_results
=== RUN   TestCheckResourcesResponse_IsAnyAllowed/empty_actions_list
=== RUN   TestCheckResourcesResponse_IsAnyAllowed/multiple_actions_with_one_allowed
--- PASS: TestCheckResourcesResponse_IsAnyAllowed (0.00s)
    --- PASS: TestCheckResourcesResponse_IsAnyAllowed/one_action_allowed (0.00s)
    --- PASS: TestCheckResourcesResponse_IsAnyAllowed/all_actions_denied (0.00s)
    --- PASS: TestCheckResourcesResponse_IsAnyAllowed/no_actions_in_response (0.00s)
    --- PASS: TestCheckResourcesResponse_IsAnyAllowed/empty_results (0.00s)
    --- PASS: TestCheckResourcesResponse_IsAnyAllowed/empty_actions_list (0.00s)
    --- PASS: TestCheckResourcesResponse_IsAnyAllowed/multiple_actions_with_one_allowed (0.00s)
=== RUN   TestCheckResourcesResponse_GetDecision
=== RUN   TestCheckResourcesResponse_GetDecision/get_allow_decision
=== RUN   TestCheckResourcesResponse_GetDecision/get_deny_decision
=== RUN   TestCheckResourcesResponse_GetDecision/action_not_found
=== RUN   TestCheckResourcesResponse_GetDecision/empty_results
--- PASS: TestCheckResourcesResponse_GetDecision (0.00s)
    --- PASS: TestCheckResourcesResponse_GetDecision/get_allow_decision (0.00s)
    --- PASS: TestCheckResourcesResponse_GetDecision/get_deny_decision (0.00s)
    --- PASS: TestCheckResourcesResponse_GetDecision/action_not_found (0.00s)
    --- PASS: TestCheckResourcesResponse_GetDecision/empty_results (0.00s)
=== RUN   TestGenerateRequestID
--- PASS: TestGenerateRequestID (0.00s)
=== RUN   TestResourceInfo_Structure
--- PASS: TestResourceInfo_Structure (0.00s)
=== RUN   TestResource_Structure
--- PASS: TestResource_Structure (0.00s)
=== RUN   TestPrincipal_Structure
--- PASS: TestPrincipal_Structure (0.00s)
=== RUN   TestCheckResourcesRequest_Structure
--- PASS: TestCheckResourcesRequest_Structure (0.00s)
PASS
coverage: 39.1% of statements
ok  	github.com/prefeitura-rio/app-go-api/internal/authorization	0.773s	coverage: 39.1% of statements
=== RUN   TestNewCourseCache
--- PASS: TestNewCourseCache (0.00s)
=== RUN   TestCourseCache_SetAndGetList
=== RUN   TestCourseCache_SetAndGetList/Set_and_Get_valid_data
redis: 2026/03/27 14:25:06 redis.go:478: auto mode fallback: maintnotifications disabled due to handshake error: ERR unknown subcommand 'MAINT_NOTIFICATIONS'. Try CLIENT HELP.
=== RUN   TestCourseCache_SetAndGetList/Get_non-existent_key_returns_nil
=== RUN   TestCourseCache_SetAndGetList/Set_empty_list
=== RUN   TestCourseCache_SetAndGetList/Overwrite_existing_cache
=== RUN   TestCourseCache_SetAndGetList/Cache_key_format
=== RUN   TestCourseCache_SetAndGetList/TTL_is_set_correctly
--- PASS: TestCourseCache_SetAndGetList (0.00s)
    --- PASS: TestCourseCache_SetAndGetList/Set_and_Get_valid_data (0.00s)
    --- PASS: TestCourseCache_SetAndGetList/Get_non-existent_key_returns_nil (0.00s)
    --- PASS: TestCourseCache_SetAndGetList/Set_empty_list (0.00s)
    --- PASS: TestCourseCache_SetAndGetList/Overwrite_existing_cache (0.00s)
    --- PASS: TestCourseCache_SetAndGetList/Cache_key_format (0.00s)
    --- PASS: TestCourseCache_SetAndGetList/TTL_is_set_correctly (0.00s)
=== RUN   TestCourseCache_InvalidateAll
=== RUN   TestCourseCache_InvalidateAll/Invalidate_multiple_caches
redis: 2026/03/27 14:25:06 redis.go:478: auto mode fallback: maintnotifications disabled due to handshake error: ERR unknown subcommand 'MAINT_NOTIFICATIONS'. Try CLIENT HELP.
=== RUN   TestCourseCache_InvalidateAll/Invalidate_with_no_existing_caches
=== RUN   TestCourseCache_InvalidateAll/Invalidate_does_not_affect_other_prefixes
--- PASS: TestCourseCache_InvalidateAll (0.00s)
    --- PASS: TestCourseCache_InvalidateAll/Invalidate_multiple_caches (0.00s)
    --- PASS: TestCourseCache_InvalidateAll/Invalidate_with_no_existing_caches (0.00s)
    --- PASS: TestCourseCache_InvalidateAll/Invalidate_does_not_affect_other_prefixes (0.00s)
=== RUN   TestHashFilter
=== RUN   TestHashFilter/Simple_filter
=== RUN   TestHashFilter/Empty_filter
=== RUN   TestHashFilter/Complex_filter
=== RUN   TestHashFilter/Different_filters_produce_different_hashes
=== RUN   TestHashFilter/Different_pages_produce_different_hashes
=== RUN   TestHashFilter/Different_limits_produce_different_hashes
--- PASS: TestHashFilter (0.00s)
    --- PASS: TestHashFilter/Simple_filter (0.00s)
    --- PASS: TestHashFilter/Empty_filter (0.00s)
    --- PASS: TestHashFilter/Complex_filter (0.00s)
    --- PASS: TestHashFilter/Different_filters_produce_different_hashes (0.00s)
    --- PASS: TestHashFilter/Different_pages_produce_different_hashes (0.00s)
    --- PASS: TestHashFilter/Different_limits_produce_different_hashes (0.00s)
=== RUN   TestCourseCache_ErrorHandling
=== RUN   TestCourseCache_ErrorHandling/Set_with_unmarshalable_data
=== RUN   TestCourseCache_ErrorHandling/Get_with_closed_Redis_connection
--- PASS: TestCourseCache_ErrorHandling (0.00s)
    --- PASS: TestCourseCache_ErrorHandling/Set_with_unmarshalable_data (0.00s)
    --- PASS: TestCourseCache_ErrorHandling/Get_with_closed_Redis_connection (0.00s)
=== RUN   TestCourseCache_ConcurrentAccess
=== RUN   TestCourseCache_ConcurrentAccess/Concurrent_sets_and_gets
redis: 2026/03/27 14:25:06 redis.go:478: auto mode fallback: maintnotifications disabled due to handshake error: ERR unknown subcommand 'MAINT_NOTIFICATIONS'. Try CLIENT HELP.
redis: 2026/03/27 14:25:06 redis.go:478: auto mode fallback: maintnotifications disabled due to handshake error: ERR unknown subcommand 'MAINT_NOTIFICATIONS'. Try CLIENT HELP.
redis: 2026/03/27 14:25:06 redis.go:478: auto mode fallback: maintnotifications disabled due to handshake error: ERR unknown subcommand 'MAINT_NOTIFICATIONS'. Try CLIENT HELP.
redis: 2026/03/27 14:25:06 redis.go:478: auto mode fallback: maintnotifications disabled due to handshake error: ERR unknown subcommand 'MAINT_NOTIFICATIONS'. Try CLIENT HELP.
redis: 2026/03/27 14:25:06 redis.go:478: auto mode fallback: maintnotifications disabled due to handshake error: ERR unknown subcommand 'MAINT_NOTIFICATIONS'. Try CLIENT HELP.
redis: 2026/03/27 14:25:06 redis.go:478: auto mode fallback: maintnotifications disabled due to handshake error: ERR unknown subcommand 'MAINT_NOTIFICATIONS'. Try CLIENT HELP.
--- PASS: TestCourseCache_ConcurrentAccess (0.00s)
    --- PASS: TestCourseCache_ConcurrentAccess/Concurrent_sets_and_gets (0.00s)
=== RUN   TestLegalEntitiesCache_SetAndGet
=== RUN   TestLegalEntitiesCache_SetAndGet/Set_and_Get_valid_data
redis: 2026/03/27 14:25:06 redis.go:478: auto mode fallback: maintnotifications disabled due to handshake error: ERR unknown subcommand 'MAINT_NOTIFICATIONS'. Try CLIENT HELP.
=== RUN   TestLegalEntitiesCache_SetAndGet/Get_non-existent_key_returns_nil
=== RUN   TestLegalEntitiesCache_SetAndGet/Set_empty_array
=== RUN   TestLegalEntitiesCache_SetAndGet/Overwrite_existing_cache
=== RUN   TestLegalEntitiesCache_SetAndGet/Cache_key_format
=== RUN   TestLegalEntitiesCache_SetAndGet/TTL_is_set_correctly
--- PASS: TestLegalEntitiesCache_SetAndGet (0.00s)
    --- PASS: TestLegalEntitiesCache_SetAndGet/Set_and_Get_valid_data (0.00s)
    --- PASS: TestLegalEntitiesCache_SetAndGet/Get_non-existent_key_returns_nil (0.00s)
    --- PASS: TestLegalEntitiesCache_SetAndGet/Set_empty_array (0.00s)
    --- PASS: TestLegalEntitiesCache_SetAndGet/Overwrite_existing_cache (0.00s)
    --- PASS: TestLegalEntitiesCache_SetAndGet/Cache_key_format (0.00s)
    --- PASS: TestLegalEntitiesCache_SetAndGet/TTL_is_set_correctly (0.00s)
=== RUN   TestLegalEntitiesCache_GetAllCNAEs
--- PASS: TestLegalEntitiesCache_GetAllCNAEs (0.00s)
=== RUN   TestLegalEntitiesCache_GetAllCNAEs_NoSecundarias
--- PASS: TestLegalEntitiesCache_GetAllCNAEs_NoSecundarias (0.00s)
=== RUN   TestLegalEntitiesCache_Delete
=== RUN   TestLegalEntitiesCache_Delete/Delete_existing_cache_entry
redis: 2026/03/27 14:25:06 redis.go:478: auto mode fallback: maintnotifications disabled due to handshake error: ERR unknown subcommand 'MAINT_NOTIFICATIONS'. Try CLIENT HELP.
--- PASS: TestLegalEntitiesCache_Delete (0.00s)
    --- PASS: TestLegalEntitiesCache_Delete/Delete_existing_cache_entry (0.00s)
=== RUN   TestLegalEntitiesCache_Exists
=== RUN   TestLegalEntitiesCache_Exists/Check_if_key_exists
redis: 2026/03/27 14:25:06 redis.go:478: auto mode fallback: maintnotifications disabled due to handshake error: ERR unknown subcommand 'MAINT_NOTIFICATIONS'. Try CLIENT HELP.
--- PASS: TestLegalEntitiesCache_Exists (0.00s)
    --- PASS: TestLegalEntitiesCache_Exists/Check_if_key_exists (0.00s)
=== RUN   TestLegalEntitiesCache_ErrorHandling
=== RUN   TestLegalEntitiesCache_ErrorHandling/Get_with_invalid_JSON_in_cache
redis: 2026/03/27 14:25:06 redis.go:478: auto mode fallback: maintnotifications disabled due to handshake error: ERR unknown subcommand 'MAINT_NOTIFICATIONS'. Try CLIENT HELP.
=== RUN   TestLegalEntitiesCache_ErrorHandling/Operations_with_closed_connection
--- PASS: TestLegalEntitiesCache_ErrorHandling (0.00s)
    --- PASS: TestLegalEntitiesCache_ErrorHandling/Get_with_invalid_JSON_in_cache (0.00s)
    --- PASS: TestLegalEntitiesCache_ErrorHandling/Operations_with_closed_connection (0.00s)
=== RUN   TestLegalEntitiesCache_MultipleEntries
=== RUN   TestLegalEntitiesCache_MultipleEntries/Store_and_retrieve_multiple_CPFs
redis: 2026/03/27 14:25:06 redis.go:478: auto mode fallback: maintnotifications disabled due to handshake error: ERR unknown subcommand 'MAINT_NOTIFICATIONS'. Try CLIENT HELP.
--- PASS: TestLegalEntitiesCache_MultipleEntries (0.00s)
    --- PASS: TestLegalEntitiesCache_MultipleEntries/Store_and_retrieve_multiple_CPFs (0.00s)
=== RUN   TestLegalEntitiesCache_ConcurrentAccess
=== RUN   TestLegalEntitiesCache_ConcurrentAccess/Concurrent_sets_and_gets
redis: 2026/03/27 14:25:06 redis.go:478: auto mode fallback: maintnotifications disabled due to handshake error: ERR unknown subcommand 'MAINT_NOTIFICATIONS'. Try CLIENT HELP.
redis: 2026/03/27 14:25:06 redis.go:478: auto mode fallback: maintnotifications disabled due to handshake error: ERR unknown subcommand 'MAINT_NOTIFICATIONS'. Try CLIENT HELP.
redis: 2026/03/27 14:25:06 redis.go:478: auto mode fallback: maintnotifications disabled due to handshake error: ERR unknown subcommand 'MAINT_NOTIFICATIONS'. Try CLIENT HELP.
redis: 2026/03/27 14:25:06 redis.go:478: auto mode fallback: maintnotifications disabled due to handshake error: ERR unknown subcommand 'MAINT_NOTIFICATIONS'. Try CLIENT HELP.
--- PASS: TestLegalEntitiesCache_ConcurrentAccess (0.00s)
    --- PASS: TestLegalEntitiesCache_ConcurrentAccess/Concurrent_sets_and_gets (0.00s)
=== RUN   TestLegalEntitiesCache_NilAndEmptyValues
=== RUN   TestLegalEntitiesCache_NilAndEmptyValues/Set_nil_entities
redis: 2026/03/27 14:25:06 redis.go:478: auto mode fallback: maintnotifications disabled due to handshake error: ERR unknown subcommand 'MAINT_NOTIFICATIONS'. Try CLIENT HELP.
=== RUN   TestLegalEntitiesCache_NilAndEmptyValues/Entity_with_empty_strings
--- PASS: TestLegalEntitiesCache_NilAndEmptyValues (0.00s)
    --- PASS: TestLegalEntitiesCache_NilAndEmptyValues/Set_nil_entities (0.00s)
    --- PASS: TestLegalEntitiesCache_NilAndEmptyValues/Entity_with_empty_strings (0.00s)
=== RUN   TestLegalEntitiesCache_SpecialCPFFormats
=== RUN   TestLegalEntitiesCache_SpecialCPFFormats/Standard_CPF
redis: 2026/03/27 14:25:06 redis.go:478: auto mode fallback: maintnotifications disabled due to handshake error: ERR unknown subcommand 'MAINT_NOTIFICATIONS'. Try CLIENT HELP.
=== RUN   TestLegalEntitiesCache_SpecialCPFFormats/CPF_with_zeros
=== RUN   TestLegalEntitiesCache_SpecialCPFFormats/CPF_with_all_nines
=== RUN   TestLegalEntitiesCache_SpecialCPFFormats/CPF_with_special_pattern
--- PASS: TestLegalEntitiesCache_SpecialCPFFormats (0.00s)
    --- PASS: TestLegalEntitiesCache_SpecialCPFFormats/Standard_CPF (0.00s)
    --- PASS: TestLegalEntitiesCache_SpecialCPFFormats/CPF_with_zeros (0.00s)
    --- PASS: TestLegalEntitiesCache_SpecialCPFFormats/CPF_with_all_nines (0.00s)
    --- PASS: TestLegalEntitiesCache_SpecialCPFFormats/CPF_with_special_pattern (0.00s)
=== RUN   TestLegalEntitiesCache_LargeDataSets
=== RUN   TestLegalEntitiesCache_LargeDataSets/Store_large_number_of_entities_for_single_CPF
redis: 2026/03/27 14:25:06 redis.go:478: auto mode fallback: maintnotifications disabled due to handshake error: ERR unknown subcommand 'MAINT_NOTIFICATIONS'. Try CLIENT HELP.
--- PASS: TestLegalEntitiesCache_LargeDataSets (0.00s)
    --- PASS: TestLegalEntitiesCache_LargeDataSets/Store_large_number_of_entities_for_single_CPF (0.00s)
=== RUN   TestNewReferenceDataCache
=== RUN   TestNewReferenceDataCache/Categories_cache
=== RUN   TestNewReferenceDataCache/Accessibility_cache
=== RUN   TestNewReferenceDataCache/Education_levels_cache
--- PASS: TestNewReferenceDataCache (0.00s)
    --- PASS: TestNewReferenceDataCache/Categories_cache (0.00s)
    --- PASS: TestNewReferenceDataCache/Accessibility_cache (0.00s)
    --- PASS: TestNewReferenceDataCache/Education_levels_cache (0.00s)
=== RUN   TestReferenceDataCache_ListOperations
=== RUN   TestReferenceDataCache_ListOperations/Set_and_Get_list
redis: 2026/03/27 14:25:06 redis.go:478: auto mode fallback: maintnotifications disabled due to handshake error: ERR unknown subcommand 'MAINT_NOTIFICATIONS'. Try CLIENT HELP.
=== RUN   TestReferenceDataCache_ListOperations/Get_non-existent_list_returns_nil
=== RUN   TestReferenceDataCache_ListOperations/Set_empty_list
=== RUN   TestReferenceDataCache_ListOperations/List_key_format
=== RUN   TestReferenceDataCache_ListOperations/List_TTL_is_set_correctly
--- PASS: TestReferenceDataCache_ListOperations (0.00s)
    --- PASS: TestReferenceDataCache_ListOperations/Set_and_Get_list (0.00s)
    --- PASS: TestReferenceDataCache_ListOperations/Get_non-existent_list_returns_nil (0.00s)
    --- PASS: TestReferenceDataCache_ListOperations/Set_empty_list (0.00s)
    --- PASS: TestReferenceDataCache_ListOperations/List_key_format (0.00s)
    --- PASS: TestReferenceDataCache_ListOperations/List_TTL_is_set_correctly (0.00s)
=== RUN   TestReferenceDataCache_ItemOperations
=== RUN   TestReferenceDataCache_ItemOperations/Set_and_Get_item_by_ID
redis: 2026/03/27 14:25:06 redis.go:478: auto mode fallback: maintnotifications disabled due to handshake error: ERR unknown subcommand 'MAINT_NOTIFICATIONS'. Try CLIENT HELP.
=== RUN   TestReferenceDataCache_ItemOperations/Get_non-existent_item_returns_nil
=== RUN   TestReferenceDataCache_ItemOperations/Item_key_format
=== RUN   TestReferenceDataCache_ItemOperations/Multiple_items_with_different_IDs
--- PASS: TestReferenceDataCache_ItemOperations (0.00s)
    --- PASS: TestReferenceDataCache_ItemOperations/Set_and_Get_item_by_ID (0.00s)
    --- PASS: TestReferenceDataCache_ItemOperations/Get_non-existent_item_returns_nil (0.00s)
    --- PASS: TestReferenceDataCache_ItemOperations/Item_key_format (0.00s)
    --- PASS: TestReferenceDataCache_ItemOperations/Multiple_items_with_different_IDs (0.00s)
=== RUN   TestReferenceDataCache_Invalidate
=== RUN   TestReferenceDataCache_Invalidate/Invalidate_all_clears_list_and_items
redis: 2026/03/27 14:25:06 redis.go:478: auto mode fallback: maintnotifications disabled due to handshake error: ERR unknown subcommand 'MAINT_NOTIFICATIONS'. Try CLIENT HELP.
=== RUN   TestReferenceDataCache_Invalidate/Invalidate_with_no_existing_data
=== RUN   TestReferenceDataCache_Invalidate/Invalidate_does_not_affect_other_prefixes
--- PASS: TestReferenceDataCache_Invalidate (0.00s)
    --- PASS: TestReferenceDataCache_Invalidate/Invalidate_all_clears_list_and_items (0.00s)
    --- PASS: TestReferenceDataCache_Invalidate/Invalidate_with_no_existing_data (0.00s)
    --- PASS: TestReferenceDataCache_Invalidate/Invalidate_does_not_affect_other_prefixes (0.00s)
=== RUN   TestReferenceDataCache_InvalidateByID
=== RUN   TestReferenceDataCache_InvalidateByID/Invalidate_specific_item_and_list
redis: 2026/03/27 14:25:06 redis.go:478: auto mode fallback: maintnotifications disabled due to handshake error: ERR unknown subcommand 'MAINT_NOTIFICATIONS'. Try CLIENT HELP.
=== RUN   TestReferenceDataCache_InvalidateByID/Invalidate_non-existent_item
--- PASS: TestReferenceDataCache_InvalidateByID (0.00s)
    --- PASS: TestReferenceDataCache_InvalidateByID/Invalidate_specific_item_and_list (0.00s)
    --- PASS: TestReferenceDataCache_InvalidateByID/Invalidate_non-existent_item (0.00s)
=== RUN   TestReferenceDataCache_ErrorHandling
=== RUN   TestReferenceDataCache_ErrorHandling/SetList_with_unmarshalable_data
=== RUN   TestReferenceDataCache_ErrorHandling/SetByID_with_unmarshalable_data
=== RUN   TestReferenceDataCache_ErrorHandling/Operations_with_closed_Redis_connection
--- PASS: TestReferenceDataCache_ErrorHandling (0.00s)
    --- PASS: TestReferenceDataCache_ErrorHandling/SetList_with_unmarshalable_data (0.00s)
    --- PASS: TestReferenceDataCache_ErrorHandling/SetByID_with_unmarshalable_data (0.00s)
    --- PASS: TestReferenceDataCache_ErrorHandling/Operations_with_closed_Redis_connection (0.00s)
=== RUN   TestReferenceDataCache_DifferentPrefixes
=== RUN   TestReferenceDataCache_DifferentPrefixes/Prefix:_categorias
redis: 2026/03/27 14:25:06 redis.go:478: auto mode fallback: maintnotifications disabled due to handshake error: ERR unknown subcommand 'MAINT_NOTIFICATIONS'. Try CLIENT HELP.
=== RUN   TestReferenceDataCache_DifferentPrefixes/Prefix:_acessibilidades
=== RUN   TestReferenceDataCache_DifferentPrefixes/Prefix:_escolaridades
--- PASS: TestReferenceDataCache_DifferentPrefixes (0.00s)
    --- PASS: TestReferenceDataCache_DifferentPrefixes/Prefix:_categorias (0.00s)
    --- PASS: TestReferenceDataCache_DifferentPrefixes/Prefix:_acessibilidades (0.00s)
    --- PASS: TestReferenceDataCache_DifferentPrefixes/Prefix:_escolaridades (0.00s)
=== RUN   TestReferenceDataCache_ConcurrentAccess
=== RUN   TestReferenceDataCache_ConcurrentAccess/Concurrent_list_operations
redis: 2026/03/27 14:25:06 redis.go:478: auto mode fallback: maintnotifications disabled due to handshake error: ERR unknown subcommand 'MAINT_NOTIFICATIONS'. Try CLIENT HELP.
redis: 2026/03/27 14:25:06 redis.go:478: auto mode fallback: maintnotifications disabled due to handshake error: ERR unknown subcommand 'MAINT_NOTIFICATIONS'. Try CLIENT HELP.
redis: 2026/03/27 14:25:06 redis.go:478: auto mode fallback: maintnotifications disabled due to handshake error: ERR unknown subcommand 'MAINT_NOTIFICATIONS'. Try CLIENT HELP.
redis: 2026/03/27 14:25:06 redis.go:478: auto mode fallback: maintnotifications disabled due to handshake error: ERR unknown subcommand 'MAINT_NOTIFICATIONS'. Try CLIENT HELP.
redis: 2026/03/27 14:25:06 redis.go:478: auto mode fallback: maintnotifications disabled due to handshake error: ERR unknown subcommand 'MAINT_NOTIFICATIONS'. Try CLIENT HELP.
redis: 2026/03/27 14:25:06 redis.go:478: auto mode fallback: maintnotifications disabled due to handshake error: ERR unknown subcommand 'MAINT_NOTIFICATIONS'. Try CLIENT HELP.
redis: 2026/03/27 14:25:06 redis.go:478: auto mode fallback: maintnotifications disabled due to handshake error: ERR unknown subcommand 'MAINT_NOTIFICATIONS'. Try CLIENT HELP.
redis: 2026/03/27 14:25:06 redis.go:478: auto mode fallback: maintnotifications disabled due to handshake error: ERR unknown subcommand 'MAINT_NOTIFICATIONS'. Try CLIENT HELP.
redis: 2026/03/27 14:25:06 redis.go:478: auto mode fallback: maintnotifications disabled due to handshake error: ERR unknown subcommand 'MAINT_NOTIFICATIONS'. Try CLIENT HELP.
redis: 2026/03/27 14:25:06 redis.go:478: auto mode fallback: maintnotifications disabled due to handshake error: ERR unknown subcommand 'MAINT_NOTIFICATIONS'. Try CLIENT HELP.
=== RUN   TestReferenceDataCache_ConcurrentAccess/Concurrent_item_operations
--- PASS: TestReferenceDataCache_ConcurrentAccess (0.00s)
    --- PASS: TestReferenceDataCache_ConcurrentAccess/Concurrent_list_operations (0.00s)
    --- PASS: TestReferenceDataCache_ConcurrentAccess/Concurrent_item_operations (0.00s)
=== RUN   TestReferenceDataCache_EdgeCases
=== RUN   TestReferenceDataCache_EdgeCases/Zero_ID
redis: 2026/03/27 14:25:06 redis.go:478: auto mode fallback: maintnotifications disabled due to handshake error: ERR unknown subcommand 'MAINT_NOTIFICATIONS'. Try CLIENT HELP.
=== RUN   TestReferenceDataCache_EdgeCases/Negative_ID
=== RUN   TestReferenceDataCache_EdgeCases/Very_large_ID
=== RUN   TestReferenceDataCache_EdgeCases/Empty_prefix
=== RUN   TestReferenceDataCache_EdgeCases/Prefix_with_special_characters
=== RUN   TestReferenceDataCache_EdgeCases/Zero_TTL
--- PASS: TestReferenceDataCache_EdgeCases (0.00s)
    --- PASS: TestReferenceDataCache_EdgeCases/Zero_ID (0.00s)
    --- PASS: TestReferenceDataCache_EdgeCases/Negative_ID (0.00s)
    --- PASS: TestReferenceDataCache_EdgeCases/Very_large_ID (0.00s)
    --- PASS: TestReferenceDataCache_EdgeCases/Empty_prefix (0.00s)
    --- PASS: TestReferenceDataCache_EdgeCases/Prefix_with_special_characters (0.00s)
    --- PASS: TestReferenceDataCache_EdgeCases/Zero_TTL (0.00s)
PASS
coverage: 92.9% of statements
ok  	github.com/prefeitura-rio/app-go-api/internal/cache	1.116s	coverage: 92.9% of statements
=== RUN   TestNormalizeCNPJ
=== RUN   TestNormalizeCNPJ/Valid_CNPJ_without_formatting
=== RUN   TestNormalizeCNPJ/Valid_CNPJ_with_standard_formatting
=== RUN   TestNormalizeCNPJ/Valid_CNPJ_with_partial_formatting
=== RUN   TestNormalizeCNPJ/CNPJ_with_spaces
=== RUN   TestNormalizeCNPJ/Invalid_CNPJ_-_too_short
=== RUN   TestNormalizeCNPJ/Invalid_CNPJ_-_too_long
=== RUN   TestNormalizeCNPJ/Invalid_CNPJ_-_empty_string
=== RUN   TestNormalizeCNPJ/Invalid_CNPJ_-_only_letters
=== RUN   TestNormalizeCNPJ/Invalid_CNPJ_-_mixed_letters_and_numbers
--- PASS: TestNormalizeCNPJ (0.00s)
    --- PASS: TestNormalizeCNPJ/Valid_CNPJ_without_formatting (0.00s)
    --- PASS: TestNormalizeCNPJ/Valid_CNPJ_with_standard_formatting (0.00s)
    --- PASS: TestNormalizeCNPJ/Valid_CNPJ_with_partial_formatting (0.00s)
    --- PASS: TestNormalizeCNPJ/CNPJ_with_spaces (0.00s)
    --- PASS: TestNormalizeCNPJ/Invalid_CNPJ_-_too_short (0.00s)
    --- PASS: TestNormalizeCNPJ/Invalid_CNPJ_-_too_long (0.00s)
    --- PASS: TestNormalizeCNPJ/Invalid_CNPJ_-_empty_string (0.00s)
    --- PASS: TestNormalizeCNPJ/Invalid_CNPJ_-_only_letters (0.00s)
    --- PASS: TestNormalizeCNPJ/Invalid_CNPJ_-_mixed_letters_and_numbers (0.00s)
=== RUN   TestNewRMIClient
=== RUN   TestNewRMIClient/Creates_client_with_correct_timeout
--- PASS: TestNewRMIClient (0.00s)
    --- PASS: TestNewRMIClient/Creates_client_with_correct_timeout (0.00s)
=== RUN   TestGetUserLegalEntities
=== RUN   TestGetUserLegalEntities/Success_-_single_page
=== RUN   TestGetUserLegalEntities/Success_-_multiple_pages
=== RUN   TestGetUserLegalEntities/Success_-_empty_results
=== RUN   TestGetUserLegalEntities/Error_-_empty_base_URL
=== RUN   TestGetUserLegalEntities/Error_-_non-200_status
=== RUN   TestGetUserLegalEntities/Error_-_malformed_JSON
=== RUN   TestGetUserLegalEntities/Error_-_context_cancellation
=== RUN   TestGetUserLegalEntities/Error_-_safety_limit_exceeded
=== RUN   TestGetUserLegalEntities/Error_-_invalid_request_creation
=== RUN   TestGetUserLegalEntities/Error_-_404_on_second_page
--- PASS: TestGetUserLegalEntities (0.17s)
    --- PASS: TestGetUserLegalEntities/Success_-_single_page (0.00s)
    --- PASS: TestGetUserLegalEntities/Success_-_multiple_pages (0.00s)
    --- PASS: TestGetUserLegalEntities/Success_-_empty_results (0.00s)
    --- PASS: TestGetUserLegalEntities/Error_-_empty_base_URL (0.00s)
    --- PASS: TestGetUserLegalEntities/Error_-_non-200_status (0.00s)
    --- PASS: TestGetUserLegalEntities/Error_-_malformed_JSON (0.00s)
    --- PASS: TestGetUserLegalEntities/Error_-_context_cancellation (0.00s)
    --- PASS: TestGetUserLegalEntities/Error_-_safety_limit_exceeded (0.00s)
    --- PASS: TestGetUserLegalEntities/Error_-_invalid_request_creation (0.16s)
    --- PASS: TestGetUserLegalEntities/Error_-_404_on_second_page (0.00s)
=== RUN   TestGetOrgao
=== RUN   TestGetOrgao/Success
=== RUN   TestGetOrgao/Error_-_empty_base_URL
=== RUN   TestGetOrgao/Error_-_404_not_found
=== RUN   TestGetOrgao/Error_-_malformed_JSON
=== RUN   TestGetOrgao/Error_-_500_internal_server_error
=== RUN   TestGetOrgao/Error_-_context_cancellation
--- PASS: TestGetOrgao (0.00s)
    --- PASS: TestGetOrgao/Success (0.00s)
    --- PASS: TestGetOrgao/Error_-_empty_base_URL (0.00s)
    --- PASS: TestGetOrgao/Error_-_404_not_found (0.00s)
    --- PASS: TestGetOrgao/Error_-_malformed_JSON (0.00s)
    --- PASS: TestGetOrgao/Error_-_500_internal_server_error (0.00s)
    --- PASS: TestGetOrgao/Error_-_context_cancellation (0.00s)
=== RUN   TestGetCNPJOwnerInfo
=== RUN   TestGetCNPJOwnerInfo/Success
=== RUN   TestGetCNPJOwnerInfo/Error_-_empty_base_URL
=== RUN   TestGetCNPJOwnerInfo/Error_-_CNPJ_not_found
=== RUN   TestGetCNPJOwnerInfo/Error_-_no_socios_found
=== RUN   TestGetCNPJOwnerInfo/Error_-_legal_entity_API_error
=== RUN   TestGetCNPJOwnerInfo/Error_-_malformed_legal_entity_JSON
=== RUN   TestGetCNPJOwnerInfo/Error_-_citizen_not_found
=== RUN   TestGetCNPJOwnerInfo/Error_-_citizen_API_error
=== RUN   TestGetCNPJOwnerInfo/Error_-_malformed_citizen_JSON
--- PASS: TestGetCNPJOwnerInfo (0.00s)
    --- PASS: TestGetCNPJOwnerInfo/Success (0.00s)
    --- PASS: TestGetCNPJOwnerInfo/Error_-_empty_base_URL (0.00s)
    --- PASS: TestGetCNPJOwnerInfo/Error_-_CNPJ_not_found (0.00s)
    --- PASS: TestGetCNPJOwnerInfo/Error_-_no_socios_found (0.00s)
    --- PASS: TestGetCNPJOwnerInfo/Error_-_legal_entity_API_error (0.00s)
    --- PASS: TestGetCNPJOwnerInfo/Error_-_malformed_legal_entity_JSON (0.00s)
    --- PASS: TestGetCNPJOwnerInfo/Error_-_citizen_not_found (0.00s)
    --- PASS: TestGetCNPJOwnerInfo/Error_-_citizen_API_error (0.00s)
    --- PASS: TestGetCNPJOwnerInfo/Error_-_malformed_citizen_JSON (0.00s)
=== RUN   TestGetCitizenByCPF
=== RUN   TestGetCitizenByCPF/Success
=== RUN   TestGetCitizenByCPF/Error_-_empty_base_URL
=== RUN   TestGetCitizenByCPF/Error_-_404_not_found
=== RUN   TestGetCitizenByCPF/Error_-_500_server_error
=== RUN   TestGetCitizenByCPF/Error_-_malformed_JSON
=== RUN   TestGetCitizenByCPF/Error_-_context_deadline
--- PASS: TestGetCitizenByCPF (0.20s)
    --- PASS: TestGetCitizenByCPF/Success (0.00s)
    --- PASS: TestGetCitizenByCPF/Error_-_empty_base_URL (0.00s)
    --- PASS: TestGetCitizenByCPF/Error_-_404_not_found (0.00s)
    --- PASS: TestGetCitizenByCPF/Error_-_500_server_error (0.00s)
    --- PASS: TestGetCitizenByCPF/Error_-_malformed_JSON (0.00s)
    --- PASS: TestGetCitizenByCPF/Error_-_context_deadline (0.20s)
=== RUN   TestGetLegalEntityByCNPJ
=== RUN   TestGetLegalEntityByCNPJ/Success
=== RUN   TestGetLegalEntityByCNPJ/Error_-_empty_base_URL
=== RUN   TestGetLegalEntityByCNPJ/Error_-_invalid_CNPJ_format
=== RUN   TestGetLegalEntityByCNPJ/Error_-_404_not_found
=== RUN   TestGetLegalEntityByCNPJ/Error_-_403_access_denied
=== RUN   TestGetLegalEntityByCNPJ/Error_-_400_bad_request
=== RUN   TestGetLegalEntityByCNPJ/Error_-_503_service_unavailable
=== RUN   TestGetLegalEntityByCNPJ/Error_-_malformed_JSON_response
=== RUN   TestGetLegalEntityByCNPJ/Error_-_timeout
=== RUN   TestGetLegalEntityByCNPJ/Error_-_context_cancellation
--- PASS: TestGetLegalEntityByCNPJ (0.20s)
    --- PASS: TestGetLegalEntityByCNPJ/Success (0.00s)
    --- PASS: TestGetLegalEntityByCNPJ/Error_-_empty_base_URL (0.00s)
    --- PASS: TestGetLegalEntityByCNPJ/Error_-_invalid_CNPJ_format (0.00s)
    --- PASS: TestGetLegalEntityByCNPJ/Error_-_404_not_found (0.00s)
    --- PASS: TestGetLegalEntityByCNPJ/Error_-_403_access_denied (0.00s)
    --- PASS: TestGetLegalEntityByCNPJ/Error_-_400_bad_request (0.00s)
    --- PASS: TestGetLegalEntityByCNPJ/Error_-_503_service_unavailable (0.00s)
    --- PASS: TestGetLegalEntityByCNPJ/Error_-_malformed_JSON_response (0.00s)
    --- PASS: TestGetLegalEntityByCNPJ/Error_-_timeout (0.20s)
    --- PASS: TestGetLegalEntityByCNPJ/Error_-_context_cancellation (0.00s)
=== RUN   TestRMIClient_Integration_GetUserLegalEntities
    rmi_client_integration_test.go:26: Skipping integration test: RMI_TEST_JWT, RMI_TEST_CPF, or RMI_BASE_URL not set
--- SKIP: TestRMIClient_Integration_GetUserLegalEntities (0.00s)
=== RUN   TestRMIClient_ErrorHandling
=== RUN   TestRMIClient_ErrorHandling/Invalid_base_URL
    rmi_client_integration_test.go:183: ✅ Correctly returns error for invalid URL: failed to fetch page 1: failed to execute request: Get "http://invalid.url.that.does.not.exist/v1/citizen/12345678900/legal-entities?page=1": dial tcp: lookup invalid.url.that.does.not.exist: no such host
=== RUN   TestRMIClient_ErrorHandling/Cancelled_context
    rmi_client_integration_test.go:201: ✅ Correctly returns error for cancelled context: failed to fetch page 1: failed to execute request: Get "https://services.pref.rio/rmi/v1/citizen/12345678900/legal-entities?page=1": context canceled
--- PASS: TestRMIClient_ErrorHandling (0.00s)
    --- PASS: TestRMIClient_ErrorHandling/Invalid_base_URL (0.00s)
    --- PASS: TestRMIClient_ErrorHandling/Cancelled_context (0.00s)
PASS
coverage: 80.5% of statements
ok  	github.com/prefeitura-rio/app-go-api/internal/clients	1.898s	coverage: 80.5% of statements
=== RUN   TestDatabaseSettings_DSN
=== RUN   TestDatabaseSettings_DSN/complete_database_settings
=== RUN   TestDatabaseSettings_DSN/production_database_settings
--- PASS: TestDatabaseSettings_DSN (0.00s)
    --- PASS: TestDatabaseSettings_DSN/complete_database_settings (0.00s)
    --- PASS: TestDatabaseSettings_DSN/production_database_settings (0.00s)
=== RUN   TestAppSettings_IsDevelopment
=== RUN   TestAppSettings_IsDevelopment/development_lowercase
=== RUN   TestAppSettings_IsDevelopment/development_uppercase
=== RUN   TestAppSettings_IsDevelopment/development_mixed_case
=== RUN   TestAppSettings_IsDevelopment/production
=== RUN   TestAppSettings_IsDevelopment/test
=== RUN   TestAppSettings_IsDevelopment/empty
--- PASS: TestAppSettings_IsDevelopment (0.00s)
    --- PASS: TestAppSettings_IsDevelopment/development_lowercase (0.00s)
    --- PASS: TestAppSettings_IsDevelopment/development_uppercase (0.00s)
    --- PASS: TestAppSettings_IsDevelopment/development_mixed_case (0.00s)
    --- PASS: TestAppSettings_IsDevelopment/production (0.00s)
    --- PASS: TestAppSettings_IsDevelopment/test (0.00s)
    --- PASS: TestAppSettings_IsDevelopment/empty (0.00s)
=== RUN   TestAppSettings_IsProduction
=== RUN   TestAppSettings_IsProduction/production_lowercase
=== RUN   TestAppSettings_IsProduction/production_uppercase
=== RUN   TestAppSettings_IsProduction/production_mixed_case
=== RUN   TestAppSettings_IsProduction/development
=== RUN   TestAppSettings_IsProduction/test
=== RUN   TestAppSettings_IsProduction/empty
--- PASS: TestAppSettings_IsProduction (0.00s)
    --- PASS: TestAppSettings_IsProduction/production_lowercase (0.00s)
    --- PASS: TestAppSettings_IsProduction/production_uppercase (0.00s)
    --- PASS: TestAppSettings_IsProduction/production_mixed_case (0.00s)
    --- PASS: TestAppSettings_IsProduction/development (0.00s)
    --- PASS: TestAppSettings_IsProduction/test (0.00s)
    --- PASS: TestAppSettings_IsProduction/empty (0.00s)
=== RUN   TestAppSettings_IsTest
=== RUN   TestAppSettings_IsTest/test_lowercase
=== RUN   TestAppSettings_IsTest/test_uppercase
=== RUN   TestAppSettings_IsTest/test_mixed_case
=== RUN   TestAppSettings_IsTest/development
=== RUN   TestAppSettings_IsTest/production
=== RUN   TestAppSettings_IsTest/empty
--- PASS: TestAppSettings_IsTest (0.00s)
    --- PASS: TestAppSettings_IsTest/test_lowercase (0.00s)
    --- PASS: TestAppSettings_IsTest/test_uppercase (0.00s)
    --- PASS: TestAppSettings_IsTest/test_mixed_case (0.00s)
    --- PASS: TestAppSettings_IsTest/development (0.00s)
    --- PASS: TestAppSettings_IsTest/production (0.00s)
    --- PASS: TestAppSettings_IsTest/empty (0.00s)
=== RUN   TestJWTSettings_GetExpirationDuration
=== RUN   TestJWTSettings_GetExpirationDuration/valid_duration_-_hours
=== RUN   TestJWTSettings_GetExpirationDuration/valid_duration_-_minutes
=== RUN   TestJWTSettings_GetExpirationDuration/valid_duration_-_seconds
=== RUN   TestJWTSettings_GetExpirationDuration/valid_duration_-_mixed
=== RUN   TestJWTSettings_GetExpirationDuration/invalid_duration
=== RUN   TestJWTSettings_GetExpirationDuration/empty_duration
--- PASS: TestJWTSettings_GetExpirationDuration (0.00s)
    --- PASS: TestJWTSettings_GetExpirationDuration/valid_duration_-_hours (0.00s)
    --- PASS: TestJWTSettings_GetExpirationDuration/valid_duration_-_minutes (0.00s)
    --- PASS: TestJWTSettings_GetExpirationDuration/valid_duration_-_seconds (0.00s)
    --- PASS: TestJWTSettings_GetExpirationDuration/valid_duration_-_mixed (0.00s)
    --- PASS: TestJWTSettings_GetExpirationDuration/invalid_duration (0.00s)
    --- PASS: TestJWTSettings_GetExpirationDuration/empty_duration (0.00s)
=== RUN   TestDatabaseSettings_Validate
=== RUN   TestDatabaseSettings_Validate/valid_settings
=== RUN   TestDatabaseSettings_Validate/missing_host
=== RUN   TestDatabaseSettings_Validate/invalid_port_-_zero
=== RUN   TestDatabaseSettings_Validate/invalid_port_-_negative
--- PASS: TestDatabaseSettings_Validate (0.00s)
    --- PASS: TestDatabaseSettings_Validate/valid_settings (0.00s)
    --- PASS: TestDatabaseSettings_Validate/missing_host (0.00s)
    --- PASS: TestDatabaseSettings_Validate/invalid_port_-_zero (0.00s)
    --- PASS: TestDatabaseSettings_Validate/invalid_port_-_negative (0.00s)
=== RUN   TestServerSettings_Validate
=== RUN   TestServerSettings_Validate/valid_settings
=== RUN   TestServerSettings_Validate/missing_host
=== RUN   TestServerSettings_Validate/invalid_port_-_zero
=== RUN   TestServerSettings_Validate/invalid_port_-_negative
--- PASS: TestServerSettings_Validate (0.00s)
    --- PASS: TestServerSettings_Validate/valid_settings (0.00s)
    --- PASS: TestServerSettings_Validate/missing_host (0.00s)
    --- PASS: TestServerSettings_Validate/invalid_port_-_zero (0.00s)
    --- PASS: TestServerSettings_Validate/invalid_port_-_negative (0.00s)
=== RUN   TestAppConfig_Validate
=== RUN   TestAppConfig_Validate/valid_config
=== RUN   TestAppConfig_Validate/invalid_database
=== RUN   TestAppConfig_Validate/invalid_server
--- PASS: TestAppConfig_Validate (0.00s)
    --- PASS: TestAppConfig_Validate/valid_config (0.00s)
    --- PASS: TestAppConfig_Validate/invalid_database (0.00s)
    --- PASS: TestAppConfig_Validate/invalid_server (0.00s)
=== RUN   TestLoad_WithEnvironmentVariables
--- PASS: TestLoad_WithEnvironmentVariables (0.00s)
=== RUN   TestLoad_DefaultValues
2026/03/27 14:25:06 === Configurações Carregadas ====
2026/03/27 14:25:06 Ambiente: development
2026/03/27 14:25:06 Debug: true
2026/03/27 14:25:06 Log Level: info
2026/03/27 14:25:06 API Prefix: /api
2026/03/27 14:25:06 DB: postgres@localhost:5432/app_go_api
2026/03/27 14:25:06 Server: 0.0.0.0:8080
2026/03/27 14:25:06 Migrations: false
2026/03/27 14:25:06 ====================================
--- PASS: TestLoad_DefaultValues (0.00s)
=== RUN   TestGet_Singleton
2026/03/27 14:25:06 === Configurações Carregadas ====
2026/03/27 14:25:06 Ambiente: development
2026/03/27 14:25:06 Debug: true
2026/03/27 14:25:06 Log Level: info
2026/03/27 14:25:06 API Prefix: /api
2026/03/27 14:25:06 DB: postgres@localhost:5432/app_go_api
2026/03/27 14:25:06 Server: 0.0.0.0:8080
2026/03/27 14:25:06 Migrations: false
2026/03/27 14:25:06 ====================================
--- PASS: TestGet_Singleton (0.00s)
=== RUN   TestNewConfigProvider
2026/03/27 14:25:06 === Configurações Carregadas ====
2026/03/27 14:25:06 Ambiente: development
2026/03/27 14:25:06 Debug: true
2026/03/27 14:25:06 Log Level: info
2026/03/27 14:25:06 API Prefix: /api
2026/03/27 14:25:06 DB: postgres@localhost:5432/app_go_api
2026/03/27 14:25:06 Server: 0.0.0.0:8080
2026/03/27 14:25:06 Migrations: false
2026/03/27 14:25:06 ====================================
--- PASS: TestNewConfigProvider (0.00s)
=== RUN   TestConfigProvider_GetAppConfig
--- PASS: TestConfigProvider_GetAppConfig (0.00s)
=== RUN   TestGetStringSlice
=== RUN   TestGetStringSlice/comma_separated_values
=== RUN   TestGetStringSlice/comma_separated_with_spaces
=== RUN   TestGetStringSlice/single_value
=== RUN   TestGetStringSlice/empty_value
=== RUN   TestGetStringSlice/values_with_empty_elements
--- PASS: TestGetStringSlice (0.00s)
    --- PASS: TestGetStringSlice/comma_separated_values (0.00s)
    --- PASS: TestGetStringSlice/comma_separated_with_spaces (0.00s)
    --- PASS: TestGetStringSlice/single_value (0.00s)
    --- PASS: TestGetStringSlice/empty_value (0.00s)
    --- PASS: TestGetStringSlice/values_with_empty_elements (0.00s)
=== RUN   TestGetDuration
=== RUN   TestGetDuration/valid_duration_-_hours
=== RUN   TestGetDuration/valid_duration_-_minutes
=== RUN   TestGetDuration/invalid_duration_-_use_default
=== RUN   TestGetDuration/empty_value_-_use_default
--- PASS: TestGetDuration (0.00s)
    --- PASS: TestGetDuration/valid_duration_-_hours (0.00s)
    --- PASS: TestGetDuration/valid_duration_-_minutes (0.00s)
    --- PASS: TestGetDuration/invalid_duration_-_use_default (0.00s)
    --- PASS: TestGetDuration/empty_value_-_use_default (0.00s)
=== RUN   TestGetBool
=== RUN   TestGetBool/true_lowercase
=== RUN   TestGetBool/true_uppercase
=== RUN   TestGetBool/false
=== RUN   TestGetBool/invalid_-_use_default
=== RUN   TestGetBool/empty_-_use_default
--- PASS: TestGetBool (0.00s)
    --- PASS: TestGetBool/true_lowercase (0.00s)
    --- PASS: TestGetBool/true_uppercase (0.00s)
    --- PASS: TestGetBool/false (0.00s)
    --- PASS: TestGetBool/invalid_-_use_default (0.00s)
    --- PASS: TestGetBool/empty_-_use_default (0.00s)
=== RUN   TestGetEnv
=== RUN   TestGetEnv/existing_value
=== RUN   TestGetEnv/empty_value_-_use_default
--- PASS: TestGetEnv (0.00s)
    --- PASS: TestGetEnv/existing_value (0.00s)
    --- PASS: TestGetEnv/empty_value_-_use_default (0.00s)
=== RUN   TestGetInt
=== RUN   TestGetInt/valid_integer
=== RUN   TestGetInt/invalid_integer_-_use_default
=== RUN   TestGetInt/empty_value_-_use_default
--- PASS: TestGetInt (0.00s)
    --- PASS: TestGetInt/valid_integer (0.00s)
    --- PASS: TestGetInt/invalid_integer_-_use_default (0.00s)
    --- PASS: TestGetInt/empty_value_-_use_default (0.00s)
=== RUN   TestLoad_DurationSettings
2026/03/27 14:25:06 === Configurações Carregadas ====
2026/03/27 14:25:06 Ambiente: development
2026/03/27 14:25:06 Debug: true
2026/03/27 14:25:06 Log Level: info
2026/03/27 14:25:06 API Prefix: /api
2026/03/27 14:25:06 DB: postgres@localhost:5432/app_go_api
2026/03/27 14:25:06 Server: 0.0.0.0:8080
2026/03/27 14:25:06 Migrations: false
2026/03/27 14:25:06 ====================================
--- PASS: TestLoad_DurationSettings (0.00s)
=== RUN   TestLoad_BooleanSettings
--- PASS: TestLoad_BooleanSettings (0.00s)
=== RUN   TestLoad_SliceSettings
2026/03/27 14:25:06 === Configurações Carregadas ====
2026/03/27 14:25:06 Ambiente: development
2026/03/27 14:25:06 Debug: true
2026/03/27 14:25:06 Log Level: info
2026/03/27 14:25:06 API Prefix: /api
2026/03/27 14:25:06 DB: postgres@localhost:5432/app_go_api
2026/03/27 14:25:06 Server: 0.0.0.0:8080
2026/03/27 14:25:06 Migrations: false
2026/03/27 14:25:06 ====================================
--- PASS: TestLoad_SliceSettings (0.00s)
=== RUN   TestInitialize
--- PASS: TestInitialize (0.00s)
PASS
coverage: 76.7% of statements
ok  	github.com/prefeitura-rio/app-go-api/internal/config	1.604s	coverage: 76.7% of statements
=== RUN   TestCRUDHandler_Create_Success
--- PASS: TestCRUDHandler_Create_Success (0.00s)
=== RUN   TestCRUDHandler_Create_InvalidJSON
--- PASS: TestCRUDHandler_Create_InvalidJSON (0.00s)
=== RUN   TestCRUDHandler_Create_ServiceError
--- PASS: TestCRUDHandler_Create_ServiceError (0.00s)
=== RUN   TestCRUDHandler_GetByID_Success
--- PASS: TestCRUDHandler_GetByID_Success (0.00s)
=== RUN   TestCRUDHandler_GetByID_InvalidID
--- PASS: TestCRUDHandler_GetByID_InvalidID (0.00s)
=== RUN   TestCRUDHandler_GetByID_NotFound
--- PASS: TestCRUDHandler_GetByID_NotFound (0.00s)
=== RUN   TestCRUDHandler_Update_Success
--- PASS: TestCRUDHandler_Update_Success (0.00s)
=== RUN   TestCRUDHandler_Update_InvalidID
--- PASS: TestCRUDHandler_Update_InvalidID (0.00s)
=== RUN   TestCRUDHandler_Delete_Success
--- PASS: TestCRUDHandler_Delete_Success (0.00s)
=== RUN   TestCRUDHandler_Delete_InvalidID
--- PASS: TestCRUDHandler_Delete_InvalidID (0.00s)
=== RUN   TestCRUDHandler_List_Success
--- PASS: TestCRUDHandler_List_Success (0.00s)
=== RUN   TestCRUDHandler_List_PaginationDefaults
--- PASS: TestCRUDHandler_List_PaginationDefaults (0.00s)
PASS
coverage: 61.3% of statements
ok  	github.com/prefeitura-rio/app-go-api/internal/handlers/common	1.973s	coverage: 61.3% of statements
=== RUN   TestAcessibilidadeHandler_CreateAndGet
--- PASS: TestAcessibilidadeHandler_CreateAndGet (0.00s)
=== RUN   TestAcessibilidadeHandler_List
--- PASS: TestAcessibilidadeHandler_List (0.00s)
=== RUN   TestAcessibilidadeHandler_Update_Success
--- PASS: TestAcessibilidadeHandler_Update_Success (0.00s)
=== RUN   TestAcessibilidadeHandler_Update_InvalidID
--- PASS: TestAcessibilidadeHandler_Update_InvalidID (0.00s)
=== RUN   TestAcessibilidadeHandler_Update_InvalidJSON
--- PASS: TestAcessibilidadeHandler_Update_InvalidJSON (0.00s)
=== RUN   TestAcessibilidadeHandler_Delete_Success
--- PASS: TestAcessibilidadeHandler_Delete_Success (0.00s)
=== RUN   TestAcessibilidadeHandler_Delete_InvalidID
--- PASS: TestAcessibilidadeHandler_Delete_InvalidID (0.00s)
=== RUN   TestCategoriaHandler_Create
--- PASS: TestCategoriaHandler_Create (0.00s)
=== RUN   TestCategoriaHandler_List_Default
--- PASS: TestCategoriaHandler_List_Default (0.00s)
=== RUN   TestCategoriaHandler_List_OnlyWithCourses
--- PASS: TestCategoriaHandler_List_OnlyWithCourses (0.00s)
=== RUN   TestCategoriaHandler_GetByID_Success
--- PASS: TestCategoriaHandler_GetByID_Success (0.00s)
=== RUN   TestCategoriaHandler_GetByID_NotFound
--- PASS: TestCategoriaHandler_GetByID_NotFound (0.00s)
=== RUN   TestCategoriaHandler_List_ServiceError
--- PASS: TestCategoriaHandler_List_ServiceError (0.00s)
=== RUN   TestCategoriaHandler_Update_Success
--- PASS: TestCategoriaHandler_Update_Success (0.00s)
=== RUN   TestCategoriaHandler_Update_InvalidID
--- PASS: TestCategoriaHandler_Update_InvalidID (0.00s)
=== RUN   TestCategoriaHandler_Update_InvalidJSON
--- PASS: TestCategoriaHandler_Update_InvalidJSON (0.00s)
=== RUN   TestCategoriaHandler_Update_ServiceError
--- PASS: TestCategoriaHandler_Update_ServiceError (0.00s)
=== RUN   TestCategoriaHandler_Delete_Success
--- PASS: TestCategoriaHandler_Delete_Success (0.00s)
=== RUN   TestCategoriaHandler_Delete_InvalidID
--- PASS: TestCategoriaHandler_Delete_InvalidID (0.00s)
=== RUN   TestCategoriaHandler_Delete_ServiceError
--- PASS: TestCategoriaHandler_Delete_ServiceError (0.00s)
=== RUN   TestNewCourseHandler
--- PASS: TestNewCourseHandler (0.00s)
=== RUN   TestCourseHandler_WithCache
--- PASS: TestCourseHandler_WithCache (0.00s)
=== RUN   TestCourseHandler_Create_InvalidJSON
--- PASS: TestCourseHandler_Create_InvalidJSON (0.00s)
=== RUN   TestCourseHandler_CreateDraft_InvalidJSON
--- PASS: TestCourseHandler_CreateDraft_InvalidJSON (0.00s)
=== RUN   TestCourseHandler_Update_InvalidID
--- PASS: TestCourseHandler_Update_InvalidID (0.00s)
=== RUN   TestCourseHandler_GetByID_InvalidID
--- PASS: TestCourseHandler_GetByID_InvalidID (0.00s)
=== RUN   TestCourseHandler_Delete_InvalidID
--- PASS: TestCourseHandler_Delete_InvalidID (0.00s)
=== RUN   TestEmpregoHandler_Create_Success
--- PASS: TestEmpregoHandler_Create_Success (0.00s)
=== RUN   TestEmpregoHandler_Create_InvalidJSON
--- PASS: TestEmpregoHandler_Create_InvalidJSON (0.00s)
=== RUN   TestEmpregoHandler_Create_ValidationError
--- PASS: TestEmpregoHandler_Create_ValidationError (0.00s)
=== RUN   TestEmpregoHandler_GetByID_Success
--- PASS: TestEmpregoHandler_GetByID_Success (0.00s)
=== RUN   TestEmpregoHandler_GetByID_InvalidID
--- PASS: TestEmpregoHandler_GetByID_InvalidID (0.00s)
=== RUN   TestEmpregoHandler_GetByID_NotFound
--- PASS: TestEmpregoHandler_GetByID_NotFound (0.00s)
=== RUN   TestEmpregoHandler_Update_Success
--- PASS: TestEmpregoHandler_Update_Success (0.00s)
=== RUN   TestEmpregoHandler_Update_InvalidID
--- PASS: TestEmpregoHandler_Update_InvalidID (0.00s)
=== RUN   TestEmpregoHandler_Delete_Success
--- PASS: TestEmpregoHandler_Delete_Success (0.00s)
=== RUN   TestEmpregoHandler_Delete_NotFound
--- PASS: TestEmpregoHandler_Delete_NotFound (0.00s)
=== RUN   TestEmpregoHandler_List_Default
--- PASS: TestEmpregoHandler_List_Default (0.00s)
=== RUN   TestEmpregoHandler_List_WithFilters
--- PASS: TestEmpregoHandler_List_WithFilters (0.00s)
=== RUN   TestEmpregoHandler_List_InvalidPagination
--- PASS: TestEmpregoHandler_List_InvalidPagination (0.00s)
=== RUN   TestNewEmpregoHandler
--- PASS: TestNewEmpregoHandler (0.00s)
=== RUN   TestNewEmpresaHandler
--- PASS: TestNewEmpresaHandler (0.00s)
=== RUN   TestEmpresaHandler_Create_Success
--- PASS: TestEmpresaHandler_Create_Success (0.00s)
=== RUN   TestEmpresaHandler_Create_InvalidJSON
--- PASS: TestEmpresaHandler_Create_InvalidJSON (0.00s)
=== RUN   TestEmpresaHandler_Create_ServiceError
--- PASS: TestEmpresaHandler_Create_ServiceError (0.00s)
=== RUN   TestEmpresaHandler_GetByID_Success
--- PASS: TestEmpresaHandler_GetByID_Success (0.00s)
=== RUN   TestEmpresaHandler_GetByID_InvalidID
--- PASS: TestEmpresaHandler_GetByID_InvalidID (0.00s)
=== RUN   TestEmpresaHandler_GetByID_NotFound
--- PASS: TestEmpresaHandler_GetByID_NotFound (0.00s)
=== RUN   TestEmpresaHandler_GetByID_ServiceError
--- PASS: TestEmpresaHandler_GetByID_ServiceError (0.00s)
=== RUN   TestEmpresaHandler_List_Success
--- PASS: TestEmpresaHandler_List_Success (0.00s)
=== RUN   TestEmpresaHandler_List_Empty
--- PASS: TestEmpresaHandler_List_Empty (0.00s)
=== RUN   TestEmpresaHandler_List_ServiceError
--- PASS: TestEmpresaHandler_List_ServiceError (0.00s)
=== RUN   TestEmpresaHandler_Update_Success
--- PASS: TestEmpresaHandler_Update_Success (0.00s)
=== RUN   TestEmpresaHandler_Update_InvalidID
--- PASS: TestEmpresaHandler_Update_InvalidID (0.00s)
=== RUN   TestEmpresaHandler_Update_InvalidJSON
--- PASS: TestEmpresaHandler_Update_InvalidJSON (0.00s)
=== RUN   TestEmpresaHandler_Update_ServiceError
--- PASS: TestEmpresaHandler_Update_ServiceError (0.00s)
=== RUN   TestEmpresaHandler_Delete_Success
--- PASS: TestEmpresaHandler_Delete_Success (0.00s)
=== RUN   TestEmpresaHandler_Delete_InvalidID
--- PASS: TestEmpresaHandler_Delete_InvalidID (0.00s)
=== RUN   TestEmpresaHandler_Delete_ServiceError
--- PASS: TestEmpresaHandler_Delete_ServiceError (0.00s)
=== RUN   TestEscolaridadeHandler_CreateAndGet
--- PASS: TestEscolaridadeHandler_CreateAndGet (0.00s)
=== RUN   TestEscolaridadeHandler_List
--- PASS: TestEscolaridadeHandler_List (0.00s)
=== RUN   TestEscolaridadeHandler_Update_Success
--- PASS: TestEscolaridadeHandler_Update_Success (0.00s)
=== RUN   TestEscolaridadeHandler_Update_InvalidID
--- PASS: TestEscolaridadeHandler_Update_InvalidID (0.00s)
=== RUN   TestEscolaridadeHandler_Update_InvalidJSON
--- PASS: TestEscolaridadeHandler_Update_InvalidJSON (0.00s)
=== RUN   TestEscolaridadeHandler_Update_ServiceError
--- PASS: TestEscolaridadeHandler_Update_ServiceError (0.00s)
=== RUN   TestEscolaridadeHandler_Delete_Success
--- PASS: TestEscolaridadeHandler_Delete_Success (0.00s)
=== RUN   TestEscolaridadeHandler_Delete_InvalidID
--- PASS: TestEscolaridadeHandler_Delete_InvalidID (0.00s)
=== RUN   TestEscolaridadeHandler_Delete_ServiceError
--- PASS: TestEscolaridadeHandler_Delete_ServiceError (0.00s)
=== RUN   TestEscolaridadeHandler_GetByID_NotFound
--- PASS: TestEscolaridadeHandler_GetByID_NotFound (0.00s)
=== RUN   TestEscolaridadeHandler_GetByID_InvalidID
--- PASS: TestEscolaridadeHandler_GetByID_InvalidID (0.00s)
=== RUN   TestEscolaridadeHandler_List_ServiceError
--- PASS: TestEscolaridadeHandler_List_ServiceError (0.00s)
=== RUN   TestEscolaridadeHandler_Create_InvalidJSON
--- PASS: TestEscolaridadeHandler_Create_InvalidJSON (0.00s)
=== RUN   TestEscolaridadeHandler_Create_ServiceError
--- PASS: TestEscolaridadeHandler_Create_ServiceError (0.00s)
=== RUN   TestNewInscricaoHandler
--- PASS: TestNewInscricaoHandler (0.00s)
=== RUN   TestInscricaoHandler_Create_InvalidCourseID
--- PASS: TestInscricaoHandler_Create_InvalidCourseID (0.00s)
=== RUN   TestInscricaoHandler_Create_InvalidJSON
--- PASS: TestInscricaoHandler_Create_InvalidJSON (0.00s)
=== RUN   TestInscricaoHandler_List_InvalidCourseID
--- PASS: TestInscricaoHandler_List_InvalidCourseID (0.00s)
=== RUN   TestInscricaoHandler_Update_InvalidCourseID
--- PASS: TestInscricaoHandler_Update_InvalidCourseID (0.00s)
=== RUN   TestInscricaoHandler_Update_InvalidEnrollmentID
--- PASS: TestInscricaoHandler_Update_InvalidEnrollmentID (0.00s)
=== RUN   TestInscricaoHandler_Update_InvalidJSON
--- PASS: TestInscricaoHandler_Update_InvalidJSON (0.00s)
=== RUN   TestInscricaoHandler_UpdateStatus_InvalidCourseID
--- PASS: TestInscricaoHandler_UpdateStatus_InvalidCourseID (0.00s)
=== RUN   TestInscricaoHandler_UpdateStatus_InvalidJSON
--- PASS: TestInscricaoHandler_UpdateStatus_InvalidJSON (0.00s)
=== RUN   TestInscricaoHandler_UpdateIndividualStatus_InvalidEnrollmentID
--- PASS: TestInscricaoHandler_UpdateIndividualStatus_InvalidEnrollmentID (0.00s)
=== RUN   TestInscricaoHandler_UpdateIndividualStatus_InvalidJSON
--- PASS: TestInscricaoHandler_UpdateIndividualStatus_InvalidJSON (0.00s)
=== RUN   TestInscricaoHandler_GetByID_InvalidEnrollmentID
--- PASS: TestInscricaoHandler_GetByID_InvalidEnrollmentID (0.00s)
=== RUN   TestInscricaoHandler_UpdateCertificate_InvalidCourseID
--- PASS: TestInscricaoHandler_UpdateCertificate_InvalidCourseID (0.00s)
=== RUN   TestInscricaoHandler_UpdateCertificate_InvalidEnrollmentID
--- PASS: TestInscricaoHandler_UpdateCertificate_InvalidEnrollmentID (0.00s)
=== RUN   TestInscricaoHandler_UpdateCertificate_InvalidJSON
--- PASS: TestInscricaoHandler_UpdateCertificate_InvalidJSON (0.00s)
=== RUN   TestInscricaoHandler_Delete_InvalidEnrollmentID
--- PASS: TestInscricaoHandler_Delete_InvalidEnrollmentID (0.00s)
=== RUN   TestInscricaoHandler_CreateManual_InvalidCourseID
--- PASS: TestInscricaoHandler_CreateManual_InvalidCourseID (0.00s)
=== RUN   TestInscricaoHandler_CreateManual_InvalidJSON
--- PASS: TestInscricaoHandler_CreateManual_InvalidJSON (0.00s)
=== RUN   TestInscricaoHandler_Import_InvalidCourseID
--- PASS: TestInscricaoHandler_Import_InvalidCourseID (0.00s)
=== RUN   TestInscricaoHandler_ListByUser_MissingCPF
--- PASS: TestInscricaoHandler_ListByUser_MissingCPF (0.00s)
=== RUN   TestInscricaoHandler_ChangeSchedule_InvalidEnrollmentID
--- PASS: TestInscricaoHandler_ChangeSchedule_InvalidEnrollmentID (0.00s)
=== RUN   TestInscricaoHandler_ChangeSchedule_MissingAuth
--- PASS: TestInscricaoHandler_ChangeSchedule_MissingAuth (0.00s)
=== RUN   TestNewInstituicaoHandler
--- PASS: TestNewInstituicaoHandler (0.00s)
=== RUN   TestInstituicaoHandler_Create_Success
--- PASS: TestInstituicaoHandler_Create_Success (0.00s)
=== RUN   TestInstituicaoHandler_Create_InvalidJSON
--- PASS: TestInstituicaoHandler_Create_InvalidJSON (0.00s)
=== RUN   TestInstituicaoHandler_Create_ServiceError
--- PASS: TestInstituicaoHandler_Create_ServiceError (0.00s)
=== RUN   TestInstituicaoHandler_GetByID_Success
--- PASS: TestInstituicaoHandler_GetByID_Success (0.00s)
=== RUN   TestInstituicaoHandler_GetByID_InvalidID
--- PASS: TestInstituicaoHandler_GetByID_InvalidID (0.00s)
=== RUN   TestInstituicaoHandler_GetByID_NotFound
--- PASS: TestInstituicaoHandler_GetByID_NotFound (0.00s)
=== RUN   TestInstituicaoHandler_GetByID_ServiceError
--- PASS: TestInstituicaoHandler_GetByID_ServiceError (0.00s)
=== RUN   TestInstituicaoHandler_List_Success
--- PASS: TestInstituicaoHandler_List_Success (0.00s)
=== RUN   TestInstituicaoHandler_List_Empty
--- PASS: TestInstituicaoHandler_List_Empty (0.00s)
=== RUN   TestInstituicaoHandler_List_ServiceError
--- PASS: TestInstituicaoHandler_List_ServiceError (0.00s)
=== RUN   TestInstituicaoHandler_Update_Success
--- PASS: TestInstituicaoHandler_Update_Success (0.00s)
=== RUN   TestInstituicaoHandler_Update_InvalidID
--- PASS: TestInstituicaoHandler_Update_InvalidID (0.00s)
=== RUN   TestInstituicaoHandler_Update_InvalidJSON
--- PASS: TestInstituicaoHandler_Update_InvalidJSON (0.00s)
=== RUN   TestInstituicaoHandler_Update_ServiceError
--- PASS: TestInstituicaoHandler_Update_ServiceError (0.00s)
=== RUN   TestInstituicaoHandler_Delete_Success
--- PASS: TestInstituicaoHandler_Delete_Success (0.00s)
=== RUN   TestInstituicaoHandler_Delete_InvalidID
--- PASS: TestInstituicaoHandler_Delete_InvalidID (0.00s)
=== RUN   TestInstituicaoHandler_Delete_ServiceError
--- PASS: TestInstituicaoHandler_Delete_ServiceError (0.00s)
=== RUN   TestJobHandler_GetStatus_Success
--- PASS: TestJobHandler_GetStatus_Success (0.00s)
=== RUN   TestJobHandler_GetStatus_InvalidUUID
--- PASS: TestJobHandler_GetStatus_InvalidUUID (0.00s)
=== RUN   TestJobHandler_GetStatus_NotFound
--- PASS: TestJobHandler_GetStatus_NotFound (0.00s)
=== RUN   TestJobHandler_GetStatus_ServiceError
--- PASS: TestJobHandler_GetStatus_ServiceError (0.00s)
=== RUN   TestNewJobHandler
--- PASS: TestNewJobHandler (0.00s)
=== RUN   TestNewOportunidadeMEIHandler
--- PASS: TestNewOportunidadeMEIHandler (0.00s)
=== RUN   TestOportunidadeMEIHandler_Create_InvalidJSON
--- PASS: TestOportunidadeMEIHandler_Create_InvalidJSON (0.00s)
=== RUN   TestOportunidadeMEIHandler_CreateDraft_InvalidJSON
--- PASS: TestOportunidadeMEIHandler_CreateDraft_InvalidJSON (0.00s)
=== RUN   TestOportunidadeMEIHandler_GetByID_InvalidID
--- PASS: TestOportunidadeMEIHandler_GetByID_InvalidID (0.00s)
=== RUN   TestOportunidadeMEIHandler_Update_InvalidID
--- PASS: TestOportunidadeMEIHandler_Update_InvalidID (0.00s)
=== RUN   TestOportunidadeMEIHandler_Update_InvalidJSON
--- PASS: TestOportunidadeMEIHandler_Update_InvalidJSON (0.00s)
=== RUN   TestOportunidadeMEIHandler_Delete_InvalidID
--- PASS: TestOportunidadeMEIHandler_Delete_InvalidID (0.00s)
=== RUN   TestOportunidadeMEIHandler_Publish_InvalidID
--- PASS: TestOportunidadeMEIHandler_Publish_InvalidID (0.00s)
=== RUN   TestOportunidadeMEIHandler_List_InvalidStatus
--- PASS: TestOportunidadeMEIHandler_List_InvalidStatus (0.00s)
=== RUN   TestPropostaMEIHandler_Create_Success
--- PASS: TestPropostaMEIHandler_Create_Success (0.00s)
=== RUN   TestPropostaMEIHandler_Create_MissingAuth
--- PASS: TestPropostaMEIHandler_Create_MissingAuth (0.00s)
=== RUN   TestPropostaMEIHandler_Create_CNPJOwnershipError
--- PASS: TestPropostaMEIHandler_Create_CNPJOwnershipError (0.00s)
=== RUN   TestPropostaMEIHandler_Create_CNAEMismatchError
--- PASS: TestPropostaMEIHandler_Create_CNAEMismatchError (0.00s)
=== RUN   TestPropostaMEIHandler_Create_OpportunityNotFound
--- PASS: TestPropostaMEIHandler_Create_OpportunityNotFound (0.00s)
=== RUN   TestPropostaMEIHandler_Create_RMIServiceUnavailable
--- PASS: TestPropostaMEIHandler_Create_RMIServiceUnavailable (0.00s)
=== RUN   TestPropostaMEIHandler_Create_InvalidOportunidadeID
--- PASS: TestPropostaMEIHandler_Create_InvalidOportunidadeID (0.00s)
=== RUN   TestPropostaMEIHandler_GetByID_Success
--- PASS: TestPropostaMEIHandler_GetByID_Success (0.00s)
=== RUN   TestPropostaMEIHandler_GetByID_NotFound
--- PASS: TestPropostaMEIHandler_GetByID_NotFound (0.00s)
=== RUN   TestPropostaMEIHandler_GetByID_InvalidUUID
--- PASS: TestPropostaMEIHandler_GetByID_InvalidUUID (0.00s)
=== RUN   TestPropostaMEIHandler_UpdateStatus_Success
--- PASS: TestPropostaMEIHandler_UpdateStatus_Success (0.00s)
=== RUN   TestPropostaMEIHandler_UpdateStatus_InvalidStatus
--- PASS: TestPropostaMEIHandler_UpdateStatus_InvalidStatus (0.00s)
=== RUN   TestPropostaMEIHandler_Delete_Success
--- PASS: TestPropostaMEIHandler_Delete_Success (0.00s)
=== RUN   TestPropostaMEIHandler_List_Success
--- PASS: TestPropostaMEIHandler_List_Success (0.00s)
=== RUN   TestPropostaMEIHandler_ListByMEIEmpresa_Success
--- PASS: TestPropostaMEIHandler_ListByMEIEmpresa_Success (0.00s)
=== RUN   TestPropostaMEIHandler_ListByMEIEmpresa_MissingParam
--- PASS: TestPropostaMEIHandler_ListByMEIEmpresa_MissingParam (0.00s)
=== RUN   TestTypesenseHandler_SearchCursos_InvalidJSON
--- PASS: TestTypesenseHandler_SearchCursos_InvalidJSON (0.00s)
=== RUN   TestTypesenseHandler_SearchCursos_MissingQuery
--- PASS: TestTypesenseHandler_SearchCursos_MissingQuery (0.00s)
=== RUN   TestTypesenseHandler_SearchEmpregos_InvalidJSON
--- PASS: TestTypesenseHandler_SearchEmpregos_InvalidJSON (0.00s)
=== RUN   TestTypesenseHandler_SearchEmpregos_MissingQuery
--- PASS: TestTypesenseHandler_SearchEmpregos_MissingQuery (0.00s)
=== RUN   TestTypesenseHandler_SearchMultiCollection_InvalidJSON
--- PASS: TestTypesenseHandler_SearchMultiCollection_InvalidJSON (0.00s)
PASS
coverage: 32.2% of statements
ok  	github.com/prefeitura-rio/app-go-api/internal/handlers/v1	2.362s	coverage: 32.2% of statements
=== RUN   TestCandidaturaHandler_Create_AsAdmin_Success
--- PASS: TestCandidaturaHandler_Create_AsAdmin_Success (0.00s)
=== RUN   TestCandidaturaHandler_Create_AsUser_Success
--- PASS: TestCandidaturaHandler_Create_AsUser_Success (0.00s)
=== RUN   TestCandidaturaHandler_Create_Unauthorized
--- PASS: TestCandidaturaHandler_Create_Unauthorized (0.00s)
=== RUN   TestCandidaturaHandler_Create_BadJSON
--- PASS: TestCandidaturaHandler_Create_BadJSON (0.00s)
=== RUN   TestCandidaturaHandler_List_Success
--- PASS: TestCandidaturaHandler_List_Success (0.00s)
=== RUN   TestCandidaturaHandler_List_ServiceError
--- PASS: TestCandidaturaHandler_List_ServiceError (0.00s)
=== RUN   TestCandidaturaHandler_ListByCPF_AsOwner
--- PASS: TestCandidaturaHandler_ListByCPF_AsOwner (0.00s)
=== RUN   TestCandidaturaHandler_ListByCPF_Unauthorized
--- PASS: TestCandidaturaHandler_ListByCPF_Unauthorized (0.00s)
=== RUN   TestCandidaturaHandler_ListByCPF_Forbidden
--- PASS: TestCandidaturaHandler_ListByCPF_Forbidden (0.00s)
=== RUN   TestCandidaturaHandler_GetByID_AsOwner
--- PASS: TestCandidaturaHandler_GetByID_AsOwner (0.00s)
=== RUN   TestCandidaturaHandler_GetByID_NotFound
--- PASS: TestCandidaturaHandler_GetByID_NotFound (0.00s)
=== RUN   TestCandidaturaHandler_GetByID_InvalidID
--- PASS: TestCandidaturaHandler_GetByID_InvalidID (0.00s)
=== RUN   TestCandidaturaHandler_GetByID_Forbidden
--- PASS: TestCandidaturaHandler_GetByID_Forbidden (0.00s)
=== RUN   TestCandidaturaHandler_Delete_AsOwner
--- PASS: TestCandidaturaHandler_Delete_AsOwner (0.00s)
=== RUN   TestCandidaturaHandler_Delete_NotFound
--- PASS: TestCandidaturaHandler_Delete_NotFound (0.00s)
=== RUN   TestCandidaturaHandler_Delete_InvalidID
--- PASS: TestCandidaturaHandler_Delete_InvalidID (0.00s)
=== RUN   TestCandidaturaHandler_Approve_InvalidID
--- PASS: TestCandidaturaHandler_Approve_InvalidID (0.00s)
=== RUN   TestCandidaturaHandler_Reject_InvalidID
--- PASS: TestCandidaturaHandler_Reject_InvalidID (0.00s)
=== RUN   TestCandidaturaHandler_BulkUpdateStatus_BadJSON
--- PASS: TestCandidaturaHandler_BulkUpdateStatus_BadJSON (0.00s)
=== RUN   TestCandidaturaHandler_BulkUpdateEtapa_BadJSON
--- PASS: TestCandidaturaHandler_BulkUpdateEtapa_BadJSON (0.00s)
=== RUN   TestCandidaturaHandler_UpdateEtapa_InvalidID
--- PASS: TestCandidaturaHandler_UpdateEtapa_InvalidID (0.00s)
=== RUN   TestCurriculoHandler_GetCurriculoCompleto_AsOwner
--- PASS: TestCurriculoHandler_GetCurriculoCompleto_AsOwner (0.00s)
=== RUN   TestCurriculoHandler_GetCurriculoCompleto_Forbidden
--- PASS: TestCurriculoHandler_GetCurriculoCompleto_Forbidden (0.00s)
=== RUN   TestCurriculoHandler_GetCurriculoCompleto_Unauthorized
--- PASS: TestCurriculoHandler_GetCurriculoCompleto_Unauthorized (0.00s)
=== RUN   TestCurriculoHandler_CreateFormacao_Success
--- PASS: TestCurriculoHandler_CreateFormacao_Success (0.00s)
=== RUN   TestCurriculoHandler_CreateFormacao_Unauthorized
--- PASS: TestCurriculoHandler_CreateFormacao_Unauthorized (0.00s)
=== RUN   TestCurriculoHandler_GetFormacaoByID_Found
--- PASS: TestCurriculoHandler_GetFormacaoByID_Found (0.00s)
=== RUN   TestCurriculoHandler_GetFormacaoByID_NotFound
--- PASS: TestCurriculoHandler_GetFormacaoByID_NotFound (0.00s)
=== RUN   TestCurriculoHandler_GetFormacaoByID_InvalidID
--- PASS: TestCurriculoHandler_GetFormacaoByID_InvalidID (0.00s)
=== RUN   TestCurriculoHandler_UpdateFormacao_AsOwner
--- PASS: TestCurriculoHandler_UpdateFormacao_AsOwner (0.00s)
=== RUN   TestCurriculoHandler_UpdateFormacao_NotFound
--- PASS: TestCurriculoHandler_UpdateFormacao_NotFound (0.00s)
=== RUN   TestCurriculoHandler_UpdateFormacao_InvalidID
--- PASS: TestCurriculoHandler_UpdateFormacao_InvalidID (0.00s)
=== RUN   TestCurriculoHandler_DeleteFormacao_AsOwner
--- PASS: TestCurriculoHandler_DeleteFormacao_AsOwner (0.00s)
=== RUN   TestCurriculoHandler_DeleteFormacao_NotFound
--- PASS: TestCurriculoHandler_DeleteFormacao_NotFound (0.00s)
=== RUN   TestCurriculoHandler_ListFormacoesByCPF_AsOwner
--- PASS: TestCurriculoHandler_ListFormacoesByCPF_AsOwner (0.00s)
=== RUN   TestCurriculoHandler_CreateIdioma_Success
--- PASS: TestCurriculoHandler_CreateIdioma_Success (0.00s)
=== RUN   TestCurriculoHandler_CreateIdioma_Unauthorized
--- PASS: TestCurriculoHandler_CreateIdioma_Unauthorized (0.00s)
=== RUN   TestCurriculoHandler_GetIdiomaByID_Found
--- PASS: TestCurriculoHandler_GetIdiomaByID_Found (0.00s)
=== RUN   TestCurriculoHandler_GetIdiomaByID_NotFound
--- PASS: TestCurriculoHandler_GetIdiomaByID_NotFound (0.00s)
=== RUN   TestCurriculoHandler_GetIdiomaByID_InvalidID
--- PASS: TestCurriculoHandler_GetIdiomaByID_InvalidID (0.00s)
=== RUN   TestCurriculoHandler_UpdateIdioma_AsOwner
--- PASS: TestCurriculoHandler_UpdateIdioma_AsOwner (0.00s)
=== RUN   TestCurriculoHandler_DeleteIdioma_AsOwner
--- PASS: TestCurriculoHandler_DeleteIdioma_AsOwner (0.00s)
=== RUN   TestCurriculoHandler_ListIdiomasByCPF_AsOwner
--- PASS: TestCurriculoHandler_ListIdiomasByCPF_AsOwner (0.00s)
=== RUN   TestCurriculoHandler_CreateCurso_Success
--- PASS: TestCurriculoHandler_CreateCurso_Success (0.00s)
=== RUN   TestCurriculoHandler_GetCursoByID_Found
--- PASS: TestCurriculoHandler_GetCursoByID_Found (0.00s)
=== RUN   TestCurriculoHandler_GetCursoByID_NotFound
--- PASS: TestCurriculoHandler_GetCursoByID_NotFound (0.00s)
=== RUN   TestCurriculoHandler_DeleteCurso_AsOwner
--- PASS: TestCurriculoHandler_DeleteCurso_AsOwner (0.00s)
=== RUN   TestCurriculoHandler_ListCursosByCPF_AsOwner
--- PASS: TestCurriculoHandler_ListCursosByCPF_AsOwner (0.00s)
=== RUN   TestCurriculoHandler_CreateExperiencia_Success
--- PASS: TestCurriculoHandler_CreateExperiencia_Success (0.00s)
=== RUN   TestCurriculoHandler_GetExperienciaByID_Found
--- PASS: TestCurriculoHandler_GetExperienciaByID_Found (0.00s)
=== RUN   TestCurriculoHandler_GetExperienciaByID_NotFound
--- PASS: TestCurriculoHandler_GetExperienciaByID_NotFound (0.00s)
=== RUN   TestCurriculoHandler_DeleteExperiencia_AsOwner
--- PASS: TestCurriculoHandler_DeleteExperiencia_AsOwner (0.00s)
=== RUN   TestCurriculoHandler_ListExperienciasByCPF_AsOwner
--- PASS: TestCurriculoHandler_ListExperienciasByCPF_AsOwner (0.00s)
=== RUN   TestCurriculoHandler_CreateConquista_Success
--- PASS: TestCurriculoHandler_CreateConquista_Success (0.00s)
=== RUN   TestCurriculoHandler_GetConquistaByID_Found
--- PASS: TestCurriculoHandler_GetConquistaByID_Found (0.00s)
=== RUN   TestCurriculoHandler_GetConquistaByID_NotFound
--- PASS: TestCurriculoHandler_GetConquistaByID_NotFound (0.00s)
=== RUN   TestCurriculoHandler_DeleteConquista_AsOwner
--- PASS: TestCurriculoHandler_DeleteConquista_AsOwner (0.00s)
=== RUN   TestCurriculoHandler_ListConquistasByCPF_AsOwner
--- PASS: TestCurriculoHandler_ListConquistasByCPF_AsOwner (0.00s)
=== RUN   TestCurriculoHandler_UpsertSituacaoInteresses_AsOwner
--- PASS: TestCurriculoHandler_UpsertSituacaoInteresses_AsOwner (0.00s)
=== RUN   TestCurriculoHandler_GetSituacaoInteressesByCPF_AsOwner
--- PASS: TestCurriculoHandler_GetSituacaoInteressesByCPF_AsOwner (0.00s)
=== RUN   TestEmpresaHandler_Create_Success
--- PASS: TestEmpresaHandler_Create_Success (0.00s)
=== RUN   TestEmpresaHandler_Create_BadJSON
--- PASS: TestEmpresaHandler_Create_BadJSON (0.00s)
=== RUN   TestEmpresaHandler_Create_Error
--- PASS: TestEmpresaHandler_Create_Error (0.00s)
=== RUN   TestEmpresaHandler_List_Success
--- PASS: TestEmpresaHandler_List_Success (0.00s)
=== RUN   TestEmpresaHandler_List_WithFilters
--- PASS: TestEmpresaHandler_List_WithFilters (0.00s)
=== RUN   TestEmpresaHandler_List_Error
--- PASS: TestEmpresaHandler_List_Error (0.00s)
=== RUN   TestEmpresaHandler_GetByID_Found
--- PASS: TestEmpresaHandler_GetByID_Found (0.00s)
=== RUN   TestEmpresaHandler_GetByID_NotFound
--- PASS: TestEmpresaHandler_GetByID_NotFound (0.00s)
=== RUN   TestEmpresaHandler_GetByID_Error
--- PASS: TestEmpresaHandler_GetByID_Error (0.00s)
=== RUN   TestEmpresaHandler_Update_Success
--- PASS: TestEmpresaHandler_Update_Success (0.00s)
=== RUN   TestEmpresaHandler_Update_BadJSON
--- PASS: TestEmpresaHandler_Update_BadJSON (0.00s)
=== RUN   TestEmpresaHandler_Update_Error
--- PASS: TestEmpresaHandler_Update_Error (0.00s)
=== RUN   TestEmpresaHandler_Delete_Success
--- PASS: TestEmpresaHandler_Delete_Success (0.00s)
=== RUN   TestEmpresaHandler_Delete_Error
--- PASS: TestEmpresaHandler_Delete_Error (0.00s)
=== RUN   TestEmpresaHandler_ConsultaCNPJ_NoService
--- PASS: TestEmpresaHandler_ConsultaCNPJ_NoService (0.00s)
=== RUN   TestEtapaHandler_Create_Success
--- PASS: TestEtapaHandler_Create_Success (0.00s)
=== RUN   TestEtapaHandler_Create_InvalidVagaID
--- PASS: TestEtapaHandler_Create_InvalidVagaID (0.00s)
=== RUN   TestEtapaHandler_Create_BadJSON
--- PASS: TestEtapaHandler_Create_BadJSON (0.00s)
=== RUN   TestEtapaHandler_Create_ServiceError
--- PASS: TestEtapaHandler_Create_ServiceError (0.00s)
=== RUN   TestEtapaHandler_ListByVaga_Success
--- PASS: TestEtapaHandler_ListByVaga_Success (0.00s)
=== RUN   TestEtapaHandler_ListByVaga_InvalidVagaID
--- PASS: TestEtapaHandler_ListByVaga_InvalidVagaID (0.00s)
=== RUN   TestEtapaHandler_ListByVaga_ServiceError
--- PASS: TestEtapaHandler_ListByVaga_ServiceError (0.00s)
=== RUN   TestEtapaHandler_GetByID_Found
--- PASS: TestEtapaHandler_GetByID_Found (0.00s)
=== RUN   TestEtapaHandler_GetByID_NotFound
--- PASS: TestEtapaHandler_GetByID_NotFound (0.00s)
=== RUN   TestEtapaHandler_GetByID_InvalidID
--- PASS: TestEtapaHandler_GetByID_InvalidID (0.00s)
=== RUN   TestEtapaHandler_GetByID_ServiceError
--- PASS: TestEtapaHandler_GetByID_ServiceError (0.00s)
=== RUN   TestEtapaHandler_Update_Success
--- PASS: TestEtapaHandler_Update_Success (0.00s)
=== RUN   TestEtapaHandler_Update_InvalidVagaID
--- PASS: TestEtapaHandler_Update_InvalidVagaID (0.00s)
=== RUN   TestEtapaHandler_Update_InvalidEtapaID
--- PASS: TestEtapaHandler_Update_InvalidEtapaID (0.00s)
=== RUN   TestEtapaHandler_Update_ServiceError
--- PASS: TestEtapaHandler_Update_ServiceError (0.00s)
=== RUN   TestEtapaHandler_Delete_Success
--- PASS: TestEtapaHandler_Delete_Success (0.00s)
=== RUN   TestEtapaHandler_Delete_InvalidID
--- PASS: TestEtapaHandler_Delete_InvalidID (0.00s)
=== RUN   TestEtapaHandler_Delete_ServiceError
--- PASS: TestEtapaHandler_Delete_ServiceError (0.00s)
=== RUN   TestRegimeContratacaoHandler_List_EdgeCases
=== RUN   TestRegimeContratacaoHandler_List_EdgeCases/InvalidPage
=== RUN   TestRegimeContratacaoHandler_List_EdgeCases/InvalidPageSize_TooSmall
=== RUN   TestRegimeContratacaoHandler_List_EdgeCases/InvalidPageSize_TooLarge
--- PASS: TestRegimeContratacaoHandler_List_EdgeCases (0.00s)
    --- PASS: TestRegimeContratacaoHandler_List_EdgeCases/InvalidPage (0.00s)
    --- PASS: TestRegimeContratacaoHandler_List_EdgeCases/InvalidPageSize_TooSmall (0.00s)
    --- PASS: TestRegimeContratacaoHandler_List_EdgeCases/InvalidPageSize_TooLarge (0.00s)
=== RUN   TestModeloTrabalhoHandler_List_EdgeCases
=== RUN   TestModeloTrabalhoHandler_List_EdgeCases/InvalidPage
=== RUN   TestModeloTrabalhoHandler_List_EdgeCases/InvalidPageSize
--- PASS: TestModeloTrabalhoHandler_List_EdgeCases (0.00s)
    --- PASS: TestModeloTrabalhoHandler_List_EdgeCases/InvalidPage (0.00s)
    --- PASS: TestModeloTrabalhoHandler_List_EdgeCases/InvalidPageSize (0.00s)
=== RUN   TestModeloTrabalhoHandler_Update_BadJSON
--- PASS: TestModeloTrabalhoHandler_Update_BadJSON (0.00s)
=== RUN   TestTipoPCDHandler_List_EdgeCases
=== RUN   TestTipoPCDHandler_List_EdgeCases/InvalidPage
--- PASS: TestTipoPCDHandler_List_EdgeCases (0.00s)
    --- PASS: TestTipoPCDHandler_List_EdgeCases/InvalidPage (0.00s)
=== RUN   TestIdiomaHandler_Create_Error
--- PASS: TestIdiomaHandler_Create_Error (0.00s)
=== RUN   TestIdiomaHandler_Update_BadJSON
--- PASS: TestIdiomaHandler_Update_BadJSON (0.00s)
=== RUN   TestEscolaridadeHandler_Create_Error
--- PASS: TestEscolaridadeHandler_Create_Error (0.00s)
=== RUN   TestSituacaoAtualHandler_Create_Error
--- PASS: TestSituacaoAtualHandler_Create_Error (0.00s)
=== RUN   TestDisponibilidadeHandler_Create_Error
--- PASS: TestDisponibilidadeHandler_Create_Error (0.00s)
=== RUN   TestNivelIdiomaHandler_Create_Error
--- PASS: TestNivelIdiomaHandler_Create_Error (0.00s)
=== RUN   TestTipoConquistaHandler_Create_Error
--- PASS: TestTipoConquistaHandler_Create_Error (0.00s)
=== RUN   TestRegimeContratacaoHandler_GetByID_Error
--- PASS: TestRegimeContratacaoHandler_GetByID_Error (0.00s)
=== RUN   TestRegimeContratacaoHandler_Update_Error
--- PASS: TestRegimeContratacaoHandler_Update_Error (0.00s)
=== RUN   TestRegimeContratacaoHandler_Update_BadJSON
--- PASS: TestRegimeContratacaoHandler_Update_BadJSON (0.00s)
=== RUN   TestRegimeContratacaoHandler_Delete_Error
--- PASS: TestRegimeContratacaoHandler_Delete_Error (0.00s)
=== RUN   TestRegimeContratacaoHandler_Create_Success
--- PASS: TestRegimeContratacaoHandler_Create_Success (0.00s)
=== RUN   TestRegimeContratacaoHandler_Create_Error
--- PASS: TestRegimeContratacaoHandler_Create_Error (0.00s)
=== RUN   TestRegimeContratacaoHandler_Create_BadJSON
--- PASS: TestRegimeContratacaoHandler_Create_BadJSON (0.00s)
=== RUN   TestRegimeContratacaoHandler_List
--- PASS: TestRegimeContratacaoHandler_List (0.00s)
=== RUN   TestRegimeContratacaoHandler_List_Error
--- PASS: TestRegimeContratacaoHandler_List_Error (0.00s)
=== RUN   TestRegimeContratacaoHandler_GetByID_Found
--- PASS: TestRegimeContratacaoHandler_GetByID_Found (0.00s)
=== RUN   TestRegimeContratacaoHandler_GetByID_NotFound
--- PASS: TestRegimeContratacaoHandler_GetByID_NotFound (0.00s)
=== RUN   TestRegimeContratacaoHandler_GetByID_InvalidID
--- PASS: TestRegimeContratacaoHandler_GetByID_InvalidID (0.00s)
=== RUN   TestRegimeContratacaoHandler_Update_Success
--- PASS: TestRegimeContratacaoHandler_Update_Success (0.00s)
=== RUN   TestRegimeContratacaoHandler_Update_InvalidID
--- PASS: TestRegimeContratacaoHandler_Update_InvalidID (0.00s)
=== RUN   TestRegimeContratacaoHandler_Delete_Success
--- PASS: TestRegimeContratacaoHandler_Delete_Success (0.00s)
=== RUN   TestRegimeContratacaoHandler_Delete_InvalidID
--- PASS: TestRegimeContratacaoHandler_Delete_InvalidID (0.00s)
=== RUN   TestModeloTrabalhoHandler_Create_Success
--- PASS: TestModeloTrabalhoHandler_Create_Success (0.00s)
=== RUN   TestModeloTrabalhoHandler_Create_Error
--- PASS: TestModeloTrabalhoHandler_Create_Error (0.00s)
=== RUN   TestModeloTrabalhoHandler_List
--- PASS: TestModeloTrabalhoHandler_List (0.00s)
=== RUN   TestModeloTrabalhoHandler_GetByID_Found
--- PASS: TestModeloTrabalhoHandler_GetByID_Found (0.00s)
=== RUN   TestModeloTrabalhoHandler_GetByID_NotFound
--- PASS: TestModeloTrabalhoHandler_GetByID_NotFound (0.00s)
=== RUN   TestModeloTrabalhoHandler_GetByID_InvalidID
--- PASS: TestModeloTrabalhoHandler_GetByID_InvalidID (0.00s)
=== RUN   TestModeloTrabalhoHandler_Update_Success
--- PASS: TestModeloTrabalhoHandler_Update_Success (0.00s)
=== RUN   TestModeloTrabalhoHandler_Update_Error
--- PASS: TestModeloTrabalhoHandler_Update_Error (0.00s)
=== RUN   TestModeloTrabalhoHandler_Delete_Success
--- PASS: TestModeloTrabalhoHandler_Delete_Success (0.00s)
=== RUN   TestModeloTrabalhoHandler_Delete_InvalidID
--- PASS: TestModeloTrabalhoHandler_Delete_InvalidID (0.00s)
=== RUN   TestTipoPCDHandler_CRUD
=== RUN   TestTipoPCDHandler_CRUD/Create_Success
=== RUN   TestTipoPCDHandler_CRUD/Create_BadJSON
=== RUN   TestTipoPCDHandler_CRUD/List_Success
=== RUN   TestTipoPCDHandler_CRUD/GetByID_Found
=== RUN   TestTipoPCDHandler_CRUD/GetByID_NotFound
=== RUN   TestTipoPCDHandler_CRUD/GetByID_InvalidID
=== RUN   TestTipoPCDHandler_CRUD/Update_Success
=== RUN   TestTipoPCDHandler_CRUD/Update_InvalidID
=== RUN   TestTipoPCDHandler_CRUD/Delete_Success
=== RUN   TestTipoPCDHandler_CRUD/Delete_InvalidID
--- PASS: TestTipoPCDHandler_CRUD (0.00s)
    --- PASS: TestTipoPCDHandler_CRUD/Create_Success (0.00s)
    --- PASS: TestTipoPCDHandler_CRUD/Create_BadJSON (0.00s)
    --- PASS: TestTipoPCDHandler_CRUD/List_Success (0.00s)
    --- PASS: TestTipoPCDHandler_CRUD/GetByID_Found (0.00s)
    --- PASS: TestTipoPCDHandler_CRUD/GetByID_NotFound (0.00s)
    --- PASS: TestTipoPCDHandler_CRUD/GetByID_InvalidID (0.00s)
    --- PASS: TestTipoPCDHandler_CRUD/Update_Success (0.00s)
    --- PASS: TestTipoPCDHandler_CRUD/Update_InvalidID (0.00s)
    --- PASS: TestTipoPCDHandler_CRUD/Delete_Success (0.00s)
    --- PASS: TestTipoPCDHandler_CRUD/Delete_InvalidID (0.00s)
=== RUN   TestIdiomaHandler_CRUD
=== RUN   TestIdiomaHandler_CRUD/Create_Success
=== RUN   TestIdiomaHandler_CRUD/List_Success
=== RUN   TestIdiomaHandler_CRUD/List_Error
=== RUN   TestIdiomaHandler_CRUD/GetByID_Found
=== RUN   TestIdiomaHandler_CRUD/GetByID_NotFound
=== RUN   TestIdiomaHandler_CRUD/GetByID_InvalidID
=== RUN   TestIdiomaHandler_CRUD/Update_Success
=== RUN   TestIdiomaHandler_CRUD/Update_InvalidID
=== RUN   TestIdiomaHandler_CRUD/Delete_Success
=== RUN   TestIdiomaHandler_CRUD/Delete_InvalidID
--- PASS: TestIdiomaHandler_CRUD (0.00s)
    --- PASS: TestIdiomaHandler_CRUD/Create_Success (0.00s)
    --- PASS: TestIdiomaHandler_CRUD/List_Success (0.00s)
    --- PASS: TestIdiomaHandler_CRUD/List_Error (0.00s)
    --- PASS: TestIdiomaHandler_CRUD/GetByID_Found (0.00s)
    --- PASS: TestIdiomaHandler_CRUD/GetByID_NotFound (0.00s)
    --- PASS: TestIdiomaHandler_CRUD/GetByID_InvalidID (0.00s)
    --- PASS: TestIdiomaHandler_CRUD/Update_Success (0.00s)
    --- PASS: TestIdiomaHandler_CRUD/Update_InvalidID (0.00s)
    --- PASS: TestIdiomaHandler_CRUD/Delete_Success (0.00s)
    --- PASS: TestIdiomaHandler_CRUD/Delete_InvalidID (0.00s)
=== RUN   TestNivelIdiomaHandler_CRUD
=== RUN   TestNivelIdiomaHandler_CRUD/Create_Success
=== RUN   TestNivelIdiomaHandler_CRUD/List_Success
=== RUN   TestNivelIdiomaHandler_CRUD/GetByID_Found
=== RUN   TestNivelIdiomaHandler_CRUD/GetByID_NotFound
=== RUN   TestNivelIdiomaHandler_CRUD/Update_Success
=== RUN   TestNivelIdiomaHandler_CRUD/Delete_Success
--- PASS: TestNivelIdiomaHandler_CRUD (0.00s)
    --- PASS: TestNivelIdiomaHandler_CRUD/Create_Success (0.00s)
    --- PASS: TestNivelIdiomaHandler_CRUD/List_Success (0.00s)
    --- PASS: TestNivelIdiomaHandler_CRUD/GetByID_Found (0.00s)
    --- PASS: TestNivelIdiomaHandler_CRUD/GetByID_NotFound (0.00s)
    --- PASS: TestNivelIdiomaHandler_CRUD/Update_Success (0.00s)
    --- PASS: TestNivelIdiomaHandler_CRUD/Delete_Success (0.00s)
=== RUN   TestEscolaridadeHandler_CRUD
=== RUN   TestEscolaridadeHandler_CRUD/Create_Success
=== RUN   TestEscolaridadeHandler_CRUD/List_Success
=== RUN   TestEscolaridadeHandler_CRUD/GetByID_Found
=== RUN   TestEscolaridadeHandler_CRUD/GetByID_NotFound
=== RUN   TestEscolaridadeHandler_CRUD/Update_Success
=== RUN   TestEscolaridadeHandler_CRUD/Delete_Success
--- PASS: TestEscolaridadeHandler_CRUD (0.00s)
    --- PASS: TestEscolaridadeHandler_CRUD/Create_Success (0.00s)
    --- PASS: TestEscolaridadeHandler_CRUD/List_Success (0.00s)
    --- PASS: TestEscolaridadeHandler_CRUD/GetByID_Found (0.00s)
    --- PASS: TestEscolaridadeHandler_CRUD/GetByID_NotFound (0.00s)
    --- PASS: TestEscolaridadeHandler_CRUD/Update_Success (0.00s)
    --- PASS: TestEscolaridadeHandler_CRUD/Delete_Success (0.00s)
=== RUN   TestTipoConquistaHandler_CRUD
=== RUN   TestTipoConquistaHandler_CRUD/Create_Success
=== RUN   TestTipoConquistaHandler_CRUD/List_Success
=== RUN   TestTipoConquistaHandler_CRUD/GetByID_Found
=== RUN   TestTipoConquistaHandler_CRUD/GetByID_NotFound
=== RUN   TestTipoConquistaHandler_CRUD/Update_Success
=== RUN   TestTipoConquistaHandler_CRUD/Delete_Success
--- PASS: TestTipoConquistaHandler_CRUD (0.00s)
    --- PASS: TestTipoConquistaHandler_CRUD/Create_Success (0.00s)
    --- PASS: TestTipoConquistaHandler_CRUD/List_Success (0.00s)
    --- PASS: TestTipoConquistaHandler_CRUD/GetByID_Found (0.00s)
    --- PASS: TestTipoConquistaHandler_CRUD/GetByID_NotFound (0.00s)
    --- PASS: TestTipoConquistaHandler_CRUD/Update_Success (0.00s)
    --- PASS: TestTipoConquistaHandler_CRUD/Delete_Success (0.00s)
=== RUN   TestSituacaoAtualHandler_CRUD
=== RUN   TestSituacaoAtualHandler_CRUD/Create_Success
=== RUN   TestSituacaoAtualHandler_CRUD/List_Success
=== RUN   TestSituacaoAtualHandler_CRUD/GetByID_Found
=== RUN   TestSituacaoAtualHandler_CRUD/GetByID_NotFound
=== RUN   TestSituacaoAtualHandler_CRUD/Update_Success
=== RUN   TestSituacaoAtualHandler_CRUD/Delete_Success
--- PASS: TestSituacaoAtualHandler_CRUD (0.00s)
    --- PASS: TestSituacaoAtualHandler_CRUD/Create_Success (0.00s)
    --- PASS: TestSituacaoAtualHandler_CRUD/List_Success (0.00s)
    --- PASS: TestSituacaoAtualHandler_CRUD/GetByID_Found (0.00s)
    --- PASS: TestSituacaoAtualHandler_CRUD/GetByID_NotFound (0.00s)
    --- PASS: TestSituacaoAtualHandler_CRUD/Update_Success (0.00s)
    --- PASS: TestSituacaoAtualHandler_CRUD/Delete_Success (0.00s)
=== RUN   TestDisponibilidadeHandler_CRUD
=== RUN   TestDisponibilidadeHandler_CRUD/Create_Success
=== RUN   TestDisponibilidadeHandler_CRUD/List_Success
=== RUN   TestDisponibilidadeHandler_CRUD/GetByID_Found
=== RUN   TestDisponibilidadeHandler_CRUD/GetByID_NotFound
=== RUN   TestDisponibilidadeHandler_CRUD/Update_Success
=== RUN   TestDisponibilidadeHandler_CRUD/Delete_Success
--- PASS: TestDisponibilidadeHandler_CRUD (0.00s)
    --- PASS: TestDisponibilidadeHandler_CRUD/Create_Success (0.00s)
    --- PASS: TestDisponibilidadeHandler_CRUD/List_Success (0.00s)
    --- PASS: TestDisponibilidadeHandler_CRUD/GetByID_Found (0.00s)
    --- PASS: TestDisponibilidadeHandler_CRUD/GetByID_NotFound (0.00s)
    --- PASS: TestDisponibilidadeHandler_CRUD/Update_Success (0.00s)
    --- PASS: TestDisponibilidadeHandler_CRUD/Delete_Success (0.00s)
=== RUN   TestOnboardingHandler_IsFirstLogin_AsAdmin
--- PASS: TestOnboardingHandler_IsFirstLogin_AsAdmin (0.00s)
=== RUN   TestOnboardingHandler_IsFirstLogin_AsOwner
--- PASS: TestOnboardingHandler_IsFirstLogin_AsOwner (0.00s)
=== RUN   TestOnboardingHandler_IsFirstLogin_Forbidden
--- PASS: TestOnboardingHandler_IsFirstLogin_Forbidden (0.00s)
=== RUN   TestOnboardingHandler_IsFirstLogin_Unauthorized
--- PASS: TestOnboardingHandler_IsFirstLogin_Unauthorized (0.00s)
=== RUN   TestOnboardingHandler_IsFirstLogin_ServiceError
--- PASS: TestOnboardingHandler_IsFirstLogin_ServiceError (0.00s)
=== RUN   TestOnboardingHandler_MarkCompleted_AsOwner
--- PASS: TestOnboardingHandler_MarkCompleted_AsOwner (0.00s)
=== RUN   TestOnboardingHandler_MarkCompleted_Forbidden
--- PASS: TestOnboardingHandler_MarkCompleted_Forbidden (0.00s)
=== RUN   TestOnboardingHandler_MarkCompleted_Unauthorized
--- PASS: TestOnboardingHandler_MarkCompleted_Unauthorized (0.00s)
=== RUN   TestOnboardingHandler_MarkCompleted_ServiceError
--- PASS: TestOnboardingHandler_MarkCompleted_ServiceError (0.00s)
=== RUN   TestTermosUsoHandler_HasAcceptedTerms_AsOwner
--- PASS: TestTermosUsoHandler_HasAcceptedTerms_AsOwner (0.00s)
=== RUN   TestTermosUsoHandler_HasAcceptedTerms_AsAdmin
--- PASS: TestTermosUsoHandler_HasAcceptedTerms_AsAdmin (0.00s)
=== RUN   TestTermosUsoHandler_HasAcceptedTerms_Forbidden
--- PASS: TestTermosUsoHandler_HasAcceptedTerms_Forbidden (0.00s)
=== RUN   TestTermosUsoHandler_HasAcceptedTerms_Unauthorized
--- PASS: TestTermosUsoHandler_HasAcceptedTerms_Unauthorized (0.00s)
=== RUN   TestTermosUsoHandler_HasAcceptedTerms_ServiceError
--- PASS: TestTermosUsoHandler_HasAcceptedTerms_ServiceError (0.00s)
=== RUN   TestTermosUsoHandler_AcceptTerms_Success
--- PASS: TestTermosUsoHandler_AcceptTerms_Success (0.00s)
=== RUN   TestTermosUsoHandler_AcceptTerms_Forbidden
--- PASS: TestTermosUsoHandler_AcceptTerms_Forbidden (0.00s)
=== RUN   TestTermosUsoHandler_AcceptTerms_ServiceError
--- PASS: TestTermosUsoHandler_AcceptTerms_ServiceError (0.00s)
=== RUN   TestTermosUsoHandler_GetDetails_Found
--- PASS: TestTermosUsoHandler_GetDetails_Found (0.00s)
=== RUN   TestTermosUsoHandler_GetDetails_NotFound
--- PASS: TestTermosUsoHandler_GetDetails_NotFound (0.00s)
=== RUN   TestTermosUsoHandler_GetDetails_ServiceError
--- PASS: TestTermosUsoHandler_GetDetails_ServiceError (0.00s)
=== RUN   TestVagaHandler_Create_Success
--- PASS: TestVagaHandler_Create_Success (0.00s)
=== RUN   TestVagaHandler_Create_BadJSON
--- PASS: TestVagaHandler_Create_BadJSON (0.00s)
=== RUN   TestVagaHandler_Create_ServiceError
--- PASS: TestVagaHandler_Create_ServiceError (0.00s)
=== RUN   TestVagaHandler_List_Success
--- PASS: TestVagaHandler_List_Success (0.00s)
=== RUN   TestVagaHandler_List_WithFilters
--- PASS: TestVagaHandler_List_WithFilters (0.00s)
=== RUN   TestVagaHandler_List_ServiceError
--- PASS: TestVagaHandler_List_ServiceError (0.00s)
=== RUN   TestVagaHandler_GetByID_Found
--- PASS: TestVagaHandler_GetByID_Found (0.00s)
=== RUN   TestVagaHandler_GetByID_NotFound
--- PASS: TestVagaHandler_GetByID_NotFound (0.00s)
=== RUN   TestVagaHandler_GetByID_InvalidID
--- PASS: TestVagaHandler_GetByID_InvalidID (0.00s)
=== RUN   TestVagaHandler_GetByID_ServiceError
--- PASS: TestVagaHandler_GetByID_ServiceError (0.00s)
=== RUN   TestVagaHandler_Update_Success
--- PASS: TestVagaHandler_Update_Success (0.00s)
=== RUN   TestVagaHandler_Update_InvalidID
--- PASS: TestVagaHandler_Update_InvalidID (0.00s)
=== RUN   TestVagaHandler_Update_NotFound
--- PASS: TestVagaHandler_Update_NotFound (0.00s)
=== RUN   TestVagaHandler_Update_PublishedForbiddenNonAdmin
--- PASS: TestVagaHandler_Update_PublishedForbiddenNonAdmin (0.00s)
=== RUN   TestVagaHandler_Update_PublishedAllowedForAdmin
--- PASS: TestVagaHandler_Update_PublishedAllowedForAdmin (0.00s)
=== RUN   TestVagaHandler_Delete_Success
--- PASS: TestVagaHandler_Delete_Success (0.00s)
=== RUN   TestVagaHandler_Delete_InvalidID
--- PASS: TestVagaHandler_Delete_InvalidID (0.00s)
=== RUN   TestVagaHandler_Delete_ServiceError
--- PASS: TestVagaHandler_Delete_ServiceError (0.00s)
=== RUN   TestVagaHandler_SendToDraft_InvalidID
--- PASS: TestVagaHandler_SendToDraft_InvalidID (0.00s)
=== RUN   TestVagaHandler_SendToApproval_InvalidID
--- PASS: TestVagaHandler_SendToApproval_InvalidID (0.00s)
=== RUN   TestVagaHandler_Publish_InvalidID
--- PASS: TestVagaHandler_Publish_InvalidID (0.00s)
=== RUN   TestVagaHandler_UpdateTiposPCD_Success
--- PASS: TestVagaHandler_UpdateTiposPCD_Success (0.00s)
=== RUN   TestVagaHandler_UpdateTiposPCD_InvalidID
--- PASS: TestVagaHandler_UpdateTiposPCD_InvalidID (0.00s)
=== RUN   TestVagaHandler_Freeze_InvalidID
--- PASS: TestVagaHandler_Freeze_InvalidID (0.00s)
=== RUN   TestVagaHandler_Unfreeze_InvalidID
--- PASS: TestVagaHandler_Unfreeze_InvalidID (0.00s)
=== RUN   TestVagaHandler_Discontinue_InvalidID
--- PASS: TestVagaHandler_Discontinue_InvalidID (0.00s)
=== RUN   TestVagaHandler_Reactivate_InvalidID
--- PASS: TestVagaHandler_Reactivate_InvalidID (0.00s)
=== RUN   TestVagaHandler_PublicList_Success
--- PASS: TestVagaHandler_PublicList_Success (0.00s)
=== RUN   TestVagaHandler_PublicGetByID_ActiveVaga
--- PASS: TestVagaHandler_PublicGetByID_ActiveVaga (0.00s)
=== RUN   TestVagaHandler_PublicGetByID_NonActiveVaga
--- PASS: TestVagaHandler_PublicGetByID_NonActiveVaga (0.00s)
=== RUN   TestVagaHandler_PublicGetByID_NotFound
--- PASS: TestVagaHandler_PublicGetByID_NotFound (0.00s)
=== RUN   TestVagaHandler_PublicGetByID_InvalidID
--- PASS: TestVagaHandler_PublicGetByID_InvalidID (0.00s)
PASS
coverage: 62.9% of statements
ok  	github.com/prefeitura-rio/app-go-api/internal/handlers/v1/empregabilidade	2.464s	coverage: 62.9% of statements
=== RUN   TestNormalizeFieldName
=== RUN   TestNormalizeFieldName/simple_lowercase
=== RUN   TestNormalizeFieldName/simple_uppercase
=== RUN   TestNormalizeFieldName/with_spaces
=== RUN   TestNormalizeFieldName/with_dashes
=== RUN   TestNormalizeFieldName/with_accents
=== RUN   TestNormalizeFieldName/complex_accents
=== RUN   TestNormalizeFieldName/with_ç
=== RUN   TestNormalizeFieldName/trim_spaces
--- PASS: TestNormalizeFieldName (0.00s)
    --- PASS: TestNormalizeFieldName/simple_lowercase (0.00s)
    --- PASS: TestNormalizeFieldName/simple_uppercase (0.00s)
    --- PASS: TestNormalizeFieldName/with_spaces (0.00s)
    --- PASS: TestNormalizeFieldName/with_dashes (0.00s)
    --- PASS: TestNormalizeFieldName/with_accents (0.00s)
    --- PASS: TestNormalizeFieldName/complex_accents (0.00s)
    --- PASS: TestNormalizeFieldName/with_ç (0.00s)
    --- PASS: TestNormalizeFieldName/trim_spaces (0.00s)
=== RUN   TestMatchesFieldName
=== RUN   TestMatchesFieldName/exact_match_lowercase
=== RUN   TestMatchesFieldName/case_insensitive
=== RUN   TestMatchesFieldName/with_accents
=== RUN   TestMatchesFieldName/with_spaces_vs_underscores
=== RUN   TestMatchesFieldName/no_match
=== RUN   TestMatchesFieldName/spaces_normalized
--- PASS: TestMatchesFieldName (0.00s)
    --- PASS: TestMatchesFieldName/exact_match_lowercase (0.00s)
    --- PASS: TestMatchesFieldName/case_insensitive (0.00s)
    --- PASS: TestMatchesFieldName/with_accents (0.00s)
    --- PASS: TestMatchesFieldName/with_spaces_vs_underscores (0.00s)
    --- PASS: TestMatchesFieldName/no_match (0.00s)
    --- PASS: TestMatchesFieldName/spaces_normalized (0.00s)
=== RUN   TestBuildFieldMappings
=== RUN   TestBuildFieldMappings/simple_fields
=== RUN   TestBuildFieldMappings/fields_with_accents
=== RUN   TestBuildFieldMappings/empty_fields
--- PASS: TestBuildFieldMappings (0.00s)
    --- PASS: TestBuildFieldMappings/simple_fields (0.00s)
    --- PASS: TestBuildFieldMappings/fields_with_accents (0.00s)
    --- PASS: TestBuildFieldMappings/empty_fields (0.00s)
=== RUN   TestValidateFieldType
=== RUN   TestValidateFieldType/valid_number
=== RUN   TestValidateFieldType/invalid_number
=== RUN   TestValidateFieldType/valid_email
=== RUN   TestValidateFieldType/invalid_email
=== RUN   TestValidateFieldType/valid_phone
=== RUN   TestValidateFieldType/invalid_phone_-_too_short
=== RUN   TestValidateFieldType/valid_text
=== RUN   TestValidateFieldType/valid_select_option
=== RUN   TestValidateFieldType/invalid_select_option
=== RUN   TestValidateFieldType/valid_multiselect
=== RUN   TestValidateFieldType/invalid_multiselect_-_invalid_option
--- PASS: TestValidateFieldType (0.00s)
    --- PASS: TestValidateFieldType/valid_number (0.00s)
    --- PASS: TestValidateFieldType/invalid_number (0.00s)
    --- PASS: TestValidateFieldType/valid_email (0.00s)
    --- PASS: TestValidateFieldType/invalid_email (0.00s)
    --- PASS: TestValidateFieldType/valid_phone (0.00s)
    --- PASS: TestValidateFieldType/invalid_phone_-_too_short (0.00s)
    --- PASS: TestValidateFieldType/valid_text (0.00s)
    --- PASS: TestValidateFieldType/valid_select_option (0.00s)
    --- PASS: TestValidateFieldType/invalid_select_option (0.00s)
    --- PASS: TestValidateFieldType/valid_multiselect (0.00s)
    --- PASS: TestValidateFieldType/invalid_multiselect_-_invalid_option (0.00s)
=== RUN   TestValidateCustomFields
=== RUN   TestValidateCustomFields/all_required_fields_present
=== RUN   TestValidateCustomFields/missing_required_field
=== RUN   TestValidateCustomFields/empty_required_field
=== RUN   TestValidateCustomFields/optional_field_can_be_empty
=== RUN   TestValidateCustomFields/invalid_field_type
--- PASS: TestValidateCustomFields (0.00s)
    --- PASS: TestValidateCustomFields/all_required_fields_present (0.00s)
    --- PASS: TestValidateCustomFields/missing_required_field (0.00s)
    --- PASS: TestValidateCustomFields/empty_required_field (0.00s)
    --- PASS: TestValidateCustomFields/optional_field_can_be_empty (0.00s)
    --- PASS: TestValidateCustomFields/invalid_field_type (0.00s)
=== RUN   TestNewJobProcessor
--- PASS: TestNewJobProcessor (0.00s)
=== RUN   TestJobProcessorActiveJobsTracking
--- PASS: TestJobProcessorActiveJobsTracking (0.00s)
=== RUN   TestJobProcessorConcurrentAccess
--- PASS: TestJobProcessorConcurrentAccess (0.00s)
=== RUN   TestCancelJob_JobNotRunning
--- PASS: TestCancelJob_JobNotRunning (0.00s)
=== RUN   TestCancelJob_JobRunning
--- PASS: TestCancelJob_JobRunning (0.00s)
=== RUN   TestEnrollmentRow_DefaultValues
--- PASS: TestEnrollmentRow_DefaultValues (0.00s)
=== RUN   TestEnrollmentRow_CustomFields
--- PASS: TestEnrollmentRow_CustomFields (0.00s)
PASS
coverage: 16.6% of statements
ok  	github.com/prefeitura-rio/app-go-api/internal/jobs	2.741s	coverage: 16.6% of statements
=== RUN   TestCORS_Preflight
--- PASS: TestCORS_Preflight (0.00s)
=== RUN   TestCORS_ActualRequest
--- PASS: TestCORS_ActualRequest (0.00s)
=== RUN   TestCORS_NoOriginHeader
--- PASS: TestCORS_NoOriginHeader (0.00s)
=== RUN   TestTimeout_Success
--- PASS: TestTimeout_Success (0.10s)
=== RUN   TestTimeout_Exceeded
--- PASS: TestTimeout_Exceeded (0.10s)
=== RUN   TestTimeout_ChecksContext
--- PASS: TestTimeout_ChecksContext (0.20s)
=== RUN   TestDecodeJWT
=== RUN   TestDecodeJWT/valid_jwt_with_cpf
=== RUN   TestDecodeJWT/invalid_jwt_format
=== RUN   TestDecodeJWT/jwt_with_two_parts_only
=== RUN   TestDecodeJWT/empty_token
--- PASS: TestDecodeJWT (0.00s)
    --- PASS: TestDecodeJWT/valid_jwt_with_cpf (0.00s)
    --- PASS: TestDecodeJWT/invalid_jwt_format (0.00s)
    --- PASS: TestDecodeJWT/jwt_with_two_parts_only (0.00s)
    --- PASS: TestDecodeJWT/empty_token (0.00s)
=== RUN   TestExtractUserContext
=== RUN   TestExtractUserContext/extract_from_authorization_header
=== RUN   TestExtractUserContext/extract_from_x_auth_request_token
=== RUN   TestExtractUserContext/no_auth_header
=== RUN   TestExtractUserContext/user_role_default
--- PASS: TestExtractUserContext (0.00s)
    --- PASS: TestExtractUserContext/extract_from_authorization_header (0.00s)
    --- PASS: TestExtractUserContext/extract_from_x_auth_request_token (0.00s)
    --- PASS: TestExtractUserContext/no_auth_header (0.00s)
    --- PASS: TestExtractUserContext/user_role_default (0.00s)
=== RUN   TestGetUserHelpers
--- PASS: TestGetUserHelpers (0.00s)
=== RUN   TestIsEmpregabilidadeRole
=== RUN   TestIsEmpregabilidadeRole/has_empregabilidade_role
=== RUN   TestIsEmpregabilidadeRole/no_empregabilidade_role
=== RUN   TestIsEmpregabilidadeRole/empty_roles
--- PASS: TestIsEmpregabilidadeRole (0.00s)
    --- PASS: TestIsEmpregabilidadeRole/has_empregabilidade_role (0.00s)
    --- PASS: TestIsEmpregabilidadeRole/no_empregabilidade_role (0.00s)
    --- PASS: TestIsEmpregabilidadeRole/empty_roles (0.00s)
=== RUN   TestRequireOwnershipOrAdmin
=== RUN   TestRequireOwnershipOrAdmin/admin_access_allowed
=== RUN   TestRequireOwnershipOrAdmin/owner_access_allowed
=== RUN   TestRequireOwnershipOrAdmin/unauthorized_no_cpf
=== RUN   TestRequireOwnershipOrAdmin/forbidden_different_user
--- PASS: TestRequireOwnershipOrAdmin (0.00s)
    --- PASS: TestRequireOwnershipOrAdmin/admin_access_allowed (0.00s)
    --- PASS: TestRequireOwnershipOrAdmin/owner_access_allowed (0.00s)
    --- PASS: TestRequireOwnershipOrAdmin/unauthorized_no_cpf (0.00s)
    --- PASS: TestRequireOwnershipOrAdmin/forbidden_different_user (0.00s)
PASS
coverage: 73.2% of statements
ok  	github.com/prefeitura-rio/app-go-api/internal/middlewares	3.517s	coverage: 73.2% of statements
=== RUN   TestFormatoAula_Normalize
=== RUN   TestFormatoAula_Normalize/empty_stays_empty
=== RUN   TestFormatoAula_Normalize/uppercase_stays_same
=== RUN   TestFormatoAula_Normalize/lowercase_to_uppercase
=== RUN   TestFormatoAula_Normalize/mixed_case_to_uppercase
=== RUN   TestFormatoAula_Normalize/with_spaces_trimmed_and_uppercase
=== RUN   TestFormatoAula_Normalize/only_spaces_becomes_empty
--- PASS: TestFormatoAula_Normalize (0.00s)
    --- PASS: TestFormatoAula_Normalize/empty_stays_empty (0.00s)
    --- PASS: TestFormatoAula_Normalize/uppercase_stays_same (0.00s)
    --- PASS: TestFormatoAula_Normalize/lowercase_to_uppercase (0.00s)
    --- PASS: TestFormatoAula_Normalize/mixed_case_to_uppercase (0.00s)
    --- PASS: TestFormatoAula_Normalize/with_spaces_trimmed_and_uppercase (0.00s)
    --- PASS: TestFormatoAula_Normalize/only_spaces_becomes_empty (0.00s)
=== RUN   TestCurso_Validate
=== RUN   TestCurso_Validate/valid_curso_minimal
=== RUN   TestCurso_Validate/valid_curso_with_formato_aula
=== RUN   TestCurso_Validate/missing_titulo
=== RUN   TestCurso_Validate/titulo_only_spaces
=== RUN   TestCurso_Validate/invalid_modalidade
=== RUN   TestCurso_Validate/invalid_status
=== RUN   TestCurso_Validate/invalid_formato_aula
=== RUN   TestCurso_Validate/valid_empty_formato_aula
--- PASS: TestCurso_Validate (0.00s)
    --- PASS: TestCurso_Validate/valid_curso_minimal (0.00s)
    --- PASS: TestCurso_Validate/valid_curso_with_formato_aula (0.00s)
    --- PASS: TestCurso_Validate/missing_titulo (0.00s)
    --- PASS: TestCurso_Validate/titulo_only_spaces (0.00s)
    --- PASS: TestCurso_Validate/invalid_modalidade (0.00s)
    --- PASS: TestCurso_Validate/invalid_status (0.00s)
    --- PASS: TestCurso_Validate/invalid_formato_aula (0.00s)
    --- PASS: TestCurso_Validate/valid_empty_formato_aula (0.00s)
=== RUN   TestModalidade_EdgeCases
=== RUN   TestModalidade_EdgeCases/case_sensitive_validation
=== RUN   TestModalidade_EdgeCases/normalize_handles_all_legacy_values
=== RUN   TestModalidade_EdgeCases/normalize_preserves_new_values
--- PASS: TestModalidade_EdgeCases (0.00s)
    --- PASS: TestModalidade_EdgeCases/case_sensitive_validation (0.00s)
    --- PASS: TestModalidade_EdgeCases/normalize_handles_all_legacy_values (0.00s)
    --- PASS: TestModalidade_EdgeCases/normalize_preserves_new_values (0.00s)
=== RUN   TestStatusCurso_EdgeCases
=== RUN   TestStatusCurso_EdgeCases/case_sensitive_validation
=== RUN   TestStatusCurso_EdgeCases/normalize_handles_all_legacy_values
=== RUN   TestStatusCurso_EdgeCases/normalize_case_insensitive
--- PASS: TestStatusCurso_EdgeCases (0.00s)
    --- PASS: TestStatusCurso_EdgeCases/case_sensitive_validation (0.00s)
    --- PASS: TestStatusCurso_EdgeCases/normalize_handles_all_legacy_values (0.00s)
    --- PASS: TestStatusCurso_EdgeCases/normalize_case_insensitive (0.00s)
=== RUN   TestCourseManagementType_EdgeCases
=== RUN   TestCourseManagementType_EdgeCases/all_valid_types
=== RUN   TestCourseManagementType_EdgeCases/case_sensitive
--- PASS: TestCourseManagementType_EdgeCases (0.00s)
    --- PASS: TestCourseManagementType_EdgeCases/all_valid_types (0.00s)
    --- PASS: TestCourseManagementType_EdgeCases/case_sensitive (0.00s)
=== RUN   TestCurso_ValidateWithAllFields
=== RUN   TestCurso_ValidateWithAllFields/valid_complete_curso
--- PASS: TestCurso_ValidateWithAllFields (0.00s)
    --- PASS: TestCurso_ValidateWithAllFields/valid_complete_curso (0.00s)
=== RUN   TestModalidade_AllValidValues
=== RUN   TestModalidade_AllValidValues/Presencial
=== RUN   TestModalidade_AllValidValues/Semipresencial
=== RUN   TestModalidade_AllValidValues/Remoto
=== RUN   TestModalidade_AllValidValues/PRESENCIAL
=== RUN   TestModalidade_AllValidValues/ONLINE
=== RUN   TestModalidade_AllValidValues/HIBRIDO
=== RUN   TestModalidade_AllValidValues/LIVRE_FORMACAO_ONLINE
--- PASS: TestModalidade_AllValidValues (0.00s)
    --- PASS: TestModalidade_AllValidValues/Presencial (0.00s)
    --- PASS: TestModalidade_AllValidValues/Semipresencial (0.00s)
    --- PASS: TestModalidade_AllValidValues/Remoto (0.00s)
    --- PASS: TestModalidade_AllValidValues/PRESENCIAL (0.00s)
    --- PASS: TestModalidade_AllValidValues/ONLINE (0.00s)
    --- PASS: TestModalidade_AllValidValues/HIBRIDO (0.00s)
    --- PASS: TestModalidade_AllValidValues/LIVRE_FORMACAO_ONLINE (0.00s)
=== RUN   TestStatusCurso_AllValidValues
=== RUN   TestStatusCurso_AllValidValues/draft
=== RUN   TestStatusCurso_AllValidValues/opened
=== RUN   TestStatusCurso_AllValidValues/closed
=== RUN   TestStatusCurso_AllValidValues/canceled
=== RUN   TestStatusCurso_AllValidValues/CRIADO
=== RUN   TestStatusCurso_AllValidValues/ABERTO
=== RUN   TestStatusCurso_AllValidValues/ENCERRADO
--- PASS: TestStatusCurso_AllValidValues (0.00s)
    --- PASS: TestStatusCurso_AllValidValues/draft (0.00s)
    --- PASS: TestStatusCurso_AllValidValues/opened (0.00s)
    --- PASS: TestStatusCurso_AllValidValues/closed (0.00s)
    --- PASS: TestStatusCurso_AllValidValues/canceled (0.00s)
    --- PASS: TestStatusCurso_AllValidValues/CRIADO (0.00s)
    --- PASS: TestStatusCurso_AllValidValues/ABERTO (0.00s)
    --- PASS: TestStatusCurso_AllValidValues/ENCERRADO (0.00s)
=== RUN   TestModalidade_IsValid
=== RUN   TestModalidade_IsValid/valid_presencial
=== RUN   TestModalidade_IsValid/valid_remoto
=== RUN   TestModalidade_IsValid/valid_hibrido
=== RUN   TestModalidade_IsValid/valid_online
=== RUN   TestModalidade_IsValid/valid_livre_formacao_online
=== RUN   TestModalidade_IsValid/invalid_empty
=== RUN   TestModalidade_IsValid/invalid_value
--- PASS: TestModalidade_IsValid (0.00s)
    --- PASS: TestModalidade_IsValid/valid_presencial (0.00s)
    --- PASS: TestModalidade_IsValid/valid_remoto (0.00s)
    --- PASS: TestModalidade_IsValid/valid_hibrido (0.00s)
    --- PASS: TestModalidade_IsValid/valid_online (0.00s)
    --- PASS: TestModalidade_IsValid/valid_livre_formacao_online (0.00s)
    --- PASS: TestModalidade_IsValid/invalid_empty (0.00s)
    --- PASS: TestModalidade_IsValid/invalid_value (0.00s)
=== RUN   TestModalidade_Normalize
=== RUN   TestModalidade_Normalize/presencial_uppercase_maps
=== RUN   TestModalidade_Normalize/online_maps_to_remoto
=== RUN   TestModalidade_Normalize/hibrido_maps_to_semipresencial
=== RUN   TestModalidade_Normalize/already_normalized
=== RUN   TestModalidade_Normalize/unknown_stays_same
--- PASS: TestModalidade_Normalize (0.00s)
    --- PASS: TestModalidade_Normalize/presencial_uppercase_maps (0.00s)
    --- PASS: TestModalidade_Normalize/online_maps_to_remoto (0.00s)
    --- PASS: TestModalidade_Normalize/hibrido_maps_to_semipresencial (0.00s)
    --- PASS: TestModalidade_Normalize/already_normalized (0.00s)
    --- PASS: TestModalidade_Normalize/unknown_stays_same (0.00s)
=== RUN   TestStatusCurso_IsValid
=== RUN   TestStatusCurso_IsValid/valid_draft
=== RUN   TestStatusCurso_IsValid/valid_opened
=== RUN   TestStatusCurso_IsValid/valid_closed
=== RUN   TestStatusCurso_IsValid/valid_canceled
=== RUN   TestStatusCurso_IsValid/invalid_empty
=== RUN   TestStatusCurso_IsValid/invalid_value
--- PASS: TestStatusCurso_IsValid (0.00s)
    --- PASS: TestStatusCurso_IsValid/valid_draft (0.00s)
    --- PASS: TestStatusCurso_IsValid/valid_opened (0.00s)
    --- PASS: TestStatusCurso_IsValid/valid_closed (0.00s)
    --- PASS: TestStatusCurso_IsValid/valid_canceled (0.00s)
    --- PASS: TestStatusCurso_IsValid/invalid_empty (0.00s)
    --- PASS: TestStatusCurso_IsValid/invalid_value (0.00s)
=== RUN   TestStatusCurso_Normalize
=== RUN   TestStatusCurso_Normalize/criado_maps_to_draft
=== RUN   TestStatusCurso_Normalize/aberto_maps_to_opened
=== RUN   TestStatusCurso_Normalize/encerrado_maps_to_closed
=== RUN   TestStatusCurso_Normalize/already_normalized
=== RUN   TestStatusCurso_Normalize/unknown_stays_same
--- PASS: TestStatusCurso_Normalize (0.00s)
    --- PASS: TestStatusCurso_Normalize/criado_maps_to_draft (0.00s)
    --- PASS: TestStatusCurso_Normalize/aberto_maps_to_opened (0.00s)
    --- PASS: TestStatusCurso_Normalize/encerrado_maps_to_closed (0.00s)
    --- PASS: TestStatusCurso_Normalize/already_normalized (0.00s)
    --- PASS: TestStatusCurso_Normalize/unknown_stays_same (0.00s)
=== RUN   TestCourseManagementType_IsValid
=== RUN   TestCourseManagementType_IsValid/valid_own_org
=== RUN   TestCourseManagementType_IsValid/valid_external_managed_by_org
=== RUN   TestCourseManagementType_IsValid/valid_external_managed_by_partner
=== RUN   TestCourseManagementType_IsValid/empty_should_be_valid
=== RUN   TestCourseManagementType_IsValid/invalid_value
--- PASS: TestCourseManagementType_IsValid (0.00s)
    --- PASS: TestCourseManagementType_IsValid/valid_own_org (0.00s)
    --- PASS: TestCourseManagementType_IsValid/valid_external_managed_by_org (0.00s)
    --- PASS: TestCourseManagementType_IsValid/valid_external_managed_by_partner (0.00s)
    --- PASS: TestCourseManagementType_IsValid/empty_should_be_valid (0.00s)
    --- PASS: TestCourseManagementType_IsValid/invalid_value (0.00s)
=== RUN   TestEnrolledUnit_Value
=== RUN   TestEnrolledUnit_Value/valid_enrolled_unit
=== RUN   TestEnrolledUnit_Value/empty_unit_returns_nil
=== RUN   TestEnrolledUnit_Value/unit_with_only_id
--- PASS: TestEnrolledUnit_Value (0.00s)
    --- PASS: TestEnrolledUnit_Value/valid_enrolled_unit (0.00s)
    --- PASS: TestEnrolledUnit_Value/empty_unit_returns_nil (0.00s)
    --- PASS: TestEnrolledUnit_Value/unit_with_only_id (0.00s)
=== RUN   TestEnrolledUnit_Scan
=== RUN   TestEnrolledUnit_Scan/nil_value
=== RUN   TestEnrolledUnit_Scan/empty_bytes
=== RUN   TestEnrolledUnit_Scan/valid_json
=== RUN   TestEnrolledUnit_Scan/invalid_json
=== RUN   TestEnrolledUnit_Scan/non_byte_slice
--- PASS: TestEnrolledUnit_Scan (0.00s)
    --- PASS: TestEnrolledUnit_Scan/nil_value (0.00s)
    --- PASS: TestEnrolledUnit_Scan/empty_bytes (0.00s)
    --- PASS: TestEnrolledUnit_Scan/valid_json (0.00s)
    --- PASS: TestEnrolledUnit_Scan/invalid_json (0.00s)
    --- PASS: TestEnrolledUnit_Scan/non_byte_slice (0.00s)
=== RUN   TestCustomField_TableName
--- PASS: TestCustomField_TableName (0.00s)
=== RUN   TestCourseSchedule_TableName
--- PASS: TestCourseSchedule_TableName (0.00s)
=== RUN   TestRemoteSchedule_TableName
--- PASS: TestRemoteSchedule_TableName (0.00s)
=== RUN   TestLocationClass_TableName
--- PASS: TestLocationClass_TableName (0.00s)
=== RUN   TestRemoteClass_TableName
--- PASS: TestRemoteClass_TableName (0.00s)
=== RUN   TestEnrollmentSummary_Structure
=== RUN   TestEnrollmentSummary_Structure/all_fields_initialized
=== RUN   TestEnrollmentSummary_Structure/zero_values
--- PASS: TestEnrollmentSummary_Structure (0.00s)
    --- PASS: TestEnrollmentSummary_Structure/all_fields_initialized (0.00s)
    --- PASS: TestEnrollmentSummary_Structure/zero_values (0.00s)
=== RUN   TestEnrollmentStatusUpdateRequest_Validation
=== RUN   TestEnrollmentStatusUpdateRequest_Validation/valid_request
=== RUN   TestEnrollmentStatusUpdateRequest_Validation/multiple_statuses
--- PASS: TestEnrollmentStatusUpdateRequest_Validation (0.00s)
    --- PASS: TestEnrollmentStatusUpdateRequest_Validation/valid_request (0.00s)
    --- PASS: TestEnrollmentStatusUpdateRequest_Validation/multiple_statuses (0.00s)
=== RUN   TestInscricaoUpdateRequest_Structure
=== RUN   TestInscricaoUpdateRequest_Structure/all_fields_present
=== RUN   TestInscricaoUpdateRequest_Structure/partial_update
--- PASS: TestInscricaoUpdateRequest_Structure (0.00s)
    --- PASS: TestInscricaoUpdateRequest_Structure/all_fields_present (0.00s)
    --- PASS: TestInscricaoUpdateRequest_Structure/partial_update (0.00s)
=== RUN   TestScheduleChangeRequest_Structure
=== RUN   TestScheduleChangeRequest_Structure/valid_schedule_change
=== RUN   TestScheduleChangeRequest_Structure/nil_schedule_id
--- PASS: TestScheduleChangeRequest_Structure (0.00s)
    --- PASS: TestScheduleChangeRequest_Structure/valid_schedule_change (0.00s)
    --- PASS: TestScheduleChangeRequest_Structure/nil_schedule_id (0.00s)
=== RUN   TestEnrolledUnitSchedule_Structure
=== RUN   TestEnrolledUnitSchedule_Structure/complete_schedule
--- PASS: TestEnrolledUnitSchedule_Structure (0.00s)
    --- PASS: TestEnrolledUnitSchedule_Structure/complete_schedule (0.00s)
=== RUN   TestEmprego_TableName
--- PASS: TestEmprego_TableName (0.00s)
=== RUN   TestTipoContratacao_IsValid
--- PASS: TestTipoContratacao_IsValid (0.00s)
=== RUN   TestTipoContratacao_IsInvalid
--- PASS: TestTipoContratacao_IsInvalid (0.00s)
=== RUN   TestStatusEmprego_IsValid
--- PASS: TestStatusEmprego_IsValid (0.00s)
=== RUN   TestStatusEmprego_IsInvalid
--- PASS: TestStatusEmprego_IsInvalid (0.00s)
=== RUN   TestJornadaTrabalho_IsValid
--- PASS: TestJornadaTrabalho_IsValid (0.00s)
=== RUN   TestJornadaTrabalho_IsInvalid
--- PASS: TestJornadaTrabalho_IsInvalid (0.00s)
=== RUN   TestEmprego_Validate_Success
--- PASS: TestEmprego_Validate_Success (0.00s)
=== RUN   TestEmprego_Validate_MissingTitulo
--- PASS: TestEmprego_Validate_MissingTitulo (0.00s)
=== RUN   TestEmprego_Validate_MissingTipoContratacao
--- PASS: TestEmprego_Validate_MissingTipoContratacao (0.00s)
=== RUN   TestEmprego_Validate_InvalidTipoContratacao
--- PASS: TestEmprego_Validate_InvalidTipoContratacao (0.00s)
=== RUN   TestEmprego_Validate_MissingStatus
--- PASS: TestEmprego_Validate_MissingStatus (0.00s)
=== RUN   TestEmprego_Validate_InvalidStatus
--- PASS: TestEmprego_Validate_InvalidStatus (0.00s)
=== RUN   TestEmprego_Validate_InvalidJornada
--- PASS: TestEmprego_Validate_InvalidJornada (0.00s)
=== RUN   TestEmprego_Validate_ValidJornada
--- PASS: TestEmprego_Validate_ValidJornada (0.00s)
=== RUN   TestPropostaMEI_TableName
--- PASS: TestPropostaMEI_TableName (0.00s)
=== RUN   TestStatusPropostaAdmin_IsValid
--- PASS: TestStatusPropostaAdmin_IsValid (0.00s)
=== RUN   TestStatusPropostaAdmin_IsInvalid
--- PASS: TestStatusPropostaAdmin_IsInvalid (0.00s)
=== RUN   TestStatusPropostaCidadao_IsValid
--- PASS: TestStatusPropostaCidadao_IsValid (0.00s)
=== RUN   TestStatusPropostaCidadao_IsInvalid
--- PASS: TestStatusPropostaCidadao_IsInvalid (0.00s)
=== RUN   TestPropostaMEI_Validate_Success
--- PASS: TestPropostaMEI_Validate_Success (0.00s)
=== RUN   TestPropostaMEI_Validate_MissingOportunidade
--- PASS: TestPropostaMEI_Validate_MissingOportunidade (0.00s)
=== RUN   TestPropostaMEI_Validate_MissingMEIEmpresa
--- PASS: TestPropostaMEI_Validate_MissingMEIEmpresa (0.00s)
=== RUN   TestPropostaMEI_Validate_NegativeValor
--- PASS: TestPropostaMEI_Validate_NegativeValor (0.00s)
=== RUN   TestPropostaMEI_BeforeCreate_GeneratesID
--- PASS: TestPropostaMEI_BeforeCreate_GeneratesID (0.00s)
=== RUN   TestPropostaMEI_BeforeCreate_PreservesExistingID
--- PASS: TestPropostaMEI_BeforeCreate_PreservesExistingID (0.00s)
=== RUN   TestModelTableNames
=== RUN   TestModelTableNames/Empresa
=== RUN   TestModelTableNames/Escolaridade
=== RUN   TestModelTableNames/Instituicao
=== RUN   TestModelTableNames/Job
--- PASS: TestModelTableNames (0.00s)
    --- PASS: TestModelTableNames/Empresa (0.00s)
    --- PASS: TestModelTableNames/Escolaridade (0.00s)
    --- PASS: TestModelTableNames/Instituicao (0.00s)
    --- PASS: TestModelTableNames/Job (0.00s)
=== RUN   TestOportunidadeMEI_TableName
--- PASS: TestOportunidadeMEI_TableName (0.00s)
=== RUN   TestStatusOportunidadeMEI_IsValid
=== RUN   TestStatusOportunidadeMEI_IsValid/valid_draft
=== RUN   TestStatusOportunidadeMEI_IsValid/valid_active
=== RUN   TestStatusOportunidadeMEI_IsValid/valid_expired
=== RUN   TestStatusOportunidadeMEI_IsValid/invalid_empty
=== RUN   TestStatusOportunidadeMEI_IsValid/invalid_value
=== RUN   TestStatusOportunidadeMEI_IsValid/invalid_uppercase
=== RUN   TestStatusOportunidadeMEI_IsValid/invalid_mixed_case
--- PASS: TestStatusOportunidadeMEI_IsValid (0.00s)
    --- PASS: TestStatusOportunidadeMEI_IsValid/valid_draft (0.00s)
    --- PASS: TestStatusOportunidadeMEI_IsValid/valid_active (0.00s)
    --- PASS: TestStatusOportunidadeMEI_IsValid/valid_expired (0.00s)
    --- PASS: TestStatusOportunidadeMEI_IsValid/invalid_empty (0.00s)
    --- PASS: TestStatusOportunidadeMEI_IsValid/invalid_value (0.00s)
    --- PASS: TestStatusOportunidadeMEI_IsValid/invalid_uppercase (0.00s)
    --- PASS: TestStatusOportunidadeMEI_IsValid/invalid_mixed_case (0.00s)
=== RUN   TestFormaPagamento_IsValid
=== RUN   TestFormaPagamento_IsValid/valid_cheque
=== RUN   TestFormaPagamento_IsValid/valid_dinheiro
=== RUN   TestFormaPagamento_IsValid/valid_cartao
=== RUN   TestFormaPagamento_IsValid/valid_pix
=== RUN   TestFormaPagamento_IsValid/valid_transferencia
=== RUN   TestFormaPagamento_IsValid/valid_empty
=== RUN   TestFormaPagamento_IsValid/invalid_lowercase
=== RUN   TestFormaPagamento_IsValid/invalid_value
=== RUN   TestFormaPagamento_IsValid/invalid_mixed_case
--- PASS: TestFormaPagamento_IsValid (0.00s)
    --- PASS: TestFormaPagamento_IsValid/valid_cheque (0.00s)
    --- PASS: TestFormaPagamento_IsValid/valid_dinheiro (0.00s)
    --- PASS: TestFormaPagamento_IsValid/valid_cartao (0.00s)
    --- PASS: TestFormaPagamento_IsValid/valid_pix (0.00s)
    --- PASS: TestFormaPagamento_IsValid/valid_transferencia (0.00s)
    --- PASS: TestFormaPagamento_IsValid/valid_empty (0.00s)
    --- PASS: TestFormaPagamento_IsValid/invalid_lowercase (0.00s)
    --- PASS: TestFormaPagamento_IsValid/invalid_value (0.00s)
    --- PASS: TestFormaPagamento_IsValid/invalid_mixed_case (0.00s)
=== RUN   TestOportunidadeMEI_Validate
=== RUN   TestOportunidadeMEI_Validate/valid_draft_minimal_fields
=== RUN   TestOportunidadeMEI_Validate/valid_draft_with_partial_fields
=== RUN   TestOportunidadeMEI_Validate/valid_active_complete
=== RUN   TestOportunidadeMEI_Validate/invalid_status
=== RUN   TestOportunidadeMEI_Validate/active_missing_titulo
=== RUN   TestOportunidadeMEI_Validate/active_empty_titulo
=== RUN   TestOportunidadeMEI_Validate/active_missing_descricao
=== RUN   TestOportunidadeMEI_Validate/active_missing_orgao
=== RUN   TestOportunidadeMEI_Validate/active_missing_cnaes
=== RUN   TestOportunidadeMEI_Validate/active_missing_logradouro
=== RUN   TestOportunidadeMEI_Validate/active_missing_numero
=== RUN   TestOportunidadeMEI_Validate/active_missing_bairro
=== RUN   TestOportunidadeMEI_Validate/active_missing_cidade
=== RUN   TestOportunidadeMEI_Validate/active_missing_estado
=== RUN   TestOportunidadeMEI_Validate/active_missing_data_expiracao
=== RUN   TestOportunidadeMEI_Validate/draft_with_invalid_forma_pagamento
=== RUN   TestOportunidadeMEI_Validate/active_with_valid_forma_pagamento
=== RUN   TestOportunidadeMEI_Validate/active_with_invalid_forma_pagamento
--- PASS: TestOportunidadeMEI_Validate (0.00s)
    --- PASS: TestOportunidadeMEI_Validate/valid_draft_minimal_fields (0.00s)
    --- PASS: TestOportunidadeMEI_Validate/valid_draft_with_partial_fields (0.00s)
    --- PASS: TestOportunidadeMEI_Validate/valid_active_complete (0.00s)
    --- PASS: TestOportunidadeMEI_Validate/invalid_status (0.00s)
    --- PASS: TestOportunidadeMEI_Validate/active_missing_titulo (0.00s)
    --- PASS: TestOportunidadeMEI_Validate/active_empty_titulo (0.00s)
    --- PASS: TestOportunidadeMEI_Validate/active_missing_descricao (0.00s)
    --- PASS: TestOportunidadeMEI_Validate/active_missing_orgao (0.00s)
    --- PASS: TestOportunidadeMEI_Validate/active_missing_cnaes (0.00s)
    --- PASS: TestOportunidadeMEI_Validate/active_missing_logradouro (0.00s)
    --- PASS: TestOportunidadeMEI_Validate/active_missing_numero (0.00s)
    --- PASS: TestOportunidadeMEI_Validate/active_missing_bairro (0.00s)
    --- PASS: TestOportunidadeMEI_Validate/active_missing_cidade (0.00s)
    --- PASS: TestOportunidadeMEI_Validate/active_missing_estado (0.00s)
    --- PASS: TestOportunidadeMEI_Validate/active_missing_data_expiracao (0.00s)
    --- PASS: TestOportunidadeMEI_Validate/draft_with_invalid_forma_pagamento (0.00s)
    --- PASS: TestOportunidadeMEI_Validate/active_with_valid_forma_pagamento (0.00s)
    --- PASS: TestOportunidadeMEI_Validate/active_with_invalid_forma_pagamento (0.00s)
=== RUN   TestOportunidadeMEI_ValidateForPublish
=== RUN   TestOportunidadeMEI_ValidateForPublish/valid_complete_oportunidade
=== RUN   TestOportunidadeMEI_ValidateForPublish/missing_all_required_fields
=== RUN   TestOportunidadeMEI_ValidateForPublish/with_valid_forma_pagamento
=== RUN   TestOportunidadeMEI_ValidateForPublish/with_empty_forma_pagamento
--- PASS: TestOportunidadeMEI_ValidateForPublish (0.00s)
    --- PASS: TestOportunidadeMEI_ValidateForPublish/valid_complete_oportunidade (0.00s)
    --- PASS: TestOportunidadeMEI_ValidateForPublish/missing_all_required_fields (0.00s)
    --- PASS: TestOportunidadeMEI_ValidateForPublish/with_valid_forma_pagamento (0.00s)
    --- PASS: TestOportunidadeMEI_ValidateForPublish/with_empty_forma_pagamento (0.00s)
=== RUN   TestOportunidadeMEI_UpdateStatusBasedOnExpiration
=== RUN   TestOportunidadeMEI_UpdateStatusBasedOnExpiration/nil_data_expiracao_no_change
=== RUN   TestOportunidadeMEI_UpdateStatusBasedOnExpiration/expired_date_active_to_expired
=== RUN   TestOportunidadeMEI_UpdateStatusBasedOnExpiration/expired_date_draft_unchanged
=== RUN   TestOportunidadeMEI_UpdateStatusBasedOnExpiration/future_date_active_unchanged
=== RUN   TestOportunidadeMEI_UpdateStatusBasedOnExpiration/future_date_expired_to_active
--- PASS: TestOportunidadeMEI_UpdateStatusBasedOnExpiration (0.00s)
    --- PASS: TestOportunidadeMEI_UpdateStatusBasedOnExpiration/nil_data_expiracao_no_change (0.00s)
    --- PASS: TestOportunidadeMEI_UpdateStatusBasedOnExpiration/expired_date_active_to_expired (0.00s)
    --- PASS: TestOportunidadeMEI_UpdateStatusBasedOnExpiration/expired_date_draft_unchanged (0.00s)
    --- PASS: TestOportunidadeMEI_UpdateStatusBasedOnExpiration/future_date_active_unchanged (0.00s)
    --- PASS: TestOportunidadeMEI_UpdateStatusBasedOnExpiration/future_date_expired_to_active (0.00s)
=== RUN   TestLegalEntity_GetAllCNAEs
=== RUN   TestLegalEntity_GetAllCNAEs/single_fiscal
=== RUN   TestLegalEntity_GetAllCNAEs/with_secundarias
=== RUN   TestLegalEntity_GetAllCNAEs/empty_fiscal
=== RUN   TestLegalEntity_GetAllCNAEs/only_secundarias
=== RUN   TestLegalEntity_GetAllCNAEs/all_empty
--- PASS: TestLegalEntity_GetAllCNAEs (0.00s)
    --- PASS: TestLegalEntity_GetAllCNAEs/single_fiscal (0.00s)
    --- PASS: TestLegalEntity_GetAllCNAEs/with_secundarias (0.00s)
    --- PASS: TestLegalEntity_GetAllCNAEs/empty_fiscal (0.00s)
    --- PASS: TestLegalEntity_GetAllCNAEs/only_secundarias (0.00s)
    --- PASS: TestLegalEntity_GetAllCNAEs/all_empty (0.00s)
=== RUN   TestLegalEntityFull_ToConsultaResponse
=== RUN   TestLegalEntityFull_ToConsultaResponse/valid_entity
=== RUN   TestLegalEntityFull_ToConsultaResponse/empty_entity
--- PASS: TestLegalEntityFull_ToConsultaResponse (0.00s)
    --- PASS: TestLegalEntityFull_ToConsultaResponse/valid_entity (0.00s)
    --- PASS: TestLegalEntityFull_ToConsultaResponse/empty_entity (0.00s)
=== RUN   TestLegalEntityDetails_GetSocioCPFs
=== RUN   TestLegalEntityDetails_GetSocioCPFs/multiple_socios_and_responsavel
=== RUN   TestLegalEntityDetails_GetSocioCPFs/single_socio
=== RUN   TestLegalEntityDetails_GetSocioCPFs/no_socios_with_responsavel
=== RUN   TestLegalEntityDetails_GetSocioCPFs/nil_socios
--- PASS: TestLegalEntityDetails_GetSocioCPFs (0.00s)
    --- PASS: TestLegalEntityDetails_GetSocioCPFs/multiple_socios_and_responsavel (0.00s)
    --- PASS: TestLegalEntityDetails_GetSocioCPFs/single_socio (0.00s)
    --- PASS: TestLegalEntityDetails_GetSocioCPFs/no_socios_with_responsavel (0.00s)
    --- PASS: TestLegalEntityDetails_GetSocioCPFs/nil_socios (0.00s)
=== RUN   TestCitizenContactInfo_GetEmail
=== RUN   TestCitizenContactInfo_GetEmail/with_valid_email
=== RUN   TestCitizenContactInfo_GetEmail/indicador_false
=== RUN   TestCitizenContactInfo_GetEmail/empty_citizen
--- PASS: TestCitizenContactInfo_GetEmail (0.00s)
    --- PASS: TestCitizenContactInfo_GetEmail/with_valid_email (0.00s)
    --- PASS: TestCitizenContactInfo_GetEmail/indicador_false (0.00s)
    --- PASS: TestCitizenContactInfo_GetEmail/empty_citizen (0.00s)
=== RUN   TestSanitizeEmail
=== RUN   TestSanitizeEmail/valid_email
=== RUN   TestSanitizeEmail/valid_email_with_subdomain
=== RUN   TestSanitizeEmail/invalid_email_no_at
=== RUN   TestSanitizeEmail/invalid_email_no_domain
=== RUN   TestSanitizeEmail/invalid_email_short_tld
=== RUN   TestSanitizeEmail/empty_email
=== RUN   TestSanitizeEmail/email_with_spaces
--- PASS: TestSanitizeEmail (0.00s)
    --- PASS: TestSanitizeEmail/valid_email (0.00s)
    --- PASS: TestSanitizeEmail/valid_email_with_subdomain (0.00s)
    --- PASS: TestSanitizeEmail/invalid_email_no_at (0.00s)
    --- PASS: TestSanitizeEmail/invalid_email_no_domain (0.00s)
    --- PASS: TestSanitizeEmail/invalid_email_short_tld (0.00s)
    --- PASS: TestSanitizeEmail/empty_email (0.00s)
    --- PASS: TestSanitizeEmail/email_with_spaces (0.00s)
=== RUN   TestCitizenContactInfo_GetCelular
=== RUN   TestCitizenContactInfo_GetCelular/with_telefone
=== RUN   TestCitizenContactInfo_GetCelular/indicador_false
=== RUN   TestCitizenContactInfo_GetCelular/empty_citizen
--- PASS: TestCitizenContactInfo_GetCelular (0.00s)
    --- PASS: TestCitizenContactInfo_GetCelular/with_telefone (0.00s)
    --- PASS: TestCitizenContactInfo_GetCelular/indicador_false (0.00s)
    --- PASS: TestCitizenContactInfo_GetCelular/empty_citizen (0.00s)
=== RUN   TestCitizenContactInfo_GetDataNascimento
=== RUN   TestCitizenContactInfo_GetDataNascimento/with_nascimento
=== RUN   TestCitizenContactInfo_GetDataNascimento/nil_nascimento
=== RUN   TestCitizenContactInfo_GetDataNascimento/empty_citizen
--- PASS: TestCitizenContactInfo_GetDataNascimento (0.00s)
    --- PASS: TestCitizenContactInfo_GetDataNascimento/with_nascimento (0.00s)
    --- PASS: TestCitizenContactInfo_GetDataNascimento/nil_nascimento (0.00s)
    --- PASS: TestCitizenContactInfo_GetDataNascimento/empty_citizen (0.00s)
=== RUN   TestCitizenContactInfo_GetRaca
--- PASS: TestCitizenContactInfo_GetRaca (0.00s)
=== RUN   TestCitizenContactInfo_GetGenero
=== RUN   TestCitizenContactInfo_GetGenero/with_genero
=== RUN   TestCitizenContactInfo_GetGenero/fallback_to_sexo
--- PASS: TestCitizenContactInfo_GetGenero (0.00s)
    --- PASS: TestCitizenContactInfo_GetGenero/with_genero (0.00s)
    --- PASS: TestCitizenContactInfo_GetGenero/fallback_to_sexo (0.00s)
=== RUN   TestCitizenContactInfo_GetRendaFamiliar
--- PASS: TestCitizenContactInfo_GetRendaFamiliar (0.00s)
=== RUN   TestCitizenContactInfo_GetEscolaridade
--- PASS: TestCitizenContactInfo_GetEscolaridade (0.00s)
=== RUN   TestCitizenContactInfo_GetDeficiencia
--- PASS: TestCitizenContactInfo_GetDeficiencia (0.00s)
=== RUN   TestCitizenContactInfo_GetEndereco
=== RUN   TestCitizenContactInfo_GetEndereco/with_valid_endereco
=== RUN   TestCitizenContactInfo_GetEndereco/indicador_false
=== RUN   TestCitizenContactInfo_GetEndereco/nil_endereco
--- PASS: TestCitizenContactInfo_GetEndereco (0.00s)
    --- PASS: TestCitizenContactInfo_GetEndereco/with_valid_endereco (0.00s)
    --- PASS: TestCitizenContactInfo_GetEndereco/indicador_false (0.00s)
    --- PASS: TestCitizenContactInfo_GetEndereco/nil_endereco (0.00s)
=== RUN   TestCitizenSnapshot_TableName
--- PASS: TestCitizenSnapshot_TableName (0.00s)
=== RUN   TestCitizenSnapshot_ToPersonalInfo
=== RUN   TestCitizenSnapshot_ToPersonalInfo/complete_snapshot
=== RUN   TestCitizenSnapshot_ToPersonalInfo/nil_snapshot
=== RUN   TestCitizenSnapshot_ToPersonalInfo/empty_snapshot
--- PASS: TestCitizenSnapshot_ToPersonalInfo (0.00s)
    --- PASS: TestCitizenSnapshot_ToPersonalInfo/complete_snapshot (0.00s)
    --- PASS: TestCitizenSnapshot_ToPersonalInfo/nil_snapshot (0.00s)
    --- PASS: TestCitizenSnapshot_ToPersonalInfo/empty_snapshot (0.00s)
=== RUN   TestOrgaoSnapshot_TableName
--- PASS: TestOrgaoSnapshot_TableName (0.00s)
=== RUN   TestOrgaoMetadata_Scan
=== RUN   TestOrgaoMetadata_Scan/valid_json
=== RUN   TestOrgaoMetadata_Scan/nil_value
=== RUN   TestOrgaoMetadata_Scan/empty_bytes
=== RUN   TestOrgaoMetadata_Scan/invalid_json
=== RUN   TestOrgaoMetadata_Scan/non_byte_slice
--- PASS: TestOrgaoMetadata_Scan (0.00s)
    --- PASS: TestOrgaoMetadata_Scan/valid_json (0.00s)
    --- PASS: TestOrgaoMetadata_Scan/nil_value (0.00s)
    --- PASS: TestOrgaoMetadata_Scan/empty_bytes (0.00s)
    --- PASS: TestOrgaoMetadata_Scan/invalid_json (0.00s)
    --- PASS: TestOrgaoMetadata_Scan/non_byte_slice (0.00s)
=== RUN   TestOrgaoMetadata_Value
=== RUN   TestOrgaoMetadata_Value/valid_metadata
=== RUN   TestOrgaoMetadata_Value/nil_metadata
--- PASS: TestOrgaoMetadata_Value (0.00s)
    --- PASS: TestOrgaoMetadata_Value/valid_metadata (0.00s)
    --- PASS: TestOrgaoMetadata_Value/nil_metadata (0.00s)
=== RUN   TestInstituicaoEnsino_SetID
--- PASS: TestInstituicaoEnsino_SetID (0.00s)
=== RUN   TestCursoCategoria_TableName
--- PASS: TestCursoCategoria_TableName (0.00s)
=== RUN   TestCursoAcessibilidade_TableName
--- PASS: TestCursoAcessibilidade_TableName (0.00s)
=== RUN   TestCitizenEndereco_Value
--- PASS: TestCitizenEndereco_Value (0.00s)
=== RUN   TestCitizenEndereco_Scan
=== RUN   TestCitizenEndereco_Scan/valid_json
=== RUN   TestCitizenEndereco_Scan/nil_value
=== RUN   TestCitizenEndereco_Scan/non_byte_slice
--- PASS: TestCitizenEndereco_Scan (0.00s)
    --- PASS: TestCitizenEndereco_Scan/valid_json (0.00s)
    --- PASS: TestCitizenEndereco_Scan/nil_value (0.00s)
    --- PASS: TestCitizenEndereco_Scan/non_byte_slice (0.00s)
=== RUN   TestCategoria_TableName
--- PASS: TestCategoria_TableName (0.00s)
=== RUN   TestCategoria_SetID
--- PASS: TestCategoria_SetID (0.00s)
=== RUN   TestAcessibilidade_TableName
--- PASS: TestAcessibilidade_TableName (0.00s)
=== RUN   TestAcessibilidade_SetID
--- PASS: TestAcessibilidade_SetID (0.00s)
=== RUN   TestEscolaridade_TableName
--- PASS: TestEscolaridade_TableName (0.00s)
=== RUN   TestEscolaridade_SetID
--- PASS: TestEscolaridade_SetID (0.00s)
=== RUN   TestEmpresa_TableName
--- PASS: TestEmpresa_TableName (0.00s)
=== RUN   TestEmpresa_SetID
--- PASS: TestEmpresa_SetID (0.00s)
=== RUN   TestModalidade_IsValid
=== RUN   TestModalidade_IsValid/Presencial
=== RUN   TestModalidade_IsValid/Semipresencial
=== RUN   TestModalidade_IsValid/Remoto
=== RUN   TestModalidade_IsValid/Legacy_Presencial
=== RUN   TestModalidade_IsValid/Legacy_Online
=== RUN   TestModalidade_IsValid/Legacy_Hibrido
=== RUN   TestModalidade_IsValid/Livre_Formacao_Online
=== RUN   TestModalidade_IsValid/Invalid
=== RUN   TestModalidade_IsValid/Empty
--- PASS: TestModalidade_IsValid (0.00s)
    --- PASS: TestModalidade_IsValid/Presencial (0.00s)
    --- PASS: TestModalidade_IsValid/Semipresencial (0.00s)
    --- PASS: TestModalidade_IsValid/Remoto (0.00s)
    --- PASS: TestModalidade_IsValid/Legacy_Presencial (0.00s)
    --- PASS: TestModalidade_IsValid/Legacy_Online (0.00s)
    --- PASS: TestModalidade_IsValid/Legacy_Hibrido (0.00s)
    --- PASS: TestModalidade_IsValid/Livre_Formacao_Online (0.00s)
    --- PASS: TestModalidade_IsValid/Invalid (0.00s)
    --- PASS: TestModalidade_IsValid/Empty (0.00s)
=== RUN   TestStatusCurso_IsValid
=== RUN   TestStatusCurso_IsValid/Draft
=== RUN   TestStatusCurso_IsValid/Opened
=== RUN   TestStatusCurso_IsValid/Closed
=== RUN   TestStatusCurso_IsValid/Canceled
=== RUN   TestStatusCurso_IsValid/Legacy_Criado
=== RUN   TestStatusCurso_IsValid/Legacy_Aberto
=== RUN   TestStatusCurso_IsValid/Legacy_Encerrado
=== RUN   TestStatusCurso_IsValid/Invalid
=== RUN   TestStatusCurso_IsValid/Empty
--- PASS: TestStatusCurso_IsValid (0.00s)
    --- PASS: TestStatusCurso_IsValid/Draft (0.00s)
    --- PASS: TestStatusCurso_IsValid/Opened (0.00s)
    --- PASS: TestStatusCurso_IsValid/Closed (0.00s)
    --- PASS: TestStatusCurso_IsValid/Canceled (0.00s)
    --- PASS: TestStatusCurso_IsValid/Legacy_Criado (0.00s)
    --- PASS: TestStatusCurso_IsValid/Legacy_Aberto (0.00s)
    --- PASS: TestStatusCurso_IsValid/Legacy_Encerrado (0.00s)
    --- PASS: TestStatusCurso_IsValid/Invalid (0.00s)
    --- PASS: TestStatusCurso_IsValid/Empty (0.00s)
=== RUN   TestFormatoAula_IsValid
=== RUN   TestFormatoAula_IsValid/Gravado
=== RUN   TestFormatoAula_IsValid/Ao_Vivo
=== RUN   TestFormatoAula_IsValid/Empty_is_valid
=== RUN   TestFormatoAula_IsValid/Invalid
--- PASS: TestFormatoAula_IsValid (0.00s)
    --- PASS: TestFormatoAula_IsValid/Gravado (0.00s)
    --- PASS: TestFormatoAula_IsValid/Ao_Vivo (0.00s)
    --- PASS: TestFormatoAula_IsValid/Empty_is_valid (0.00s)
    --- PASS: TestFormatoAula_IsValid/Invalid (0.00s)
=== RUN   TestCourseManagementType_IsValid
=== RUN   TestCourseManagementType_IsValid/OwnOrg
=== RUN   TestCourseManagementType_IsValid/External_Managed_By_Org
=== RUN   TestCourseManagementType_IsValid/External_Managed_By_Partner
=== RUN   TestCourseManagementType_IsValid/Empty_is_valid
=== RUN   TestCourseManagementType_IsValid/Invalid
--- PASS: TestCourseManagementType_IsValid (0.00s)
    --- PASS: TestCourseManagementType_IsValid/OwnOrg (0.00s)
    --- PASS: TestCourseManagementType_IsValid/External_Managed_By_Org (0.00s)
    --- PASS: TestCourseManagementType_IsValid/External_Managed_By_Partner (0.00s)
    --- PASS: TestCourseManagementType_IsValid/Empty_is_valid (0.00s)
    --- PASS: TestCourseManagementType_IsValid/Invalid (0.00s)
=== RUN   TestCurso_TableName
--- PASS: TestCurso_TableName (0.00s)
=== RUN   TestInscricao_TableName
--- PASS: TestInscricao_TableName (0.00s)
=== RUN   TestStatusInscricao_Values
=== RUN   TestStatusInscricao_Values/Pending
=== RUN   TestStatusInscricao_Values/Approved
=== RUN   TestStatusInscricao_Values/Rejected
=== RUN   TestStatusInscricao_Values/Cancelled
=== RUN   TestStatusInscricao_Values/Concluded
--- PASS: TestStatusInscricao_Values (0.00s)
    --- PASS: TestStatusInscricao_Values/Pending (0.00s)
    --- PASS: TestStatusInscricao_Values/Approved (0.00s)
    --- PASS: TestStatusInscricao_Values/Rejected (0.00s)
    --- PASS: TestStatusInscricao_Values/Cancelled (0.00s)
    --- PASS: TestStatusInscricao_Values/Concluded (0.00s)
PASS
coverage: 79.4% of statements
ok  	github.com/prefeitura-rio/app-go-api/internal/models	3.201s	coverage: 79.4% of statements
=== RUN   TestStatusVaga_IsValid
--- PASS: TestStatusVaga_IsValid (0.00s)
=== RUN   TestStatusVaga_IsInvalid
--- PASS: TestStatusVaga_IsInvalid (0.00s)
=== RUN   TestAcessibilidadePCD_IsValid
--- PASS: TestAcessibilidadePCD_IsValid (0.00s)
=== RUN   TestAcessibilidadePCD_IsInvalid
--- PASS: TestAcessibilidadePCD_IsInvalid (0.00s)
=== RUN   TestVaga_UpdateStatusBasedOnExpiration_NilDataLimite
--- PASS: TestVaga_UpdateStatusBasedOnExpiration_NilDataLimite (0.00s)
=== RUN   TestVaga_UpdateStatusBasedOnExpiration_Expired_ActiveToExpired
--- PASS: TestVaga_UpdateStatusBasedOnExpiration_Expired_ActiveToExpired (0.00s)
=== RUN   TestVaga_UpdateStatusBasedOnExpiration_Expired_NonActiveUnchanged
--- PASS: TestVaga_UpdateStatusBasedOnExpiration_Expired_NonActiveUnchanged (0.00s)
=== RUN   TestVaga_UpdateStatusBasedOnExpiration_NotExpired_ExpiredToActive
--- PASS: TestVaga_UpdateStatusBasedOnExpiration_NotExpired_ExpiredToActive (0.00s)
=== RUN   TestVaga_UpdateStatusBasedOnExpiration_NotExpired_NonExpiredUnchanged
--- PASS: TestVaga_UpdateStatusBasedOnExpiration_NotExpired_NonExpiredUnchanged (0.00s)
=== RUN   TestStatusCandidatura_IsValid
--- PASS: TestStatusCandidatura_IsValid (0.00s)
=== RUN   TestStatusCandidatura_IsInvalid
--- PASS: TestStatusCandidatura_IsInvalid (0.00s)
=== RUN   TestStatusFormacao_IsValid
--- PASS: TestStatusFormacao_IsValid (0.00s)
=== RUN   TestStatusFormacao_IsInvalid
--- PASS: TestStatusFormacao_IsInvalid (0.00s)
=== RUN   TestCurriculoFormacao_Validate_ValidStatus
--- PASS: TestCurriculoFormacao_Validate_ValidStatus (0.00s)
=== RUN   TestCurriculoFormacao_Validate_EmptyStatus
--- PASS: TestCurriculoFormacao_Validate_EmptyStatus (0.00s)
=== RUN   TestCurriculoFormacao_Validate_InvalidStatus
--- PASS: TestCurriculoFormacao_Validate_InvalidStatus (0.00s)
=== RUN   TestTableNames
=== RUN   TestTableNames/Vaga
=== RUN   TestTableNames/Candidatura
=== RUN   TestTableNames/CurriculoFormacao
=== RUN   TestTableNames/CurriculoIdioma
=== RUN   TestTableNames/CurriculoCursoComplementar
=== RUN   TestTableNames/CurriculoExperiencia
=== RUN   TestTableNames/CurriculoConquista
=== RUN   TestTableNames/CurriculoSituacaoInteresses
=== RUN   TestTableNames/Disponibilidade
=== RUN   TestTableNames/SituacaoAtual
=== RUN   TestTableNames/NivelIdioma
=== RUN   TestTableNames/TipoPCD
=== RUN   TestTableNames/RegimeContratacao
=== RUN   TestTableNames/ModeloTrabalho
=== RUN   TestTableNames/Idioma
=== RUN   TestTableNames/Escolaridade
=== RUN   TestTableNames/TermosUso
=== RUN   TestTableNames/TipoConquista
=== RUN   TestTableNames/Onboarding
=== RUN   TestTableNames/Empresa
=== RUN   TestTableNames/Etapa
=== RUN   TestTableNames/InformacaoComplementar
--- PASS: TestTableNames (0.00s)
    --- PASS: TestTableNames/Vaga (0.00s)
    --- PASS: TestTableNames/Candidatura (0.00s)
    --- PASS: TestTableNames/CurriculoFormacao (0.00s)
    --- PASS: TestTableNames/CurriculoIdioma (0.00s)
    --- PASS: TestTableNames/CurriculoCursoComplementar (0.00s)
    --- PASS: TestTableNames/CurriculoExperiencia (0.00s)
    --- PASS: TestTableNames/CurriculoConquista (0.00s)
    --- PASS: TestTableNames/CurriculoSituacaoInteresses (0.00s)
    --- PASS: TestTableNames/Disponibilidade (0.00s)
    --- PASS: TestTableNames/SituacaoAtual (0.00s)
    --- PASS: TestTableNames/NivelIdioma (0.00s)
    --- PASS: TestTableNames/TipoPCD (0.00s)
    --- PASS: TestTableNames/RegimeContratacao (0.00s)
    --- PASS: TestTableNames/ModeloTrabalho (0.00s)
    --- PASS: TestTableNames/Idioma (0.00s)
    --- PASS: TestTableNames/Escolaridade (0.00s)
    --- PASS: TestTableNames/TermosUso (0.00s)
    --- PASS: TestTableNames/TipoConquista (0.00s)
    --- PASS: TestTableNames/Onboarding (0.00s)
    --- PASS: TestTableNames/Empresa (0.00s)
    --- PASS: TestTableNames/Etapa (0.00s)
    --- PASS: TestTableNames/InformacaoComplementar (0.00s)
PASS
coverage: 93.8% of statements
ok  	github.com/prefeitura-rio/app-go-api/internal/models/empregabilidade	3.099s	coverage: 93.8% of statements
=== RUN   TestInitTracer_Disabled
2026/03/27 14:25:09 OpenTelemetry tracing is disabled
--- PASS: TestInitTracer_Disabled (0.00s)
=== RUN   TestInitTracer_Enabled_WithValidConfig
2026/03/27 14:25:09 OpenTelemetry tracer initialized (endpoint: localhost:4317, service: test-service)
2026/03/27 14:25:09 Tracer provider shut down successfully
--- PASS: TestInitTracer_Enabled_WithValidConfig (0.00s)
=== RUN   TestShutdownTracer_WhenNil
--- PASS: TestShutdownTracer_WhenNil (0.00s)
=== RUN   TestShutdownTracer_WhenSet
2026/03/27 14:25:09 OpenTelemetry tracer initialized (endpoint: localhost:4317, service: test-service)
2026/03/27 14:25:09 Tracer provider shut down successfully
--- PASS: TestShutdownTracer_WhenSet (0.00s)
=== RUN   TestInitTracer_MultipleCallsIdempotent
2026/03/27 14:25:09 OpenTelemetry tracer initialized (endpoint: localhost:4317, service: test-service)
2026/03/27 14:25:09 OpenTelemetry tracer initialized (endpoint: localhost:4317, service: test-service)
2026/03/27 14:25:09 Tracer provider shut down successfully
--- PASS: TestInitTracer_MultipleCallsIdempotent (0.00s)
=== RUN   TestShutdownTracer_WithTimeout
2026/03/27 14:25:09 OpenTelemetry tracer initialized (endpoint: localhost:4317, service: test-service)
2026/03/27 14:25:09 Tracer provider shut down successfully
--- PASS: TestShutdownTracer_WithTimeout (0.00s)
=== RUN   TestInitTracer_ContextHandling
2026/03/27 14:25:09 OpenTelemetry tracer initialized (endpoint: localhost:4317, service: test-service)
2026/03/27 14:25:14 Error shutting down tracer provider: context deadline exceeded
--- PASS: TestInitTracer_ContextHandling (5.00s)
=== RUN   TestInitTracer_ServiceMetadata
2026/03/27 14:25:14 OpenTelemetry tracer initialized (endpoint: localhost:4317, service: my-custom-service)
2026/03/27 14:25:14 Tracer provider shut down successfully
--- PASS: TestInitTracer_ServiceMetadata (0.00s)
PASS
coverage: 91.3% of statements
ok  	github.com/prefeitura-rio/app-go-api/internal/observability	7.860s	coverage: 91.3% of statements
=== RUN   TestCategoriaRepository_Integration
    integration_test.go:44: Skipping integration test: set RUN_REPOSITORY_INTEGRATION=1 or DATABASE_URL to run
--- SKIP: TestCategoriaRepository_Integration (0.00s)
=== RUN   TestAcessibilidadeRepository_Integration
    integration_test.go:85: Skipping integration test: set RUN_REPOSITORY_INTEGRATION=1 or DATABASE_URL to run
--- SKIP: TestAcessibilidadeRepository_Integration (0.00s)
PASS
coverage: 0.0% of statements
ok  	github.com/prefeitura-rio/app-go-api/internal/repository	2.885s	coverage: 0.0% of statements
	github.com/prefeitura-rio/app-go-api/internal/repository/empregabilidade		coverage: 0.0% of statements
=== RUN   TestRegisterLookup
--- PASS: TestRegisterLookup (0.00s)
=== RUN   TestRegisterCurriculoSection
--- PASS: TestRegisterCurriculoSection (0.00s)
=== RUN   TestLookupHandlerInterface
--- PASS: TestLookupHandlerInterface (0.00s)
=== RUN   TestRouteRegistrationPatterns
=== RUN   TestRouteRegistrationPatterns/Basic_CRUD_routes
=== RUN   TestRouteRegistrationPatterns/Nested_route_groups
=== RUN   TestRouteRegistrationPatterns/Multiple_groups
--- PASS: TestRouteRegistrationPatterns (0.00s)
    --- PASS: TestRouteRegistrationPatterns/Basic_CRUD_routes (0.00s)
    --- PASS: TestRouteRegistrationPatterns/Nested_route_groups (0.00s)
    --- PASS: TestRouteRegistrationPatterns/Multiple_groups (0.00s)
=== RUN   TestRouteMethodMapping
--- PASS: TestRouteMethodMapping (0.00s)
=== RUN   TestRoutePathPatterns
--- PASS: TestRoutePathPatterns (0.00s)
=== RUN   TestRegisterLookupWithMultipleResources
--- PASS: TestRegisterLookupWithMultipleResources (0.00s)
=== RUN   TestCurriculoSectionMultipleSections
--- PASS: TestCurriculoSectionMultipleSections (0.00s)
=== RUN   TestRouteParameterExtraction
--- PASS: TestRouteParameterExtraction (0.00s)
=== RUN   TestRoutesGroupNesting
--- PASS: TestRoutesGroupNesting (0.00s)
=== RUN   TestRouteHandlerExecution
=== RUN   TestRouteHandlerExecution/POST_/test
=== RUN   TestRouteHandlerExecution/GET_/test
=== RUN   TestRouteHandlerExecution/GET_/test/123
=== RUN   TestRouteHandlerExecution/PUT_/test/123
=== RUN   TestRouteHandlerExecution/DELETE_/test/123
--- PASS: TestRouteHandlerExecution (0.00s)
    --- PASS: TestRouteHandlerExecution/POST_/test (0.00s)
    --- PASS: TestRouteHandlerExecution/GET_/test (0.00s)
    --- PASS: TestRouteHandlerExecution/GET_/test/123 (0.00s)
    --- PASS: TestRouteHandlerExecution/PUT_/test/123 (0.00s)
    --- PASS: TestRouteHandlerExecution/DELETE_/test/123 (0.00s)
=== RUN   TestRouteParameterPassing
--- PASS: TestRouteParameterPassing (0.00s)
=== RUN   TestHTTPMethodSegregation
--- PASS: TestHTTPMethodSegregation (0.00s)
=== RUN   TestInvalidHTTPMethod
--- PASS: TestInvalidHTTPMethod (0.00s)
PASS
coverage: 6.4% of statements
ok  	github.com/prefeitura-rio/app-go-api/internal/router	3.059s	coverage: 6.4% of statements
=== RUN   TestGetEnrollmentApprovedEmailTemplate_WithScheduleInfo
--- PASS: TestGetEnrollmentApprovedEmailTemplate_WithScheduleInfo (0.00s)
=== RUN   TestGetEnrollmentApprovedEmailTemplate_WithoutScheduleInfo_FallbackToCurso
--- PASS: TestGetEnrollmentApprovedEmailTemplate_WithoutScheduleInfo_FallbackToCurso (0.00s)
=== RUN   TestGetEnrollmentApprovedEmailTemplate_OnlineCourse
--- PASS: TestGetEnrollmentApprovedEmailTemplate_OnlineCourse (0.00s)
=== RUN   TestGetEnrollmentPendingEmailTemplate_WithOrgaoName
--- PASS: TestGetEnrollmentPendingEmailTemplate_WithOrgaoName (0.00s)
=== RUN   TestGetEnrollmentRejectedEmailTemplate
--- PASS: TestGetEnrollmentRejectedEmailTemplate (0.00s)
=== RUN   TestGetEnrollmentPendingEmailTemplate_WithOrgaoName2
--- PASS: TestGetEnrollmentPendingEmailTemplate_WithOrgaoName2 (0.00s)
=== RUN   TestGetEnrollmentPendingEmailTemplate_WithOrgaoName3
--- PASS: TestGetEnrollmentPendingEmailTemplate_WithOrgaoName3 (0.00s)
=== RUN   TestEmailTemplate_EmptyFields
--- PASS: TestEmailTemplate_EmptyFields (0.00s)
=== RUN   TestEmailTemplate_SpecialCharacters
--- PASS: TestEmailTemplate_SpecialCharacters (0.00s)
=== RUN   TestScheduleInfo_NilValues
--- PASS: TestScheduleInfo_NilValues (0.00s)
=== RUN   TestScheduleInfo_EmptyStrings
--- PASS: TestScheduleInfo_EmptyStrings (0.00s)
=== RUN   TestAcessibilidadeService_Create
--- PASS: TestAcessibilidadeService_Create (0.00s)
=== RUN   TestAcessibilidadeService_GetByID
=== RUN   TestAcessibilidadeService_GetByID/found
=== RUN   TestAcessibilidadeService_GetByID/not_found
--- PASS: TestAcessibilidadeService_GetByID (0.00s)
    --- PASS: TestAcessibilidadeService_GetByID/found (0.00s)
    --- PASS: TestAcessibilidadeService_GetByID/not_found (0.00s)
=== RUN   TestAcessibilidadeService_List_RepoError
--- PASS: TestAcessibilidadeService_List_RepoError (0.00s)
=== RUN   TestCategoriaService_Create
=== RUN   TestCategoriaService_Create/success
=== RUN   TestCategoriaService_Create/repo_error
--- PASS: TestCategoriaService_Create (0.00s)
    --- PASS: TestCategoriaService_Create/success (0.00s)
    --- PASS: TestCategoriaService_Create/repo_error (0.00s)
=== RUN   TestCategoriaService_GetByID
=== RUN   TestCategoriaService_GetByID/success
=== RUN   TestCategoriaService_GetByID/not_found
--- PASS: TestCategoriaService_GetByID (0.00s)
    --- PASS: TestCategoriaService_GetByID/success (0.00s)
    --- PASS: TestCategoriaService_GetByID/not_found (0.00s)
=== RUN   TestCategoriaService_Update
--- PASS: TestCategoriaService_Update (0.00s)
=== RUN   TestCategoriaService_Delete
--- PASS: TestCategoriaService_Delete (0.00s)
=== RUN   TestCategoriaService_List
=== RUN   TestCategoriaService_List/success
=== RUN   TestCategoriaService_List/with_filter
--- PASS: TestCategoriaService_List (0.00s)
    --- PASS: TestCategoriaService_List/success (0.00s)
    --- PASS: TestCategoriaService_List/with_filter (0.00s)
=== RUN   TestCNAEValidationService_ValidatePropostaForCNAE_Success
=== RUN   TestCNAEValidationService_ValidatePropostaForCNAE_Success/Successful_validation_-_exact_CNAE_match
2026/03/27 14:25:10 [CACHE_MISS] CPF=12345678900 Fetching from RMI API
2026/03/27 14:25:10 [CACHE_SET] CPF=12345678900 Cached 1 legal entities
2026/03/27 14:25:10 [CNAE_VALIDATION_SUCCESS] CPF=12345678900 CNPJ=12345678000190
=== RUN   TestCNAEValidationService_ValidatePropostaForCNAE_Success/Successful_validation_-_CNAE_in_secundarias
2026/03/27 14:25:10 [CACHE_MISS] CPF=12345678900 Fetching from RMI API
2026/03/27 14:25:10 [CACHE_SET] CPF=12345678900 Cached 1 legal entities
2026/03/27 14:25:10 [CNAE_VALIDATION_SUCCESS] CPF=12345678900 CNPJ=12345678000190
=== RUN   TestCNAEValidationService_ValidatePropostaForCNAE_Success/Successful_validation_-_formatted_CNAE_matching
2026/03/27 14:25:10 [CACHE_MISS] CPF=12345678900 Fetching from RMI API
2026/03/27 14:25:10 [CACHE_SET] CPF=12345678900 Cached 1 legal entities
2026/03/27 14:25:10 [CNAE_VALIDATION_SUCCESS] CPF=12345678900 CNPJ=12345678000190
=== RUN   TestCNAEValidationService_ValidatePropostaForCNAE_Success/Populates_cache_after_first_call
2026/03/27 14:25:10 [CACHE_MISS] CPF=12345678900 Fetching from RMI API
2026/03/27 14:25:10 [CACHE_SET] CPF=12345678900 Cached 1 legal entities
2026/03/27 14:25:10 [CNAE_VALIDATION_SUCCESS] CPF=12345678900 CNPJ=12345678000190
--- PASS: TestCNAEValidationService_ValidatePropostaForCNAE_Success (0.00s)
    --- PASS: TestCNAEValidationService_ValidatePropostaForCNAE_Success/Successful_validation_-_exact_CNAE_match (0.00s)
    --- PASS: TestCNAEValidationService_ValidatePropostaForCNAE_Success/Successful_validation_-_CNAE_in_secundarias (0.00s)
    --- PASS: TestCNAEValidationService_ValidatePropostaForCNAE_Success/Successful_validation_-_formatted_CNAE_matching (0.00s)
    --- PASS: TestCNAEValidationService_ValidatePropostaForCNAE_Success/Populates_cache_after_first_call (0.00s)
=== RUN   TestCNAEValidationService_ValidatePropostaForCNAE_Failures
=== RUN   TestCNAEValidationService_ValidatePropostaForCNAE_Failures/CNPJ_not_belonging_to_user
2026/03/27 14:25:10 [CACHE_MISS] CPF=12345678900 Fetching from RMI API
2026/03/27 14:25:10 [CACHE_SET] CPF=12345678900 Cached 1 legal entities
2026/03/27 14:25:10 [CNAE_VALIDATION_FAILED] CPF=12345678900 CNPJ=12345678000190 Reason=ownership
=== RUN   TestCNAEValidationService_ValidatePropostaForCNAE_Failures/CNAE_mismatch
2026/03/27 14:25:10 [CACHE_MISS] CPF=12345678900 Fetching from RMI API
2026/03/27 14:25:10 [CACHE_SET] CPF=12345678900 Cached 1 legal entities
2026/03/27 14:25:10 [CNAE_VALIDATION_FAILED] CPF=12345678900 CNPJ=12345678000190 Reason=cnae_mismatch CNPJCNAEs=[4110700] OpportunityCNAEs=[6201500 6202300]
=== RUN   TestCNAEValidationService_ValidatePropostaForCNAE_Failures/User_has_no_CNPJs
2026/03/27 14:25:10 [CACHE_MISS] CPF=12345678900 Fetching from RMI API
2026/03/27 14:25:10 [CACHE_SET] CPF=12345678900 Cached 0 legal entities
2026/03/27 14:25:10 [CNAE_VALIDATION_FAILED] CPF=12345678900 CNPJ=12345678000190 Reason=no_cnpjs
=== RUN   TestCNAEValidationService_ValidatePropostaForCNAE_Failures/Invalid_JWT_token
2026/03/27 14:25:10 [CNAE_VALIDATION_ERROR] Failed to extract CPF from token: invalid JWT format: expected 3 parts
=== RUN   TestCNAEValidationService_ValidatePropostaForCNAE_Failures/RMI_API_error
2026/03/27 14:25:10 [CACHE_MISS] CPF=12345678900 Fetching from RMI API
2026/03/27 14:25:10 [CNAE_VALIDATION_ERROR] CPF=12345678900 Error fetching legal entities: RMI API connection failed
=== RUN   TestCNAEValidationService_ValidatePropostaForCNAE_Failures/Cache_error_does_not_block_validation
2026/03/27 14:25:10 [CACHE_ERROR] Failed to get from cache for CPF=12345678900: Redis connection failed
2026/03/27 14:25:10 [CACHE_MISS] CPF=12345678900 Fetching from RMI API
2026/03/27 14:25:10 [CACHE_ERROR] Failed to set cache for CPF=12345678900: Redis connection failed
2026/03/27 14:25:10 [CNAE_VALIDATION_SUCCESS] CPF=12345678900 CNPJ=12345678000190
--- PASS: TestCNAEValidationService_ValidatePropostaForCNAE_Failures (0.00s)
    --- PASS: TestCNAEValidationService_ValidatePropostaForCNAE_Failures/CNPJ_not_belonging_to_user (0.00s)
    --- PASS: TestCNAEValidationService_ValidatePropostaForCNAE_Failures/CNAE_mismatch (0.00s)
    --- PASS: TestCNAEValidationService_ValidatePropostaForCNAE_Failures/User_has_no_CNPJs (0.00s)
    --- PASS: TestCNAEValidationService_ValidatePropostaForCNAE_Failures/Invalid_JWT_token (0.00s)
    --- PASS: TestCNAEValidationService_ValidatePropostaForCNAE_Failures/RMI_API_error (0.00s)
    --- PASS: TestCNAEValidationService_ValidatePropostaForCNAE_Failures/Cache_error_does_not_block_validation (0.00s)
=== RUN   TestCNAEValidationService_EdgeCases
=== RUN   TestCNAEValidationService_EdgeCases/Multiple_CNPJs_-_only_one_matches
2026/03/27 14:25:10 [CACHE_MISS] CPF=12345678900 Fetching from RMI API
2026/03/27 14:25:10 [CACHE_SET] CPF=12345678900 Cached 3 legal entities
2026/03/27 14:25:10 [CNAE_VALIDATION_SUCCESS] CPF=12345678900 CNPJ=12345678000190
=== RUN   TestCNAEValidationService_EdgeCases/Empty_CNAE_fiscal_but_has_secundaria_matching
2026/03/27 14:25:10 [CACHE_MISS] CPF=12345678900 Fetching from RMI API
2026/03/27 14:25:10 [CACHE_SET] CPF=12345678900 Cached 1 legal entities
2026/03/27 14:25:10 [CNAE_VALIDATION_SUCCESS] CPF=12345678900 CNPJ=12345678000190
=== RUN   TestCNAEValidationService_EdgeCases/Multiple_opportunity_CNAEs_-_one_matches
2026/03/27 14:25:10 [CACHE_MISS] CPF=12345678900 Fetching from RMI API
2026/03/27 14:25:10 [CACHE_SET] CPF=12345678900 Cached 1 legal entities
2026/03/27 14:25:10 [CNAE_VALIDATION_SUCCESS] CPF=12345678900 CNPJ=12345678000190
=== RUN   TestCNAEValidationService_EdgeCases/CNPJ_normalization_-_formatted_vs_raw
2026/03/27 14:25:10 [CACHE_MISS] CPF=12345678900 Fetching from RMI API
2026/03/27 14:25:10 [CACHE_SET] CPF=12345678900 Cached 1 legal entities
2026/03/27 14:25:10 [CNAE_VALIDATION_SUCCESS] CPF=12345678900 CNPJ=12345678000190
--- PASS: TestCNAEValidationService_EdgeCases (0.00s)
    --- PASS: TestCNAEValidationService_EdgeCases/Multiple_CNPJs_-_only_one_matches (0.00s)
    --- PASS: TestCNAEValidationService_EdgeCases/Empty_CNAE_fiscal_but_has_secundaria_matching (0.00s)
    --- PASS: TestCNAEValidationService_EdgeCases/Multiple_opportunity_CNAEs_-_one_matches (0.00s)
    --- PASS: TestCNAEValidationService_EdgeCases/CNPJ_normalization_-_formatted_vs_raw (0.00s)
=== RUN   TestCNAEValidationService_CheckCNPJOwnership
=== RUN   TestCNAEValidationService_CheckCNPJOwnership/CNPJ_belongs_to_user
2026/03/27 14:25:10 [CACHE_MISS] CPF=12345678900 Fetching from RMI API
2026/03/27 14:25:10 [CACHE_SET] CPF=12345678900 Cached 1 legal entities
=== RUN   TestCNAEValidationService_CheckCNPJOwnership/CNPJ_does_not_belong_to_user
2026/03/27 14:25:10 [CACHE_MISS] CPF=12345678900 Fetching from RMI API
2026/03/27 14:25:10 [CACHE_SET] CPF=12345678900 Cached 1 legal entities
=== RUN   TestCNAEValidationService_CheckCNPJOwnership/User_has_no_CNPJs
2026/03/27 14:25:10 [CACHE_MISS] CPF=12345678900 Fetching from RMI API
2026/03/27 14:25:10 [CACHE_SET] CPF=12345678900 Cached 0 legal entities
=== RUN   TestCNAEValidationService_CheckCNPJOwnership/RMI_API_error
2026/03/27 14:25:10 [CACHE_MISS] CPF=12345678900 Fetching from RMI API
2026/03/27 14:25:10 [CNPJ_OWNERSHIP_ERROR] CPF=12345678900 Error fetching legal entities: RMI API connection failed
=== RUN   TestCNAEValidationService_CheckCNPJOwnership/Cache_hit
2026/03/27 14:25:10 [CACHE_HIT] CPF=12345678900 Found 1 legal entities
=== RUN   TestCNAEValidationService_CheckCNPJOwnership/CNPJ_normalization_works
2026/03/27 14:25:10 [CACHE_MISS] CPF=12345678900 Fetching from RMI API
2026/03/27 14:25:10 [CACHE_SET] CPF=12345678900 Cached 1 legal entities
--- PASS: TestCNAEValidationService_CheckCNPJOwnership (0.00s)
    --- PASS: TestCNAEValidationService_CheckCNPJOwnership/CNPJ_belongs_to_user (0.00s)
    --- PASS: TestCNAEValidationService_CheckCNPJOwnership/CNPJ_does_not_belong_to_user (0.00s)
    --- PASS: TestCNAEValidationService_CheckCNPJOwnership/User_has_no_CNPJs (0.00s)
    --- PASS: TestCNAEValidationService_CheckCNPJOwnership/RMI_API_error (0.00s)
    --- PASS: TestCNAEValidationService_CheckCNPJOwnership/Cache_hit (0.00s)
    --- PASS: TestCNAEValidationService_CheckCNPJOwnership/CNPJ_normalization_works (0.00s)
=== RUN   TestCursoService_Create
=== RUN   TestCursoService_Create/Create_valid_draft_curso
=== RUN   TestCursoService_Create/Create_valid_published_curso
=== RUN   TestCursoService_Create/Create_with_empty_titulo_fails_validation
=== RUN   TestCursoService_Create/Create_with_titulo_too_long_fails_validation
=== RUN   TestCursoService_Create/Create_with_invalid_modalidade_fails
=== RUN   TestCursoService_Create/Create_with_negative_numero_vagas_fails
=== RUN   TestCursoService_Create/Create_with_repository_error
=== RUN   TestCursoService_Create/Create_with_custom_fields
=== RUN   TestCursoService_Create/Create_with_location_classes
--- PASS: TestCursoService_Create (0.00s)
    --- PASS: TestCursoService_Create/Create_valid_draft_curso (0.00s)
    --- PASS: TestCursoService_Create/Create_valid_published_curso (0.00s)
    --- PASS: TestCursoService_Create/Create_with_empty_titulo_fails_validation (0.00s)
    --- PASS: TestCursoService_Create/Create_with_titulo_too_long_fails_validation (0.00s)
    --- PASS: TestCursoService_Create/Create_with_invalid_modalidade_fails (0.00s)
    --- PASS: TestCursoService_Create/Create_with_negative_numero_vagas_fails (0.00s)
    --- PASS: TestCursoService_Create/Create_with_repository_error (0.00s)
    --- PASS: TestCursoService_Create/Create_with_custom_fields (0.00s)
    --- PASS: TestCursoService_Create/Create_with_location_classes (0.00s)
=== RUN   TestCursoService_GetByID
=== RUN   TestCursoService_GetByID/GetByID_existing_curso
=== RUN   TestCursoService_GetByID/GetByID_non-existing_curso
=== RUN   TestCursoService_GetByID/GetByID_with_repository_error
--- PASS: TestCursoService_GetByID (0.00s)
    --- PASS: TestCursoService_GetByID/GetByID_existing_curso (0.00s)
    --- PASS: TestCursoService_GetByID/GetByID_non-existing_curso (0.00s)
    --- PASS: TestCursoService_GetByID/GetByID_with_repository_error (0.00s)
=== RUN   TestCursoService_Update
=== RUN   TestCursoService_Update/Update_valid_curso
=== RUN   TestCursoService_Update/Update_with_empty_titulo_fails
=== RUN   TestCursoService_Update/Update_with_repository_error
--- PASS: TestCursoService_Update (0.00s)
    --- PASS: TestCursoService_Update/Update_valid_curso (0.00s)
    --- PASS: TestCursoService_Update/Update_with_empty_titulo_fails (0.00s)
    --- PASS: TestCursoService_Update/Update_with_repository_error (0.00s)
=== RUN   TestCursoService_Delete
=== RUN   TestCursoService_Delete/Delete_existing_curso
=== RUN   TestCursoService_Delete/Delete_with_repository_error
--- PASS: TestCursoService_Delete (0.00s)
    --- PASS: TestCursoService_Delete/Delete_existing_curso (0.00s)
    --- PASS: TestCursoService_Delete/Delete_with_repository_error (0.00s)
=== RUN   TestCursoService_List
=== RUN   TestCursoService_List/List_with_results
=== RUN   TestCursoService_List/List_with_pagination
=== RUN   TestCursoService_List/List_with_repository_error
--- PASS: TestCursoService_List (0.00s)
    --- PASS: TestCursoService_List/List_with_results (0.00s)
    --- PASS: TestCursoService_List/List_with_pagination (0.00s)
    --- PASS: TestCursoService_List/List_with_repository_error (0.00s)
=== RUN   TestCursoService_ValidationScenarios
=== RUN   TestCursoService_ValidationScenarios/Validate_LIVRE_FORMACAO_ONLINE_requires_formacao_link
=== RUN   TestCursoService_ValidationScenarios/Validate_LIVRE_FORMACAO_ONLINE_with_valid_URL
=== RUN   TestCursoService_ValidationScenarios/Validate_LIVRE_FORMACAO_ONLINE_cannot_have_locations
=== RUN   TestCursoService_ValidationScenarios/Validate_LIVRE_FORMACAO_ONLINE_cannot_have_remote_class
=== RUN   TestCursoService_ValidationScenarios/Validate_location_with_short_address_fails
=== RUN   TestCursoService_ValidationScenarios/Validate_location_with_short_neighborhood_fails
=== RUN   TestCursoService_ValidationScenarios/Validate_location_without_schedules_fails
=== RUN   TestCursoService_ValidationScenarios/Validate_schedule_with_invalid_vacancies_fails
=== RUN   TestCursoService_ValidationScenarios/Validate_schedule_with_end_date_before_start_date_fails
=== RUN   TestCursoService_ValidationScenarios/Validate_CourseManagementType_OWN_ORG
=== RUN   TestCursoService_ValidationScenarios/Validate_CourseManagementType_OWN_ORG_with_partner_fields_fails
=== RUN   TestCursoService_ValidationScenarios/Validate_CourseManagementType_EXTERNAL_MANAGED_BY_ORG_requires_partner_name
=== RUN   TestCursoService_ValidationScenarios/Validate_CourseManagementType_EXTERNAL_MANAGED_BY_PARTNER_requires_URL
=== RUN   TestCursoService_ValidationScenarios/Validate_invalid_FormatoAula_fails
=== RUN   TestCursoService_ValidationScenarios/Validate_invalid_Turno_fails
--- PASS: TestCursoService_ValidationScenarios (0.00s)
    --- PASS: TestCursoService_ValidationScenarios/Validate_LIVRE_FORMACAO_ONLINE_requires_formacao_link (0.00s)
    --- PASS: TestCursoService_ValidationScenarios/Validate_LIVRE_FORMACAO_ONLINE_with_valid_URL (0.00s)
    --- PASS: TestCursoService_ValidationScenarios/Validate_LIVRE_FORMACAO_ONLINE_cannot_have_locations (0.00s)
    --- PASS: TestCursoService_ValidationScenarios/Validate_LIVRE_FORMACAO_ONLINE_cannot_have_remote_class (0.00s)
    --- PASS: TestCursoService_ValidationScenarios/Validate_location_with_short_address_fails (0.00s)
    --- PASS: TestCursoService_ValidationScenarios/Validate_location_with_short_neighborhood_fails (0.00s)
    --- PASS: TestCursoService_ValidationScenarios/Validate_location_without_schedules_fails (0.00s)
    --- PASS: TestCursoService_ValidationScenarios/Validate_schedule_with_invalid_vacancies_fails (0.00s)
    --- PASS: TestCursoService_ValidationScenarios/Validate_schedule_with_end_date_before_start_date_fails (0.00s)
    --- PASS: TestCursoService_ValidationScenarios/Validate_CourseManagementType_OWN_ORG (0.00s)
    --- PASS: TestCursoService_ValidationScenarios/Validate_CourseManagementType_OWN_ORG_with_partner_fields_fails (0.00s)
    --- PASS: TestCursoService_ValidationScenarios/Validate_CourseManagementType_EXTERNAL_MANAGED_BY_ORG_requires_partner_name (0.00s)
    --- PASS: TestCursoService_ValidationScenarios/Validate_CourseManagementType_EXTERNAL_MANAGED_BY_PARTNER_requires_URL (0.00s)
    --- PASS: TestCursoService_ValidationScenarios/Validate_invalid_FormatoAula_fails (0.00s)
    --- PASS: TestCursoService_ValidationScenarios/Validate_invalid_Turno_fails (0.00s)
=== RUN   TestEscolaridadeService_Create
--- PASS: TestEscolaridadeService_Create (0.00s)
=== RUN   TestEscolaridadeService_GetByID
=== RUN   TestEscolaridadeService_GetByID/found
=== RUN   TestEscolaridadeService_GetByID/not_found
--- PASS: TestEscolaridadeService_GetByID (0.00s)
    --- PASS: TestEscolaridadeService_GetByID/found (0.00s)
    --- PASS: TestEscolaridadeService_GetByID/not_found (0.00s)
=== RUN   TestEscolaridadeService_List_RepoError
--- PASS: TestEscolaridadeService_List_RepoError (0.00s)
=== RUN   TestInscricaoService_Create
=== RUN   TestInscricaoService_Create/Create_valid_inscricao_with_auto-approve
=== RUN   TestInscricaoService_Create/Create_valid_inscricao_without_auto-approve
=== RUN   TestInscricaoService_Create/Create_fails_when_curso_not_opened
=== RUN   TestInscricaoService_Create/Create_fails_when_enrollment_period_not_started
=== RUN   TestInscricaoService_Create/Create_fails_when_enrollment_period_ended
=== RUN   TestInscricaoService_Create/Create_fails_when_CPF_already_enrolled
=== RUN   TestInscricaoService_Create/Create_with_citizen_data_fetcher
--- PASS: TestInscricaoService_Create (0.00s)
    --- PASS: TestInscricaoService_Create/Create_valid_inscricao_with_auto-approve (0.00s)
    --- PASS: TestInscricaoService_Create/Create_valid_inscricao_without_auto-approve (0.00s)
    --- PASS: TestInscricaoService_Create/Create_fails_when_curso_not_opened (0.00s)
    --- PASS: TestInscricaoService_Create/Create_fails_when_enrollment_period_not_started (0.00s)
    --- PASS: TestInscricaoService_Create/Create_fails_when_enrollment_period_ended (0.00s)
    --- PASS: TestInscricaoService_Create/Create_fails_when_CPF_already_enrolled (0.00s)
    --- PASS: TestInscricaoService_Create/Create_with_citizen_data_fetcher (0.00s)
=== RUN   TestInscricaoService_UpdateStatus
=== RUN   TestInscricaoService_UpdateStatus/UpdateStatus_from_pending_to_approved
=== RUN   TestInscricaoService_UpdateStatus/UpdateStatus_fails_when_inscricao_not_found
=== RUN   TestInscricaoService_UpdateStatus/UpdateStatus_with_repository_error
--- PASS: TestInscricaoService_UpdateStatus (0.00s)
    --- PASS: TestInscricaoService_UpdateStatus/UpdateStatus_from_pending_to_approved (0.00s)
    --- PASS: TestInscricaoService_UpdateStatus/UpdateStatus_fails_when_inscricao_not_found (0.00s)
    --- PASS: TestInscricaoService_UpdateStatus/UpdateStatus_with_repository_error (0.00s)
=== RUN   TestInscricaoService_UpdateMultipleStatus
=== RUN   TestInscricaoService_UpdateMultipleStatus/UpdateMultipleStatus_success
=== RUN   TestInscricaoService_UpdateMultipleStatus/UpdateMultipleStatus_with_empty_list_fails
--- PASS: TestInscricaoService_UpdateMultipleStatus (0.00s)
    --- PASS: TestInscricaoService_UpdateMultipleStatus/UpdateMultipleStatus_success (0.00s)
    --- PASS: TestInscricaoService_UpdateMultipleStatus/UpdateMultipleStatus_with_empty_list_fails (0.00s)
=== RUN   TestInscricaoService_Delete
=== RUN   TestInscricaoService_Delete/Delete_existing_inscricao
=== RUN   TestInscricaoService_Delete/Delete_fails_when_inscricao_not_found
--- PASS: TestInscricaoService_Delete (0.00s)
    --- PASS: TestInscricaoService_Delete/Delete_existing_inscricao (0.00s)
    --- PASS: TestInscricaoService_Delete/Delete_fails_when_inscricao_not_found (0.00s)
=== RUN   TestInscricaoService_UpdateCertificate
=== RUN   TestInscricaoService_UpdateCertificate/UpdateCertificate_for_approved_inscricao
=== RUN   TestInscricaoService_UpdateCertificate/UpdateCertificate_fails_when_inscricao_from_different_curso
=== RUN   TestInscricaoService_UpdateCertificate/UpdateCertificate_fails_for_pending_inscricao
--- PASS: TestInscricaoService_UpdateCertificate (0.00s)
    --- PASS: TestInscricaoService_UpdateCertificate/UpdateCertificate_for_approved_inscricao (0.00s)
    --- PASS: TestInscricaoService_UpdateCertificate/UpdateCertificate_fails_when_inscricao_from_different_curso (0.00s)
    --- PASS: TestInscricaoService_UpdateCertificate/UpdateCertificate_fails_for_pending_inscricao (0.00s)
=== RUN   TestInscricaoService_GetSummaryByCursoID
=== RUN   TestInscricaoService_GetSummaryByCursoID/GetSummaryByCursoID_success
=== RUN   TestInscricaoService_GetSummaryByCursoID/GetSummaryByCursoID_fails_when_curso_not_found
--- PASS: TestInscricaoService_GetSummaryByCursoID (0.00s)
    --- PASS: TestInscricaoService_GetSummaryByCursoID/GetSummaryByCursoID_success (0.00s)
    --- PASS: TestInscricaoService_GetSummaryByCursoID/GetSummaryByCursoID_fails_when_curso_not_found (0.00s)
=== RUN   TestInscricaoService_GetByID
=== RUN   TestInscricaoService_GetByID/GetByID_existing_inscricao
=== RUN   TestInscricaoService_GetByID/GetByID_non-existing_inscricao
--- PASS: TestInscricaoService_GetByID (0.00s)
    --- PASS: TestInscricaoService_GetByID/GetByID_existing_inscricao (0.00s)
    --- PASS: TestInscricaoService_GetByID/GetByID_non-existing_inscricao (0.00s)
=== RUN   TestInscricaoService_GetByCursoID
=== RUN   TestInscricaoService_GetByCursoID/GetByCursoID_with_results
=== RUN   TestInscricaoService_GetByCursoID/GetByCursoID_with_pagination
--- PASS: TestInscricaoService_GetByCursoID (0.00s)
    --- PASS: TestInscricaoService_GetByCursoID/GetByCursoID_with_results (0.00s)
    --- PASS: TestInscricaoService_GetByCursoID/GetByCursoID_with_pagination (0.00s)
=== RUN   TestInscricaoService_ListByCPF
=== RUN   TestInscricaoService_ListByCPF/ListByCPF_with_results
=== RUN   TestInscricaoService_ListByCPF/ListByCPF_with_repository_error
--- PASS: TestInscricaoService_ListByCPF (0.00s)
    --- PASS: TestInscricaoService_ListByCPF/ListByCPF_with_results (0.00s)
    --- PASS: TestInscricaoService_ListByCPF/ListByCPF_with_repository_error (0.00s)
=== RUN   TestInscricaoService_UpdateInscricao
=== RUN   TestInscricaoService_UpdateInscricao/UpdateInscricao_success
=== RUN   TestInscricaoService_UpdateInscricao/UpdateInscricao_fails_when_inscricao_not_found
=== RUN   TestInscricaoService_UpdateInscricao/UpdateInscricao_fails_when_curso_ID_mismatch
--- PASS: TestInscricaoService_UpdateInscricao (0.00s)
    --- PASS: TestInscricaoService_UpdateInscricao/UpdateInscricao_success (0.00s)
    --- PASS: TestInscricaoService_UpdateInscricao/UpdateInscricao_fails_when_inscricao_not_found (0.00s)
    --- PASS: TestInscricaoService_UpdateInscricao/UpdateInscricao_fails_when_curso_ID_mismatch (0.00s)
=== RUN   TestPropostaMEIService_Create_Success
=== RUN   TestPropostaMEIService_Create_Success/Successful_proposal_creation
--- PASS: TestPropostaMEIService_Create_Success (0.00s)
    --- PASS: TestPropostaMEIService_Create_Success/Successful_proposal_creation (0.00s)
=== RUN   TestPropostaMEIService_Create_Failures
=== RUN   TestPropostaMEIService_Create_Failures/Invalid_proposal_data
=== RUN   TestPropostaMEIService_Create_Failures/Opportunity_not_found
=== RUN   TestPropostaMEIService_Create_Failures/Opportunity_not_active
=== RUN   TestPropostaMEIService_Create_Failures/CNAE_validation_fails
=== RUN   TestPropostaMEIService_Create_Failures/Duplicate_proposal
--- PASS: TestPropostaMEIService_Create_Failures (0.00s)
    --- PASS: TestPropostaMEIService_Create_Failures/Invalid_proposal_data (0.00s)
    --- PASS: TestPropostaMEIService_Create_Failures/Opportunity_not_found (0.00s)
    --- PASS: TestPropostaMEIService_Create_Failures/Opportunity_not_active (0.00s)
    --- PASS: TestPropostaMEIService_Create_Failures/CNAE_validation_fails (0.00s)
    --- PASS: TestPropostaMEIService_Create_Failures/Duplicate_proposal (0.00s)
=== RUN   TestPropostaMEIService_UpdateProposta
=== RUN   TestPropostaMEIService_UpdateProposta/Update_with_valid_positive_value
=== RUN   TestPropostaMEIService_UpdateProposta/Update_with_negative_value_fails
=== RUN   TestPropostaMEIService_UpdateProposta/Update_non-existent_proposal
=== RUN   TestPropostaMEIService_UpdateProposta/Update_with_wrong_opportunity_ID
--- PASS: TestPropostaMEIService_UpdateProposta (0.00s)
    --- PASS: TestPropostaMEIService_UpdateProposta/Update_with_valid_positive_value (0.00s)
    --- PASS: TestPropostaMEIService_UpdateProposta/Update_with_negative_value_fails (0.00s)
    --- PASS: TestPropostaMEIService_UpdateProposta/Update_non-existent_proposal (0.00s)
    --- PASS: TestPropostaMEIService_UpdateProposta/Update_with_wrong_opportunity_ID (0.00s)
=== RUN   TestPropostaMEIService_UpdateStatusCidadao
=== RUN   TestPropostaMEIService_UpdateStatusCidadao/Update_status_successfully
=== RUN   TestPropostaMEIService_UpdateStatusCidadao/Approve_and_Reject_helper_methods
--- PASS: TestPropostaMEIService_UpdateStatusCidadao (0.00s)
    --- PASS: TestPropostaMEIService_UpdateStatusCidadao/Update_status_successfully (0.00s)
    --- PASS: TestPropostaMEIService_UpdateStatusCidadao/Approve_and_Reject_helper_methods (0.00s)
=== RUN   TestPropostaMEIService_UpdateMultipleStatus
=== RUN   TestPropostaMEIService_UpdateMultipleStatus/Update_multiple_propostas_successfully
=== RUN   TestPropostaMEIService_UpdateMultipleStatus/Empty_proposal_list
--- PASS: TestPropostaMEIService_UpdateMultipleStatus (0.00s)
    --- PASS: TestPropostaMEIService_UpdateMultipleStatus/Update_multiple_propostas_successfully (0.00s)
    --- PASS: TestPropostaMEIService_UpdateMultipleStatus/Empty_proposal_list (0.00s)
=== RUN   TestPropostaMEIService_Delete
=== RUN   TestPropostaMEIService_Delete/Delete_proposal_successfully
=== RUN   TestPropostaMEIService_Delete/Delete_non-existent_proposal
=== RUN   TestPropostaMEIService_Delete/Delete_with_repository_error
--- PASS: TestPropostaMEIService_Delete (0.00s)
    --- PASS: TestPropostaMEIService_Delete/Delete_proposal_successfully (0.00s)
    --- PASS: TestPropostaMEIService_Delete/Delete_non-existent_proposal (0.00s)
    --- PASS: TestPropostaMEIService_Delete/Delete_with_repository_error (0.00s)
=== RUN   TestPropostaMEIService_GetByID
=== RUN   TestPropostaMEIService_GetByID/Get_existing_proposal
=== RUN   TestPropostaMEIService_GetByID/Get_non-existent_proposal
=== RUN   TestPropostaMEIService_GetByID/Get_with_repository_error
--- PASS: TestPropostaMEIService_GetByID (0.00s)
    --- PASS: TestPropostaMEIService_GetByID/Get_existing_proposal (0.00s)
    --- PASS: TestPropostaMEIService_GetByID/Get_non-existent_proposal (0.00s)
    --- PASS: TestPropostaMEIService_GetByID/Get_with_repository_error (0.00s)
=== RUN   TestPropostaMEIService_Update
=== RUN   TestPropostaMEIService_Update/Update_proposal_successfully
=== RUN   TestPropostaMEIService_Update/Update_passes_through_to_repository
=== RUN   TestPropostaMEIService_Update/Update_with_repository_error
--- PASS: TestPropostaMEIService_Update (0.00s)
    --- PASS: TestPropostaMEIService_Update/Update_proposal_successfully (0.00s)
    --- PASS: TestPropostaMEIService_Update/Update_passes_through_to_repository (0.00s)
    --- PASS: TestPropostaMEIService_Update/Update_with_repository_error (0.00s)
=== RUN   TestPropostaMEIService_Create_RepositoryErrors
=== RUN   TestPropostaMEIService_Create_RepositoryErrors/Create_with_CheckExistingProposta_error
=== RUN   TestPropostaMEIService_Create_RepositoryErrors/Create_with_repository_Create_error
=== RUN   TestPropostaMEIService_Create_RepositoryErrors/Create_with_GetByID_error
--- PASS: TestPropostaMEIService_Create_RepositoryErrors (0.00s)
    --- PASS: TestPropostaMEIService_Create_RepositoryErrors/Create_with_CheckExistingProposta_error (0.00s)
    --- PASS: TestPropostaMEIService_Create_RepositoryErrors/Create_with_repository_Create_error (0.00s)
    --- PASS: TestPropostaMEIService_Create_RepositoryErrors/Create_with_GetByID_error (0.00s)
=== RUN   TestEmpregoService_CRUD
=== RUN   TestEmpregoService_CRUD/Create_valid_emprego
=== RUN   TestEmpregoService_CRUD/Create_invalid_emprego
=== RUN   TestEmpregoService_CRUD/GetByID
=== RUN   TestEmpregoService_CRUD/GetByID_error
=== RUN   TestEmpregoService_CRUD/Delete
=== RUN   TestEmpregoService_CRUD/List_success
=== RUN   TestEmpregoService_CRUD/List_error
--- PASS: TestEmpregoService_CRUD (0.00s)
    --- PASS: TestEmpregoService_CRUD/Create_valid_emprego (0.00s)
    --- PASS: TestEmpregoService_CRUD/Create_invalid_emprego (0.00s)
    --- PASS: TestEmpregoService_CRUD/GetByID (0.00s)
    --- PASS: TestEmpregoService_CRUD/GetByID_error (0.00s)
    --- PASS: TestEmpregoService_CRUD/Delete (0.00s)
    --- PASS: TestEmpregoService_CRUD/List_success (0.00s)
    --- PASS: TestEmpregoService_CRUD/List_error (0.00s)
=== RUN   TestEmpresaService_CRUD
=== RUN   TestEmpresaService_CRUD/Create
=== RUN   TestEmpresaService_CRUD/Create_error
=== RUN   TestEmpresaService_CRUD/GetByID_found
=== RUN   TestEmpresaService_CRUD/GetByID_not_found
=== RUN   TestEmpresaService_CRUD/Update
=== RUN   TestEmpresaService_CRUD/Update_error
=== RUN   TestEmpresaService_CRUD/Delete
=== RUN   TestEmpresaService_CRUD/List_success
--- PASS: TestEmpresaService_CRUD (0.00s)
    --- PASS: TestEmpresaService_CRUD/Create (0.00s)
    --- PASS: TestEmpresaService_CRUD/Create_error (0.00s)
    --- PASS: TestEmpresaService_CRUD/GetByID_found (0.00s)
    --- PASS: TestEmpresaService_CRUD/GetByID_not_found (0.00s)
    --- PASS: TestEmpresaService_CRUD/Update (0.00s)
    --- PASS: TestEmpresaService_CRUD/Update_error (0.00s)
    --- PASS: TestEmpresaService_CRUD/Delete (0.00s)
    --- PASS: TestEmpresaService_CRUD/List_success (0.00s)
=== RUN   TestInstituicaoService_CRUD
=== RUN   TestInstituicaoService_CRUD/Create
=== RUN   TestInstituicaoService_CRUD/GetByID
=== RUN   TestInstituicaoService_CRUD/GetByID_not_found
=== RUN   TestInstituicaoService_CRUD/Update
=== RUN   TestInstituicaoService_CRUD/Delete
=== RUN   TestInstituicaoService_CRUD/List
--- PASS: TestInstituicaoService_CRUD (0.00s)
    --- PASS: TestInstituicaoService_CRUD/Create (0.00s)
    --- PASS: TestInstituicaoService_CRUD/GetByID (0.00s)
    --- PASS: TestInstituicaoService_CRUD/GetByID_not_found (0.00s)
    --- PASS: TestInstituicaoService_CRUD/Update (0.00s)
    --- PASS: TestInstituicaoService_CRUD/Delete (0.00s)
    --- PASS: TestInstituicaoService_CRUD/List (0.00s)
=== RUN   TestJobService
=== RUN   TestJobService/Create_valid_job
=== RUN   TestJobService/Create_missing_type
=== RUN   TestJobService/GetByID_existing
=== RUN   TestJobService/GetByID_not_found
=== RUN   TestJobService/Update_existing
=== RUN   TestJobService/Update_non-existing
=== RUN   TestJobService/UpdateStatus
=== RUN   TestJobService/UpdateStatus_non-existing
=== RUN   TestJobService/UpdateProgress
=== RUN   TestJobService/UpdateProgress_non-existing
=== RUN   TestJobService/Delete_existing
=== RUN   TestJobService/Delete_non-existing
=== RUN   TestJobService/List
--- PASS: TestJobService (0.00s)
    --- PASS: TestJobService/Create_valid_job (0.00s)
    --- PASS: TestJobService/Create_missing_type (0.00s)
    --- PASS: TestJobService/GetByID_existing (0.00s)
    --- PASS: TestJobService/GetByID_not_found (0.00s)
    --- PASS: TestJobService/Update_existing (0.00s)
    --- PASS: TestJobService/Update_non-existing (0.00s)
    --- PASS: TestJobService/UpdateStatus (0.00s)
    --- PASS: TestJobService/UpdateStatus_non-existing (0.00s)
    --- PASS: TestJobService/UpdateProgress (0.00s)
    --- PASS: TestJobService/UpdateProgress_non-existing (0.00s)
    --- PASS: TestJobService/Delete_existing (0.00s)
    --- PASS: TestJobService/Delete_non-existing (0.00s)
    --- PASS: TestJobService/List (0.00s)
=== RUN   TestAcessibilidadeService_UpdateAndDelete
=== RUN   TestAcessibilidadeService_UpdateAndDelete/Update
=== RUN   TestAcessibilidadeService_UpdateAndDelete/Update_error
=== RUN   TestAcessibilidadeService_UpdateAndDelete/Delete
=== RUN   TestAcessibilidadeService_UpdateAndDelete/Delete_error
--- PASS: TestAcessibilidadeService_UpdateAndDelete (0.00s)
    --- PASS: TestAcessibilidadeService_UpdateAndDelete/Update (0.00s)
    --- PASS: TestAcessibilidadeService_UpdateAndDelete/Update_error (0.00s)
    --- PASS: TestAcessibilidadeService_UpdateAndDelete/Delete (0.00s)
    --- PASS: TestAcessibilidadeService_UpdateAndDelete/Delete_error (0.00s)
PASS
coverage: 39.8% of statements
ok  	github.com/prefeitura-rio/app-go-api/internal/services	2.830s	coverage: 39.8% of statements
=== RUN   TestCandidaturaService_Create_Success
=== RUN   TestCandidaturaService_Create_Success/Successful_candidatura_creation
--- PASS: TestCandidaturaService_Create_Success (0.00s)
    --- PASS: TestCandidaturaService_Create_Success/Successful_candidatura_creation (0.00s)
=== RUN   TestCandidaturaService_Create_VagaNotFound
=== RUN   TestCandidaturaService_Create_VagaNotFound/Error_when_vaga_not_found
--- PASS: TestCandidaturaService_Create_VagaNotFound (0.00s)
    --- PASS: TestCandidaturaService_Create_VagaNotFound/Error_when_vaga_not_found (0.00s)
=== RUN   TestCandidaturaService_Create_VagaNotActive
=== RUN   TestCandidaturaService_Create_VagaNotActive/Error_when_vaga_is_in_draft_status
=== RUN   TestCandidaturaService_Create_VagaNotActive/Error_when_vaga_is_in_approval_status
--- PASS: TestCandidaturaService_Create_VagaNotActive (0.00s)
    --- PASS: TestCandidaturaService_Create_VagaNotActive/Error_when_vaga_is_in_draft_status (0.00s)
    --- PASS: TestCandidaturaService_Create_VagaNotActive/Error_when_vaga_is_in_approval_status (0.00s)
=== RUN   TestCandidaturaService_Create_VagaExpired
=== RUN   TestCandidaturaService_Create_VagaExpired/Error_when_vaga_is_expired_by_date
=== RUN   TestCandidaturaService_Create_VagaExpired/Error_when_vaga_status_is_already_expired
--- PASS: TestCandidaturaService_Create_VagaExpired (0.00s)
    --- PASS: TestCandidaturaService_Create_VagaExpired/Error_when_vaga_is_expired_by_date (0.00s)
    --- PASS: TestCandidaturaService_Create_VagaExpired/Error_when_vaga_status_is_already_expired (0.00s)
=== RUN   TestCandidaturaService_Create_DuplicateCandidatura
=== RUN   TestCandidaturaService_Create_DuplicateCandidatura/Error_when_candidatura_already_exists
--- PASS: TestCandidaturaService_Create_DuplicateCandidatura (0.00s)
    --- PASS: TestCandidaturaService_Create_DuplicateCandidatura/Error_when_candidatura_already_exists (0.00s)
=== RUN   TestCandidaturaService_Create_RepositoryErrors
=== RUN   TestCandidaturaService_Create_RepositoryErrors/Error_when_vaga_repository_fails
=== RUN   TestCandidaturaService_Create_RepositoryErrors/Error_when_check_existing_candidatura_fails
--- PASS: TestCandidaturaService_Create_RepositoryErrors (0.00s)
    --- PASS: TestCandidaturaService_Create_RepositoryErrors/Error_when_vaga_repository_fails (0.00s)
    --- PASS: TestCandidaturaService_Create_RepositoryErrors/Error_when_check_existing_candidatura_fails (0.00s)
=== RUN   TestCandidaturaService_UpdateStatus
=== RUN   TestCandidaturaService_UpdateStatus/Valid_status_update
=== RUN   TestCandidaturaService_UpdateStatus/Invalid_status_update
--- PASS: TestCandidaturaService_UpdateStatus (0.00s)
    --- PASS: TestCandidaturaService_UpdateStatus/Valid_status_update (0.00s)
    --- PASS: TestCandidaturaService_UpdateStatus/Invalid_status_update (0.00s)
=== RUN   TestCandidaturaService_ApproveReject
=== RUN   TestCandidaturaService_ApproveReject/Approve_candidatura
=== RUN   TestCandidaturaService_ApproveReject/Reject_candidatura
--- PASS: TestCandidaturaService_ApproveReject (0.00s)
    --- PASS: TestCandidaturaService_ApproveReject/Approve_candidatura (0.00s)
    --- PASS: TestCandidaturaService_ApproveReject/Reject_candidatura (0.00s)
=== RUN   TestCandidaturaService_Update
=== RUN   TestCandidaturaService_Update/Update_preserves_controlled_fields
=== RUN   TestCandidaturaService_Update/Update_returns_error_when_candidatura_not_found
=== RUN   TestCandidaturaService_Update/Update_returns_error_when_GetByID_fails
--- PASS: TestCandidaturaService_Update (0.00s)
    --- PASS: TestCandidaturaService_Update/Update_preserves_controlled_fields (0.00s)
    --- PASS: TestCandidaturaService_Update/Update_returns_error_when_candidatura_not_found (0.00s)
    --- PASS: TestCandidaturaService_Update/Update_returns_error_when_GetByID_fails (0.00s)
=== RUN   TestCandidaturaService_Create_CurriculoSnapshot
=== RUN   TestCandidaturaService_Create_CurriculoSnapshot/Successful_candidatura_includes_curriculo_snapshot
=== RUN   TestCandidaturaService_Create_CurriculoSnapshot/Candidatura_created_without_snapshot_when_curriculo_service_fails
--- PASS: TestCandidaturaService_Create_CurriculoSnapshot (0.00s)
    --- PASS: TestCandidaturaService_Create_CurriculoSnapshot/Successful_candidatura_includes_curriculo_snapshot (0.00s)
    --- PASS: TestCandidaturaService_Create_CurriculoSnapshot/Candidatura_created_without_snapshot_when_curriculo_service_fails (0.00s)
=== RUN   TestLegalEntityFull_ToConsultaResponse
=== RUN   TestLegalEntityFull_ToConsultaResponse/Converts_full_entity_to_simplified_response
=== RUN   TestLegalEntityFull_ToConsultaResponse/Handles_nil_optional_fields
=== RUN   TestLegalEntityFull_ToConsultaResponse/Falls_back_to_Telefone2_when_Telefone1_is_empty
--- PASS: TestLegalEntityFull_ToConsultaResponse (0.00s)
    --- PASS: TestLegalEntityFull_ToConsultaResponse/Converts_full_entity_to_simplified_response (0.00s)
    --- PASS: TestLegalEntityFull_ToConsultaResponse/Handles_nil_optional_fields (0.00s)
    --- PASS: TestLegalEntityFull_ToConsultaResponse/Falls_back_to_Telefone2_when_Telefone1_is_empty (0.00s)
=== RUN   TestCurriculoService_CreateFormacao_ValidData
--- PASS: TestCurriculoService_CreateFormacao_ValidData (0.00s)
=== RUN   TestCurriculoService_CreateFormacao_InvalidStatus
--- PASS: TestCurriculoService_CreateFormacao_InvalidStatus (0.00s)
=== RUN   TestCurriculoService_GetFormacaoByID_Found
--- PASS: TestCurriculoService_GetFormacaoByID_Found (0.00s)
=== RUN   TestCurriculoService_GetFormacaoByID_NotFound
--- PASS: TestCurriculoService_GetFormacaoByID_NotFound (0.00s)
=== RUN   TestCurriculoService_UpdateFormacao_ValidData
--- PASS: TestCurriculoService_UpdateFormacao_ValidData (0.00s)
=== RUN   TestCurriculoService_UpdateFormacao_InvalidStatus
--- PASS: TestCurriculoService_UpdateFormacao_InvalidStatus (0.00s)
=== RUN   TestCurriculoService_DeleteFormacao
--- PASS: TestCurriculoService_DeleteFormacao (0.00s)
=== RUN   TestCurriculoService_ListFormacoesByCPF
--- PASS: TestCurriculoService_ListFormacoesByCPF (0.00s)
=== RUN   TestCurriculoService_CreateIdioma
--- PASS: TestCurriculoService_CreateIdioma (0.00s)
=== RUN   TestCurriculoService_GetIdiomaByID_Found
--- PASS: TestCurriculoService_GetIdiomaByID_Found (0.00s)
=== RUN   TestCurriculoService_UpdateIdioma
--- PASS: TestCurriculoService_UpdateIdioma (0.00s)
=== RUN   TestCurriculoService_DeleteIdioma
--- PASS: TestCurriculoService_DeleteIdioma (0.00s)
=== RUN   TestCurriculoService_ListIdiomasByCPF
--- PASS: TestCurriculoService_ListIdiomasByCPF (0.00s)
=== RUN   TestCurriculoService_CreateCursoComplementar
--- PASS: TestCurriculoService_CreateCursoComplementar (0.00s)
=== RUN   TestCurriculoService_GetCursoComplementarByID_Found
--- PASS: TestCurriculoService_GetCursoComplementarByID_Found (0.00s)
=== RUN   TestCurriculoService_UpdateCursoComplementar
--- PASS: TestCurriculoService_UpdateCursoComplementar (0.00s)
=== RUN   TestCurriculoService_DeleteCursoComplementar
--- PASS: TestCurriculoService_DeleteCursoComplementar (0.00s)
=== RUN   TestCurriculoService_ListCursosComplementaresByCPF
--- PASS: TestCurriculoService_ListCursosComplementaresByCPF (0.00s)
=== RUN   TestCurriculoService_CreateExperiencia
--- PASS: TestCurriculoService_CreateExperiencia (0.00s)
=== RUN   TestCurriculoService_GetExperienciaByID_Found
--- PASS: TestCurriculoService_GetExperienciaByID_Found (0.00s)
=== RUN   TestCurriculoService_UpdateExperiencia
--- PASS: TestCurriculoService_UpdateExperiencia (0.00s)
=== RUN   TestCurriculoService_DeleteExperiencia
--- PASS: TestCurriculoService_DeleteExperiencia (0.00s)
=== RUN   TestCurriculoService_ListExperienciasByCPF
--- PASS: TestCurriculoService_ListExperienciasByCPF (0.00s)
=== RUN   TestCurriculoService_CreateConquista
--- PASS: TestCurriculoService_CreateConquista (0.00s)
=== RUN   TestCurriculoService_GetConquistaByID_Found
--- PASS: TestCurriculoService_GetConquistaByID_Found (0.00s)
=== RUN   TestCurriculoService_UpdateConquista
--- PASS: TestCurriculoService_UpdateConquista (0.00s)
=== RUN   TestCurriculoService_DeleteConquista
--- PASS: TestCurriculoService_DeleteConquista (0.00s)
=== RUN   TestCurriculoService_ListConquistasByCPF
--- PASS: TestCurriculoService_ListConquistasByCPF (0.00s)
=== RUN   TestCurriculoService_ReplaceAllFormacoesByCPF
--- PASS: TestCurriculoService_ReplaceAllFormacoesByCPF (0.00s)
=== RUN   TestCurriculoService_ReplaceAllExperienciasByCPF
--- PASS: TestCurriculoService_ReplaceAllExperienciasByCPF (0.00s)
=== RUN   TestCurriculoService_ReplaceAllConquistasByCPF
--- PASS: TestCurriculoService_ReplaceAllConquistasByCPF (0.00s)
=== RUN   TestCurriculoService_ReplaceAllIdiomasByCPF
--- PASS: TestCurriculoService_ReplaceAllIdiomasByCPF (0.00s)
=== RUN   TestCurriculoService_ReplaceAllCursosComplementaresByCPF
--- PASS: TestCurriculoService_ReplaceAllCursosComplementaresByCPF (0.00s)
=== RUN   TestCurriculoService_ReplaceAllFormacaoAccordionByCPF
--- PASS: TestCurriculoService_ReplaceAllFormacaoAccordionByCPF (0.00s)
=== RUN   TestCurriculoService_ReplaceAllExperienciaProfissionalAccordionByCPF
--- PASS: TestCurriculoService_ReplaceAllExperienciaProfissionalAccordionByCPF (0.00s)
=== RUN   TestCurriculoService_UpsertSituacaoInteresses
--- PASS: TestCurriculoService_UpsertSituacaoInteresses (0.00s)
=== RUN   TestCurriculoService_GetSituacaoInteressesByCPF_Found
--- PASS: TestCurriculoService_GetSituacaoInteressesByCPF_Found (0.00s)
=== RUN   TestCurriculoService_GetCurriculoCompleto_Success
--- PASS: TestCurriculoService_GetCurriculoCompleto_Success (0.00s)
=== RUN   TestInformacaoComplementarService_Create_Success
=== RUN   TestInformacaoComplementarService_Create_Success/Successful_creation_with_less_than_5_items
=== RUN   TestInformacaoComplementarService_Create_Success/Successful_creation_at_limit_(4_existing)
--- PASS: TestInformacaoComplementarService_Create_Success (0.00s)
    --- PASS: TestInformacaoComplementarService_Create_Success/Successful_creation_with_less_than_5_items (0.00s)
    --- PASS: TestInformacaoComplementarService_Create_Success/Successful_creation_at_limit_(4_existing) (0.00s)
=== RUN   TestInformacaoComplementarService_Create_ExceedsLimit
=== RUN   TestInformacaoComplementarService_Create_ExceedsLimit/Error_when_exceeding_5_items_limit
--- PASS: TestInformacaoComplementarService_Create_ExceedsLimit (0.00s)
    --- PASS: TestInformacaoComplementarService_Create_ExceedsLimit/Error_when_exceeding_5_items_limit (0.00s)
=== RUN   TestInformacaoComplementarService_Create_ListError
=== RUN   TestInformacaoComplementarService_Create_ListError/Error_when_listing_existing_items_fails
--- PASS: TestInformacaoComplementarService_Create_ListError (0.00s)
    --- PASS: TestInformacaoComplementarService_Create_ListError/Error_when_listing_existing_items_fails (0.00s)
=== RUN   TestInformacaoComplementarService_CRUD
=== RUN   TestInformacaoComplementarService_CRUD/GetByID_returns_existing_item
=== RUN   TestInformacaoComplementarService_CRUD/Update_modifies_existing_item
=== RUN   TestInformacaoComplementarService_CRUD/Delete_removes_existing_item
=== RUN   TestInformacaoComplementarService_CRUD/ListByVaga_returns_items_for_vaga
=== RUN   TestInformacaoComplementarService_CRUD/DeleteByVaga_removes_all_items_for_vaga
--- PASS: TestInformacaoComplementarService_CRUD (0.00s)
    --- PASS: TestInformacaoComplementarService_CRUD/GetByID_returns_existing_item (0.00s)
    --- PASS: TestInformacaoComplementarService_CRUD/Update_modifies_existing_item (0.00s)
    --- PASS: TestInformacaoComplementarService_CRUD/Delete_removes_existing_item (0.00s)
    --- PASS: TestInformacaoComplementarService_CRUD/ListByVaga_returns_items_for_vaga (0.00s)
    --- PASS: TestInformacaoComplementarService_CRUD/DeleteByVaga_removes_all_items_for_vaga (0.00s)
=== RUN   TestRegimeContratacaoService_CRUD
=== RUN   TestRegimeContratacaoService_CRUD/Create_success
=== RUN   TestRegimeContratacaoService_CRUD/Create_error
=== RUN   TestRegimeContratacaoService_CRUD/GetByID_success
=== RUN   TestRegimeContratacaoService_CRUD/GetByID_not_found
=== RUN   TestRegimeContratacaoService_CRUD/Update_success
=== RUN   TestRegimeContratacaoService_CRUD/Delete_success
=== RUN   TestRegimeContratacaoService_CRUD/List_success
=== RUN   TestRegimeContratacaoService_CRUD/List_error
--- PASS: TestRegimeContratacaoService_CRUD (0.00s)
    --- PASS: TestRegimeContratacaoService_CRUD/Create_success (0.00s)
    --- PASS: TestRegimeContratacaoService_CRUD/Create_error (0.00s)
    --- PASS: TestRegimeContratacaoService_CRUD/GetByID_success (0.00s)
    --- PASS: TestRegimeContratacaoService_CRUD/GetByID_not_found (0.00s)
    --- PASS: TestRegimeContratacaoService_CRUD/Update_success (0.00s)
    --- PASS: TestRegimeContratacaoService_CRUD/Delete_success (0.00s)
    --- PASS: TestRegimeContratacaoService_CRUD/List_success (0.00s)
    --- PASS: TestRegimeContratacaoService_CRUD/List_error (0.00s)
=== RUN   TestModeloTrabalhoService_CRUD
=== RUN   TestModeloTrabalhoService_CRUD/Create
=== RUN   TestModeloTrabalhoService_CRUD/GetByID
=== RUN   TestModeloTrabalhoService_CRUD/Update
=== RUN   TestModeloTrabalhoService_CRUD/Delete
=== RUN   TestModeloTrabalhoService_CRUD/List
--- PASS: TestModeloTrabalhoService_CRUD (0.00s)
    --- PASS: TestModeloTrabalhoService_CRUD/Create (0.00s)
    --- PASS: TestModeloTrabalhoService_CRUD/GetByID (0.00s)
    --- PASS: TestModeloTrabalhoService_CRUD/Update (0.00s)
    --- PASS: TestModeloTrabalhoService_CRUD/Delete (0.00s)
    --- PASS: TestModeloTrabalhoService_CRUD/List (0.00s)
=== RUN   TestTipoPCDService_CRUD
=== RUN   TestTipoPCDService_CRUD/Create
=== RUN   TestTipoPCDService_CRUD/GetByID
=== RUN   TestTipoPCDService_CRUD/Update
=== RUN   TestTipoPCDService_CRUD/Delete
=== RUN   TestTipoPCDService_CRUD/List
--- PASS: TestTipoPCDService_CRUD (0.00s)
    --- PASS: TestTipoPCDService_CRUD/Create (0.00s)
    --- PASS: TestTipoPCDService_CRUD/GetByID (0.00s)
    --- PASS: TestTipoPCDService_CRUD/Update (0.00s)
    --- PASS: TestTipoPCDService_CRUD/Delete (0.00s)
    --- PASS: TestTipoPCDService_CRUD/List (0.00s)
=== RUN   TestIdiomaService_CRUD
=== RUN   TestIdiomaService_CRUD/Create
=== RUN   TestIdiomaService_CRUD/GetByID
=== RUN   TestIdiomaService_CRUD/Update
=== RUN   TestIdiomaService_CRUD/Delete
=== RUN   TestIdiomaService_CRUD/List
--- PASS: TestIdiomaService_CRUD (0.00s)
    --- PASS: TestIdiomaService_CRUD/Create (0.00s)
    --- PASS: TestIdiomaService_CRUD/GetByID (0.00s)
    --- PASS: TestIdiomaService_CRUD/Update (0.00s)
    --- PASS: TestIdiomaService_CRUD/Delete (0.00s)
    --- PASS: TestIdiomaService_CRUD/List (0.00s)
=== RUN   TestNivelIdiomaService_CRUD
=== RUN   TestNivelIdiomaService_CRUD/Create
=== RUN   TestNivelIdiomaService_CRUD/GetByID_success
=== RUN   TestNivelIdiomaService_CRUD/GetByID_not_found
=== RUN   TestNivelIdiomaService_CRUD/Update
=== RUN   TestNivelIdiomaService_CRUD/Delete
=== RUN   TestNivelIdiomaService_CRUD/List
--- PASS: TestNivelIdiomaService_CRUD (0.00s)
    --- PASS: TestNivelIdiomaService_CRUD/Create (0.00s)
    --- PASS: TestNivelIdiomaService_CRUD/GetByID_success (0.00s)
    --- PASS: TestNivelIdiomaService_CRUD/GetByID_not_found (0.00s)
    --- PASS: TestNivelIdiomaService_CRUD/Update (0.00s)
    --- PASS: TestNivelIdiomaService_CRUD/Delete (0.00s)
    --- PASS: TestNivelIdiomaService_CRUD/List (0.00s)
=== RUN   TestEmpEscolaridadeService_CRUD
=== RUN   TestEmpEscolaridadeService_CRUD/Create
=== RUN   TestEmpEscolaridadeService_CRUD/GetByID
=== RUN   TestEmpEscolaridadeService_CRUD/Update
=== RUN   TestEmpEscolaridadeService_CRUD/Delete
=== RUN   TestEmpEscolaridadeService_CRUD/List
--- PASS: TestEmpEscolaridadeService_CRUD (0.00s)
    --- PASS: TestEmpEscolaridadeService_CRUD/Create (0.00s)
    --- PASS: TestEmpEscolaridadeService_CRUD/GetByID (0.00s)
    --- PASS: TestEmpEscolaridadeService_CRUD/Update (0.00s)
    --- PASS: TestEmpEscolaridadeService_CRUD/Delete (0.00s)
    --- PASS: TestEmpEscolaridadeService_CRUD/List (0.00s)
=== RUN   TestTipoConquistaService_CRUD
=== RUN   TestTipoConquistaService_CRUD/Create
=== RUN   TestTipoConquistaService_CRUD/GetByID
=== RUN   TestTipoConquistaService_CRUD/Update
=== RUN   TestTipoConquistaService_CRUD/Delete
=== RUN   TestTipoConquistaService_CRUD/List
--- PASS: TestTipoConquistaService_CRUD (0.00s)
    --- PASS: TestTipoConquistaService_CRUD/Create (0.00s)
    --- PASS: TestTipoConquistaService_CRUD/GetByID (0.00s)
    --- PASS: TestTipoConquistaService_CRUD/Update (0.00s)
    --- PASS: TestTipoConquistaService_CRUD/Delete (0.00s)
    --- PASS: TestTipoConquistaService_CRUD/List (0.00s)
=== RUN   TestSituacaoAtualService_CRUD
=== RUN   TestSituacaoAtualService_CRUD/Create
=== RUN   TestSituacaoAtualService_CRUD/GetByID
=== RUN   TestSituacaoAtualService_CRUD/Update
=== RUN   TestSituacaoAtualService_CRUD/Delete
=== RUN   TestSituacaoAtualService_CRUD/List
--- PASS: TestSituacaoAtualService_CRUD (0.00s)
    --- PASS: TestSituacaoAtualService_CRUD/Create (0.00s)
    --- PASS: TestSituacaoAtualService_CRUD/GetByID (0.00s)
    --- PASS: TestSituacaoAtualService_CRUD/Update (0.00s)
    --- PASS: TestSituacaoAtualService_CRUD/Delete (0.00s)
    --- PASS: TestSituacaoAtualService_CRUD/List (0.00s)
=== RUN   TestDisponibilidadeService_CRUD
=== RUN   TestDisponibilidadeService_CRUD/Create
=== RUN   TestDisponibilidadeService_CRUD/GetByID
=== RUN   TestDisponibilidadeService_CRUD/Update
=== RUN   TestDisponibilidadeService_CRUD/Delete
=== RUN   TestDisponibilidadeService_CRUD/List
--- PASS: TestDisponibilidadeService_CRUD (0.00s)
    --- PASS: TestDisponibilidadeService_CRUD/Create (0.00s)
    --- PASS: TestDisponibilidadeService_CRUD/GetByID (0.00s)
    --- PASS: TestDisponibilidadeService_CRUD/Update (0.00s)
    --- PASS: TestDisponibilidadeService_CRUD/Delete (0.00s)
    --- PASS: TestDisponibilidadeService_CRUD/List (0.00s)
=== RUN   TestEmpresaService_CRUD
=== RUN   TestEmpresaService_CRUD/Create
=== RUN   TestEmpresaService_CRUD/GetByID
=== RUN   TestEmpresaService_CRUD/GetByID_not_found
=== RUN   TestEmpresaService_CRUD/Update
=== RUN   TestEmpresaService_CRUD/Delete
=== RUN   TestEmpresaService_CRUD/List
=== RUN   TestEmpresaService_CRUD/Upsert
--- PASS: TestEmpresaService_CRUD (0.00s)
    --- PASS: TestEmpresaService_CRUD/Create (0.00s)
    --- PASS: TestEmpresaService_CRUD/GetByID (0.00s)
    --- PASS: TestEmpresaService_CRUD/GetByID_not_found (0.00s)
    --- PASS: TestEmpresaService_CRUD/Update (0.00s)
    --- PASS: TestEmpresaService_CRUD/Delete (0.00s)
    --- PASS: TestEmpresaService_CRUD/List (0.00s)
    --- PASS: TestEmpresaService_CRUD/Upsert (0.00s)
=== RUN   TestOnboardingService
=== RUN   TestOnboardingService/IsFirstLogin_true_when_no_record
=== RUN   TestOnboardingService/IsFirstLogin_false_after_mark_completed
=== RUN   TestOnboardingService/IsFirstLogin_error_propagates
=== RUN   TestOnboardingService/GetByCPF
=== RUN   TestOnboardingService/Upsert
=== RUN   TestOnboardingService/MarkFirstLoginCompleted
--- PASS: TestOnboardingService (0.00s)
    --- PASS: TestOnboardingService/IsFirstLogin_true_when_no_record (0.00s)
    --- PASS: TestOnboardingService/IsFirstLogin_false_after_mark_completed (0.00s)
    --- PASS: TestOnboardingService/IsFirstLogin_error_propagates (0.00s)
    --- PASS: TestOnboardingService/GetByCPF (0.00s)
    --- PASS: TestOnboardingService/Upsert (0.00s)
    --- PASS: TestOnboardingService/MarkFirstLoginCompleted (0.00s)
=== RUN   TestTermosUsoService
=== RUN   TestTermosUsoService/HasAcceptedTerms_false_when_no_record
=== RUN   TestTermosUsoService/HasAcceptedTerms_true_after_accept
=== RUN   TestTermosUsoService/HasAcceptedTerms_error_propagates
=== RUN   TestTermosUsoService/GetByCPF
=== RUN   TestTermosUsoService/Upsert
=== RUN   TestTermosUsoService/AcceptTerms
--- PASS: TestTermosUsoService (0.00s)
    --- PASS: TestTermosUsoService/HasAcceptedTerms_false_when_no_record (0.00s)
    --- PASS: TestTermosUsoService/HasAcceptedTerms_true_after_accept (0.00s)
    --- PASS: TestTermosUsoService/HasAcceptedTerms_error_propagates (0.00s)
    --- PASS: TestTermosUsoService/GetByCPF (0.00s)
    --- PASS: TestTermosUsoService/Upsert (0.00s)
    --- PASS: TestTermosUsoService/AcceptTerms (0.00s)
=== RUN   TestEtapaService_CRUD
=== RUN   TestEtapaService_CRUD/Create
=== RUN   TestEtapaService_CRUD/GetByID
=== RUN   TestEtapaService_CRUD/Update
=== RUN   TestEtapaService_CRUD/Delete
=== RUN   TestEtapaService_CRUD/ListByVaga
=== RUN   TestEtapaService_CRUD/DeleteByVaga
--- PASS: TestEtapaService_CRUD (0.00s)
    --- PASS: TestEtapaService_CRUD/Create (0.00s)
    --- PASS: TestEtapaService_CRUD/GetByID (0.00s)
    --- PASS: TestEtapaService_CRUD/Update (0.00s)
    --- PASS: TestEtapaService_CRUD/Delete (0.00s)
    --- PASS: TestEtapaService_CRUD/ListByVaga (0.00s)
    --- PASS: TestEtapaService_CRUD/DeleteByVaga (0.00s)
=== RUN   TestVagaService_Publish_Success
=== RUN   TestVagaService_Publish_Success/Publish_from_em_edicao_status
=== RUN   TestVagaService_Publish_Success/Publish_from_em_aprovacao_status
--- PASS: TestVagaService_Publish_Success (0.00s)
    --- PASS: TestVagaService_Publish_Success/Publish_from_em_edicao_status (0.00s)
    --- PASS: TestVagaService_Publish_Success/Publish_from_em_aprovacao_status (0.00s)
=== RUN   TestVagaService_Publish_VagaNotFound
=== RUN   TestVagaService_Publish_VagaNotFound/Error_when_vaga_not_found
--- PASS: TestVagaService_Publish_VagaNotFound (0.00s)
    --- PASS: TestVagaService_Publish_VagaNotFound/Error_when_vaga_not_found (0.00s)
=== RUN   TestVagaService_Publish_InvalidStatus
=== RUN   TestVagaService_Publish_InvalidStatus/Error_when_vaga_is_already_published
=== RUN   TestVagaService_Publish_InvalidStatus/Error_when_vaga_is_expired
--- PASS: TestVagaService_Publish_InvalidStatus (0.00s)
    --- PASS: TestVagaService_Publish_InvalidStatus/Error_when_vaga_is_already_published (0.00s)
    --- PASS: TestVagaService_Publish_InvalidStatus/Error_when_vaga_is_expired (0.00s)
=== RUN   TestVagaService_Publish_RepositoryErrors
=== RUN   TestVagaService_Publish_RepositoryErrors/Error_when_GetByID_fails
=== RUN   TestVagaService_Publish_RepositoryErrors/Error_when_Update_fails
--- PASS: TestVagaService_Publish_RepositoryErrors (0.00s)
    --- PASS: TestVagaService_Publish_RepositoryErrors/Error_when_GetByID_fails (0.00s)
    --- PASS: TestVagaService_Publish_RepositoryErrors/Error_when_Update_fails (0.00s)
=== RUN   TestVagaService_SendToApproval_Success
=== RUN   TestVagaService_SendToApproval_Success/SendToApproval_from_em_edicao_status
--- PASS: TestVagaService_SendToApproval_Success (0.00s)
    --- PASS: TestVagaService_SendToApproval_Success/SendToApproval_from_em_edicao_status (0.00s)
=== RUN   TestVagaService_SendToApproval_VagaNotFound
=== RUN   TestVagaService_SendToApproval_VagaNotFound/Error_when_vaga_not_found
--- PASS: TestVagaService_SendToApproval_VagaNotFound (0.00s)
    --- PASS: TestVagaService_SendToApproval_VagaNotFound/Error_when_vaga_not_found (0.00s)
=== RUN   TestVagaService_SendToApproval_InvalidStatus
=== RUN   TestVagaService_SendToApproval_InvalidStatus/Error_when_vaga_is_in_approval
=== RUN   TestVagaService_SendToApproval_InvalidStatus/Error_when_vaga_is_published
=== RUN   TestVagaService_SendToApproval_InvalidStatus/Error_when_vaga_is_expired
--- PASS: TestVagaService_SendToApproval_InvalidStatus (0.00s)
    --- PASS: TestVagaService_SendToApproval_InvalidStatus/Error_when_vaga_is_in_approval (0.00s)
    --- PASS: TestVagaService_SendToApproval_InvalidStatus/Error_when_vaga_is_published (0.00s)
    --- PASS: TestVagaService_SendToApproval_InvalidStatus/Error_when_vaga_is_expired (0.00s)
=== RUN   TestVagaService_SendToApproval_RepositoryErrors
=== RUN   TestVagaService_SendToApproval_RepositoryErrors/Error_when_GetByID_fails
=== RUN   TestVagaService_SendToApproval_RepositoryErrors/Error_when_Update_fails
--- PASS: TestVagaService_SendToApproval_RepositoryErrors (0.00s)
    --- PASS: TestVagaService_SendToApproval_RepositoryErrors/Error_when_GetByID_fails (0.00s)
    --- PASS: TestVagaService_SendToApproval_RepositoryErrors/Error_when_Update_fails (0.00s)
=== RUN   TestVagaService_SendToDraft_Success
=== RUN   TestVagaService_SendToDraft_Success/SendToDraft_from_em_aprovacao_status
--- PASS: TestVagaService_SendToDraft_Success (0.00s)
    --- PASS: TestVagaService_SendToDraft_Success/SendToDraft_from_em_aprovacao_status (0.00s)
=== RUN   TestVagaService_SendToDraft_VagaNotFound
=== RUN   TestVagaService_SendToDraft_VagaNotFound/Error_when_vaga_not_found
--- PASS: TestVagaService_SendToDraft_VagaNotFound (0.00s)
    --- PASS: TestVagaService_SendToDraft_VagaNotFound/Error_when_vaga_not_found (0.00s)
=== RUN   TestVagaService_SendToDraft_InvalidStatus
=== RUN   TestVagaService_SendToDraft_InvalidStatus/Error_when_vaga_is_in_editing
=== RUN   TestVagaService_SendToDraft_InvalidStatus/Error_when_vaga_is_published_active
=== RUN   TestVagaService_SendToDraft_InvalidStatus/Error_when_vaga_is_published_expired
--- PASS: TestVagaService_SendToDraft_InvalidStatus (0.00s)
    --- PASS: TestVagaService_SendToDraft_InvalidStatus/Error_when_vaga_is_in_editing (0.00s)
    --- PASS: TestVagaService_SendToDraft_InvalidStatus/Error_when_vaga_is_published_active (0.00s)
    --- PASS: TestVagaService_SendToDraft_InvalidStatus/Error_when_vaga_is_published_expired (0.00s)
=== RUN   TestVagaService_Create_Success
=== RUN   TestVagaService_Create_Success/Successful_creation_with_valid_contratante
--- PASS: TestVagaService_Create_Success (0.00s)
    --- PASS: TestVagaService_Create_Success/Successful_creation_with_valid_contratante (0.00s)
=== RUN   TestVagaService_Create_ContratanteNotFound
=== RUN   TestVagaService_Create_ContratanteNotFound/Error_when_contratante_not_found
--- PASS: TestVagaService_Create_ContratanteNotFound (0.00s)
    --- PASS: TestVagaService_Create_ContratanteNotFound/Error_when_contratante_not_found (0.00s)
=== RUN   TestVagaService_Create_EmpresaRepoError
=== RUN   TestVagaService_Create_EmpresaRepoError/Error_when_empresa_repository_fails
--- PASS: TestVagaService_Create_EmpresaRepoError (0.00s)
    --- PASS: TestVagaService_Create_EmpresaRepoError/Error_when_empresa_repository_fails (0.00s)
=== RUN   TestVagaService_CreateDraft_Success
=== RUN   TestVagaService_CreateDraft_Success/Successful_draft_creation_with_valid_contratante
--- PASS: TestVagaService_CreateDraft_Success (0.00s)
    --- PASS: TestVagaService_CreateDraft_Success/Successful_draft_creation_with_valid_contratante (0.00s)
=== RUN   TestVagaService_CreateDraft_ContratanteNotFound
=== RUN   TestVagaService_CreateDraft_ContratanteNotFound/Error_when_contratante_not_found_in_draft_creation
--- PASS: TestVagaService_CreateDraft_ContratanteNotFound (0.00s)
    --- PASS: TestVagaService_CreateDraft_ContratanteNotFound/Error_when_contratante_not_found_in_draft_creation (0.00s)
=== RUN   TestVagaService_Update_Success
=== RUN   TestVagaService_Update_Success/Successful_update_preserves_status
--- PASS: TestVagaService_Update_Success (0.00s)
    --- PASS: TestVagaService_Update_Success/Successful_update_preserves_status (0.00s)
=== RUN   TestVagaService_Update_VagaNotFound
=== RUN   TestVagaService_Update_VagaNotFound/Error_when_vaga_not_found
--- PASS: TestVagaService_Update_VagaNotFound (0.00s)
    --- PASS: TestVagaService_Update_VagaNotFound/Error_when_vaga_not_found (0.00s)
=== RUN   TestVagaService_Update_RepositoryErrors
=== RUN   TestVagaService_Update_RepositoryErrors/Error_when_GetByID_fails
--- PASS: TestVagaService_Update_RepositoryErrors (0.00s)
    --- PASS: TestVagaService_Update_RepositoryErrors/Error_when_GetByID_fails (0.00s)
PASS
coverage: 52.0% of statements
ok  	github.com/prefeitura-rio/app-go-api/internal/services/empregabilidade	2.776s	coverage: 52.0% of statements
=== RUN   TestExtractDigits
=== RUN   TestExtractDigits/Formatted_CNAE
=== RUN   TestExtractDigits/Digits_only
=== RUN   TestExtractDigits/With_leading_zeros
=== RUN   TestExtractDigits/Empty_string
=== RUN   TestExtractDigits/Only_special_chars
=== RUN   TestExtractDigits/Mixed_format
--- PASS: TestExtractDigits (0.00s)
    --- PASS: TestExtractDigits/Formatted_CNAE (0.00s)
    --- PASS: TestExtractDigits/Digits_only (0.00s)
    --- PASS: TestExtractDigits/With_leading_zeros (0.00s)
    --- PASS: TestExtractDigits/Empty_string (0.00s)
    --- PASS: TestExtractDigits/Only_special_chars (0.00s)
    --- PASS: TestExtractDigits/Mixed_format (0.00s)
=== RUN   TestCNAEListToDigits
=== RUN   TestCNAEListToDigits/Mixed_formats
=== RUN   TestCNAEListToDigits/Empty_list
=== RUN   TestCNAEListToDigits/With_empty_strings
--- PASS: TestCNAEListToDigits (0.00s)
    --- PASS: TestCNAEListToDigits/Mixed_formats (0.00s)
    --- PASS: TestCNAEListToDigits/Empty_list (0.00s)
    --- PASS: TestCNAEListToDigits/With_empty_strings (0.00s)
=== RUN   TestHasMatchingCNAE
=== RUN   TestHasMatchingCNAE/Exact_match_(digits_only)
=== RUN   TestHasMatchingCNAE/Match_with_formatting
=== RUN   TestHasMatchingCNAE/Multiple_matches
=== RUN   TestHasMatchingCNAE/No_match
=== RUN   TestHasMatchingCNAE/Empty_CNPJ_list
=== RUN   TestHasMatchingCNAE/Empty_opportunity_list
=== RUN   TestHasMatchingCNAE/Both_empty
=== RUN   TestHasMatchingCNAE/Match_with_leading_zeros
=== RUN   TestHasMatchingCNAE/Skip_empty_strings
--- PASS: TestHasMatchingCNAE (0.00s)
    --- PASS: TestHasMatchingCNAE/Exact_match_(digits_only) (0.00s)
    --- PASS: TestHasMatchingCNAE/Match_with_formatting (0.00s)
    --- PASS: TestHasMatchingCNAE/Multiple_matches (0.00s)
    --- PASS: TestHasMatchingCNAE/No_match (0.00s)
    --- PASS: TestHasMatchingCNAE/Empty_CNPJ_list (0.00s)
    --- PASS: TestHasMatchingCNAE/Empty_opportunity_list (0.00s)
    --- PASS: TestHasMatchingCNAE/Both_empty (0.00s)
    --- PASS: TestHasMatchingCNAE/Match_with_leading_zeros (0.00s)
    --- PASS: TestHasMatchingCNAE/Skip_empty_strings (0.00s)
=== RUN   TestParseDatabaseError_Nil
--- PASS: TestParseDatabaseError_Nil (0.00s)
=== RUN   TestParseDatabaseError_NonPQError
--- PASS: TestParseDatabaseError_NonPQError (0.00s)
=== RUN   TestParseDatabaseError_ForeignKeyViolation
=== RUN   TestParseDatabaseError_ForeignKeyViolation/fk_instituicao_id
=== RUN   TestParseDatabaseError_ForeignKeyViolation/cursos_empresa_id_fkey
=== RUN   TestParseDatabaseError_ForeignKeyViolation/escolaridade_id
=== RUN   TestParseDatabaseError_ForeignKeyViolation/categoria_id
=== RUN   TestParseDatabaseError_ForeignKeyViolation/curso_id
=== RUN   TestParseDatabaseError_ForeignKeyViolation/other_fkey
--- PASS: TestParseDatabaseError_ForeignKeyViolation (0.00s)
    --- PASS: TestParseDatabaseError_ForeignKeyViolation/fk_instituicao_id (0.00s)
    --- PASS: TestParseDatabaseError_ForeignKeyViolation/cursos_empresa_id_fkey (0.00s)
    --- PASS: TestParseDatabaseError_ForeignKeyViolation/escolaridade_id (0.00s)
    --- PASS: TestParseDatabaseError_ForeignKeyViolation/categoria_id (0.00s)
    --- PASS: TestParseDatabaseError_ForeignKeyViolation/curso_id (0.00s)
    --- PASS: TestParseDatabaseError_ForeignKeyViolation/other_fkey (0.00s)
=== RUN   TestParseDatabaseError_UniqueViolation
=== RUN   TestParseDatabaseError_UniqueViolation/users_email_key
=== RUN   TestParseDatabaseError_UniqueViolation/cpf_unique
=== RUN   TestParseDatabaseError_UniqueViolation/categorias_nome_key
=== RUN   TestParseDatabaseError_UniqueViolation/other_unique
--- PASS: TestParseDatabaseError_UniqueViolation (0.00s)
    --- PASS: TestParseDatabaseError_UniqueViolation/users_email_key (0.00s)
    --- PASS: TestParseDatabaseError_UniqueViolation/cpf_unique (0.00s)
    --- PASS: TestParseDatabaseError_UniqueViolation/categorias_nome_key (0.00s)
    --- PASS: TestParseDatabaseError_UniqueViolation/other_unique (0.00s)
=== RUN   TestParseDatabaseError_NotNullViolation
--- PASS: TestParseDatabaseError_NotNullViolation (0.00s)
=== RUN   TestParseDatabaseError_CheckViolation
=== RUN   TestParseDatabaseError_CheckViolation/modalidade
=== RUN   TestParseDatabaseError_CheckViolation/status
--- PASS: TestParseDatabaseError_CheckViolation (0.00s)
    --- PASS: TestParseDatabaseError_CheckViolation/modalidade (0.00s)
    --- PASS: TestParseDatabaseError_CheckViolation/status (0.00s)
=== RUN   TestDatabaseError_GetUserFriendlyMessage
--- PASS: TestDatabaseError_GetUserFriendlyMessage (0.00s)
=== RUN   TestDatabaseError_GetHTTPStatusCode
--- PASS: TestDatabaseError_GetHTTPStatusCode (0.00s)
=== RUN   TestExtractCPFFromToken
=== RUN   TestExtractCPFFromToken/Valid_token_with_Bearer_prefix
=== RUN   TestExtractCPFFromToken/Valid_token_without_Bearer_prefix
=== RUN   TestExtractCPFFromToken/Empty_auth_header
=== RUN   TestExtractCPFFromToken/Only_Bearer_without_token
=== RUN   TestExtractCPFFromToken/Invalid_JWT_format_(only_2_parts)
=== RUN   TestExtractCPFFromToken/Invalid_JWT_format_(only_1_part)
=== RUN   TestExtractCPFFromToken/Invalid_base64_in_payload
=== RUN   TestExtractCPFFromToken/Valid_token_but_missing_preferred_username
--- PASS: TestExtractCPFFromToken (0.00s)
    --- PASS: TestExtractCPFFromToken/Valid_token_with_Bearer_prefix (0.00s)
    --- PASS: TestExtractCPFFromToken/Valid_token_without_Bearer_prefix (0.00s)
    --- PASS: TestExtractCPFFromToken/Empty_auth_header (0.00s)
    --- PASS: TestExtractCPFFromToken/Only_Bearer_without_token (0.00s)
    --- PASS: TestExtractCPFFromToken/Invalid_JWT_format_(only_2_parts) (0.00s)
    --- PASS: TestExtractCPFFromToken/Invalid_JWT_format_(only_1_part) (0.00s)
    --- PASS: TestExtractCPFFromToken/Invalid_base64_in_payload (0.00s)
    --- PASS: TestExtractCPFFromToken/Valid_token_but_missing_preferred_username (0.00s)
PASS
coverage: 95.4% of statements
ok  	github.com/prefeitura-rio/app-go-api/internal/utils	2.779s	coverage: 95.4% of statements
	github.com/prefeitura-rio/app-go-api/internal/wire		coverage: 0.0% of statements
	github.com/prefeitura-rio/app-go-api/internal/wire/providers		coverage: 0.0% of statements
=== RUN   TestParseDate
=== RUN   TestParseDate/ISO_8601_date
=== RUN   TestParseDate/Brazilian_date_format
=== RUN   TestParseDate/ISO_8601_datetime_with_Z
=== RUN   TestParseDate/ISO_8601_datetime_with_timezone
=== RUN   TestParseDate/invalid_date_format
=== RUN   TestParseDate/empty_string
--- PASS: TestParseDate (0.00s)
    --- PASS: TestParseDate/ISO_8601_date (0.00s)
    --- PASS: TestParseDate/Brazilian_date_format (0.00s)
    --- PASS: TestParseDate/ISO_8601_datetime_with_Z (0.00s)
    --- PASS: TestParseDate/ISO_8601_datetime_with_timezone (0.00s)
    --- PASS: TestParseDate/invalid_date_format (0.00s)
    --- PASS: TestParseDate/empty_string (0.00s)
=== RUN   TestParseDateSpecificValues
=== RUN   TestParseDateSpecificValues/ISO_date
=== RUN   TestParseDateSpecificValues/Brazilian_date
--- PASS: TestParseDateSpecificValues (0.00s)
    --- PASS: TestParseDateSpecificValues/ISO_date (0.00s)
    --- PASS: TestParseDateSpecificValues/Brazilian_date (0.00s)
=== RUN   TestMaskCPF
=== RUN   TestMaskCPF/full_CPF_without_formatting
=== RUN   TestMaskCPF/full_CPF_with_dots
=== RUN   TestMaskCPF/full_CPF_with_dots_only
=== RUN   TestMaskCPF/short_CPF_-_too_short_to_mask_properly
=== RUN   TestMaskCPF/very_short_CPF
=== RUN   TestMaskCPF/empty_CPF
--- PASS: TestMaskCPF (0.00s)
    --- PASS: TestMaskCPF/full_CPF_without_formatting (0.00s)
    --- PASS: TestMaskCPF/full_CPF_with_dots (0.00s)
    --- PASS: TestMaskCPF/full_CPF_with_dots_only (0.00s)
    --- PASS: TestMaskCPF/short_CPF_-_too_short_to_mask_properly (0.00s)
    --- PASS: TestMaskCPF/very_short_CPF (0.00s)
    --- PASS: TestMaskCPF/empty_CPF (0.00s)
=== RUN   TestMaskCPFFormat
--- PASS: TestMaskCPFFormat (0.00s)
=== RUN   TestStringPtr
=== RUN   TestStringPtr/non-empty_string
=== RUN   TestStringPtr/empty_string
=== RUN   TestStringPtr/string_with_spaces
--- PASS: TestStringPtr (0.00s)
    --- PASS: TestStringPtr/non-empty_string (0.00s)
    --- PASS: TestStringPtr/empty_string (0.00s)
    --- PASS: TestStringPtr/string_with_spaces (0.00s)
=== RUN   TestStringPtrAddressUniqueness
--- PASS: TestStringPtrAddressUniqueness (0.00s)
PASS
coverage: 4.8% of statements
ok  	github.com/prefeitura-rio/app-go-api/internal/workers	2.103s	coverage: 4.8% of statements
	github.com/prefeitura-rio/app-go-api/scripts		coverage: 0.0% of statements
=== RUN   TestAPIEndpoints
    api_test.go:208: TEST_BASE_URL not set, skipping E2E test
--- SKIP: TestAPIEndpoints (0.00s)
=== RUN   TestHealthEndpointStructure
    api_test.go:208: TEST_BASE_URL not set, skipping E2E test
--- SKIP: TestHealthEndpointStructure (0.00s)
=== RUN   TestCORSHeaders
    api_test.go:208: TEST_BASE_URL not set, skipping E2E test
--- SKIP: TestCORSHeaders (0.00s)
=== RUN   TestResponseTime
    api_test.go:208: TEST_BASE_URL not set, skipping E2E test
--- SKIP: TestResponseTime (0.00s)
=== RUN   TestSwaggerDocumentation
    api_test.go:208: TEST_BASE_URL not set, skipping E2E test
--- SKIP: TestSwaggerDocumentation (0.00s)
PASS
coverage: [no statements]
ok  	github.com/prefeitura-rio/app-go-api/tests/e2e	2.367s	coverage: [no statements]
